<html>
<body>
<pre>
<h1>µVision Build Log</h1>
<h2>Tool Versions:</h2>
IDE-Version: µVision V5.16a
Copyright (C) 2015 ARM Ltd and ARM Germany GmbH. All rights reserved.
License Information: Vergil Cola, Student, LIC=KIVNN-Y4Z2M-QIK5M-X9D80-40UQZ-AHNWM
 
Tool Versions:
Toolchain:       MDK-ARM Professional  Version: 5.16a
Middleware:      RL-ARM Real-Time Library Version V4.13
Toolchain Path:  C:\Keil_v5\ARM\ARMCC\Bin
C Compiler:      Armcc.exe V5.06 (build 20)
Assembler:       Armasm.exe V5.06 (build 20)
Linker/Locator:  ArmLink.exe V5.06 (build 20)
Library Manager: ArmAr.exe V5.06 (build 20)
Hex Converter:   FromElf.exe V5.06 (build 20)
CPU DLL:         SARMCM3.DLL V5.16a
Dialog DLL:      DCM.DLL V1.13.2.0
Target DLL:      STLink\ST-LINKIII-KEIL_SWO.dll V2.0.17.0
Dialog DLL:      TCM.DLL V1.14.5.0
 
<h2>Project:</h2>
C:\Users\Vergil\Documents\GitHub\stm32f4\STM32F746ZGTx\MDK-ARM\STM32F746ZGTx.uvprojx
Project File Date:  02/02/2016

<h2>Output:</h2>
*** Using Compiler 'V5.06 (build 20)', folder: 'C:\Keil_v5\ARM\ARMCC\Bin'
Build target 'STM32F746ZGTx Configuration'
compiling syscall.c...
compiling diskio.c...
compiling ff.c...
compiling ff_gen_drv.c...
compiling api_msg.c...
compiling init.c...
compiling sys_arch.c...
../Middlewares/Third_Party/LwIP/system/OS/sys_arch.c(399): warning:  #167-D: argument of type "signed char *" is incompatible with parameter of type "const char *const"
        result = 
TaskCreate( thread, ( signed portCHAR * ) name, stacksize, arg, prio, &CreatedTask );
../Middlewares/Third_Party/LwIP/system/OS/sys_arch.c: 1 warning, 0 errors
compiling tcpip.c...
compiling mem.c...
compiling memp.c...
compiling api_lib.c...
compiling lwip_timers.c...
compiling sockets.c...
compiling pbuf.c...
compiling sys.c...
compiling main.c...
compiling ethernetif.c...
compiling fatfs.c...
compiling stm32f7xx_it.c...
compiling lwip.c...
compiling freertos.c...
compiling user_diskio.c...
compiling timers.c...
compiling shell.c...
compiling heap_4.c...
compiling croutine.c...
compiling event_groups.c...
compiling queue.c...
compiling tasks.c...
compiling list.c...
compiling port.c...
compiling cmsis_os.c...
linking...
Program Size: Code=42508 RO-data=932 RW-data=360 ZI-data=44448  
"STM32F746ZGTx Configuration\STM32F746ZGTx Configuration.axf" - 0 Error(s), 1 Warning(s).

<h2>Software Packages used:</h2>

Package Vendor: ARM
                http://www.keil.com/pack/ARM.CMSIS.4.5.0.pack
                ARM::CMSIS:CORE:4.3.0
                CMSIS (Cortex Microcontroller Software Interface Standard)
   * Component: CORE Version: 4.3.0

<h2>Collection of Component include folders:</h2>
  C:\Users\Vergil\Documents\GitHub\stm32f4\STM32F746ZGTx\MDK-ARM\RTE
  C:\Keil_v5\ARM\PACK\ARM\CMSIS\4.5.0\CMSIS\Include
  C:\Keil_v5\ARM\PACK\Keil\STM32F7xx_DFP\2.4.0\Drivers\CMSIS\Device\ST\STM32F7xx\Include

<h2>Collection of Component Files used:</h2>

   * Component: ARM::CMSIS:CORE:4.3.0
Build Time Elapsed:  00:00:17
</pre>
</body>
</html>
