Component: ARM Compiler 5.06 (build 20) Tool: armlink [4d35a3]

==============================================================================

Section Cross References

    diskio.o(i.disk_initialize) refers to ff_gen_drv.o(.bss) for disk
    diskio.o(i.disk_ioctl) refers to ff_gen_drv.o(.bss) for disk
    diskio.o(i.disk_read) refers to ff_gen_drv.o(.bss) for disk
    diskio.o(i.disk_status) refers to ff_gen_drv.o(.bss) for disk
    diskio.o(i.disk_write) refers to ff_gen_drv.o(.bss) for disk
    syscall.o(i.ff_cre_syncobj) refers to cmsis_os.o(i.osSemaphoreCreate) for osSemaphoreCreate
    syscall.o(i.ff_del_syncobj) refers to cmsis_os.o(i.osSemaphoreDelete) for osSemaphoreDelete
    syscall.o(i.ff_rel_grant) refers to cmsis_os.o(i.osSemaphoreRelease) for osSemaphoreRelease
    syscall.o(i.ff_req_grant) refers to cmsis_os.o(i.osSemaphoreWait) for osSemaphoreWait
    ff.o(i.check_fs) refers to ff.o(i.move_window) for move_window
    ff.o(i.chk_lock) refers to ff.o(.bss) for .bss
    ff.o(i.clear_lock) refers to ff.o(.bss) for .bss
    ff.o(i.create_chain) refers to ff.o(i.get_fat) for get_fat
    ff.o(i.create_chain) refers to ff.o(i.put_fat) for put_fat
    ff.o(i.create_name) refers to ff.o(i.mem_set) for mem_set
    ff.o(i.create_name) refers to ff.o(.constdata) for .constdata
    ff.o(i.dec_lock) refers to ff.o(.bss) for .bss
    ff.o(i.dir_next) refers to ff.o(i.get_fat) for get_fat
    ff.o(i.dir_next) refers to ff.o(i.create_chain) for create_chain
    ff.o(i.dir_next) refers to ff.o(i.sync_window) for sync_window
    ff.o(i.dir_next) refers to ff.o(i.mem_set) for mem_set
    ff.o(i.dir_next) refers to ff.o(i.clust2sect) for clust2sect
    ff.o(i.dir_read) refers to ff.o(i.move_window) for move_window
    ff.o(i.dir_read) refers to ff.o(i.dir_next) for dir_next
    ff.o(i.dir_register) refers to ff.o(i.dir_sdi) for dir_sdi
    ff.o(i.dir_register) refers to ff.o(i.move_window) for move_window
    ff.o(i.dir_register) refers to ff.o(i.dir_next) for dir_next
    ff.o(i.dir_register) refers to ff.o(i.mem_set) for mem_set
    ff.o(i.dir_register) refers to ff.o(i.mem_cpy) for mem_cpy
    ff.o(i.dir_remove) refers to ff.o(i.dir_sdi) for dir_sdi
    ff.o(i.dir_remove) refers to ff.o(i.move_window) for move_window
    ff.o(i.dir_remove) refers to ff.o(i.mem_set) for mem_set
    ff.o(i.dir_sdi) refers to ff.o(i.get_fat) for get_fat
    ff.o(i.dir_sdi) refers to ff.o(i.clust2sect) for clust2sect
    ff.o(i.f_chmod) refers to ff.o(i.find_volume) for find_volume
    ff.o(i.f_chmod) refers to ff.o(i.follow_path) for follow_path
    ff.o(i.f_chmod) refers to ff.o(i.sync_fs) for sync_fs
    ff.o(i.f_chmod) refers to ff.o(i.unlock_fs) for unlock_fs
    ff.o(i.f_close) refers to ff.o(i.f_sync) for f_sync
    ff.o(i.f_close) refers to ff.o(i.validate) for validate
    ff.o(i.f_close) refers to ff.o(i.dec_lock) for dec_lock
    ff.o(i.f_close) refers to ff.o(i.unlock_fs) for unlock_fs
    ff.o(i.f_closedir) refers to ff.o(i.validate) for validate
    ff.o(i.f_closedir) refers to ff.o(i.dec_lock) for dec_lock
    ff.o(i.f_closedir) refers to ff.o(i.unlock_fs) for unlock_fs
    ff.o(i.f_getfree) refers to ff.o(i.find_volume) for find_volume
    ff.o(i.f_getfree) refers to ff.o(i.get_fat) for get_fat
    ff.o(i.f_getfree) refers to ff.o(i.move_window) for move_window
    ff.o(i.f_getfree) refers to ff.o(i.unlock_fs) for unlock_fs
    ff.o(i.f_gets) refers to ff.o(i.f_read) for f_read
    ff.o(i.f_lseek) refers to ff.o(i.validate) for validate
    ff.o(i.f_lseek) refers to ff.o(i.unlock_fs) for unlock_fs
    ff.o(i.f_lseek) refers to ff.o(i.clmt_clust) for clmt_clust
    ff.o(i.f_lseek) refers to ff.o(i.clust2sect) for clust2sect
    ff.o(i.f_lseek) refers to diskio.o(i.disk_write) for disk_write
    ff.o(i.f_lseek) refers to ff.o(i.get_fat) for get_fat
    ff.o(i.f_lseek) refers to diskio.o(i.disk_read) for disk_read
    ff.o(i.f_lseek) refers to ff.o(i.create_chain) for create_chain
    ff.o(i.f_mkdir) refers to fatfs.o(i.get_fattime) for get_fattime
    ff.o(i.f_mkdir) refers to ff.o(i.find_volume) for find_volume
    ff.o(i.f_mkdir) refers to ff.o(i.follow_path) for follow_path
    ff.o(i.f_mkdir) refers to ff.o(i.create_chain) for create_chain
    ff.o(i.f_mkdir) refers to ff.o(i.sync_window) for sync_window
    ff.o(i.f_mkdir) refers to ff.o(i.clust2sect) for clust2sect
    ff.o(i.f_mkdir) refers to ff.o(i.mem_set) for mem_set
    ff.o(i.f_mkdir) refers to ff.o(i.st_clust) for st_clust
    ff.o(i.f_mkdir) refers to ff.o(i.mem_cpy) for mem_cpy
    ff.o(i.f_mkdir) refers to ff.o(i.dir_register) for dir_register
    ff.o(i.f_mkdir) refers to ff.o(i.remove_chain) for remove_chain
    ff.o(i.f_mkdir) refers to ff.o(i.sync_fs) for sync_fs
    ff.o(i.f_mkdir) refers to ff.o(i.unlock_fs) for unlock_fs
    ff.o(i.f_mkfs) refers to ff.o(i.get_ldnumber) for get_ldnumber
    ff.o(i.f_mkfs) refers to diskio.o(i.disk_initialize) for disk_initialize
    ff.o(i.f_mkfs) refers to diskio.o(i.disk_ioctl) for disk_ioctl
[...]
    _main_stk                                0x080001c9   Thumb Code     0  entry2.o(.ARM.Collect$$$$00000001)
    _main_scatterload                        0x080001cd   Thumb Code     0  entry5.o(.ARM.Collect$$$$00000004)
    __main_after_scatterload                 0x080001d1   Thumb Code     0  entry5.o(.ARM.Collect$$$$00000004)
    _main_clock                              0x080001d1   Thumb Code     0  entry7b.o(.ARM.Collect$$$$00000008)
    _main_cpp_init                           0x080001d1   Thumb Code     0  entry8b.o(.ARM.Collect$$$$0000000A)
    _main_init                               0x080001d1   Thumb Code     0  entry9a.o(.ARM.Collect$$$$0000000B)
    __rt_final_cpp                           0x080001d9   Thumb Code     0  entry10a.o(.ARM.Collect$$$$0000000D)
    __rt_final_exit                          0x080001d9   Thumb Code     0  entry11a.o(.ARM.Collect$$$$0000000F)
    SVC_Handler                              0x080001dd   Thumb Code    28  port.o(.emb_text)
    __asm___6_port_c_39a90d8d__prvStartFirstTask 0x080001fd   Thumb Code    28  port.o(.emb_text)
    __asm___6_port_c_39a90d8d__prvEnableVFP  0x0800021d   Thumb Code    16  port.o(.emb_text)
    PendSV_Handler                           0x08000231   Thumb Code    92  port.o(.emb_text)
    vPortGetIPSR                             0x08000291   Thumb Code     6  port.o(.emb_text)
    Reset_Handler                            0x08000299   Thumb Code     8  startup_stm32f746xx.o(.text)
    NMI_Handler                              0x080002a1   Thumb Code     2  startup_stm32f746xx.o(.text)
    HardFault_Handler                        0x080002a3   Thumb Code     2  startup_stm32f746xx.o(.text)
    MemManage_Handler                        0x080002a5   Thumb Code     2  startup_stm32f746xx.o(.text)
    BusFault_Handler                         0x080002a7   Thumb Code     2  startup_stm32f746xx.o(.text)
    UsageFault_Handler                       0x080002a9   Thumb Code     2  startup_stm32f746xx.o(.text)
    DebugMon_Handler                         0x080002ad   Thumb Code     2  startup_stm32f746xx.o(.text)
    ADC_IRQHandler                           0x080002b3   Thumb Code     0  startup_stm32f746xx.o(.text)
    CAN1_RX0_IRQHandler                      0x080002b3   Thumb Code     0  startup_stm32f746xx.o(.text)
    CAN1_RX1_IRQHandler                      0x080002b3   Thumb Code     0  startup_stm32f746xx.o(.text)
    CAN1_SCE_IRQHandler                      0x080002b3   Thumb Code     0  startup_stm32f746xx.o(.text)
    CAN1_TX_IRQHandler                       0x080002b3   Thumb Code     0  startup_stm32f746xx.o(.text)
    CAN2_RX0_IRQHandler                      0x080002b3   Thumb Code     0  startup_stm32f746xx.o(.text)
    CAN2_RX1_IRQHandler                      0x080002b3   Thumb Code     0  startup_stm32f746xx.o(.text)
    CAN2_SCE_IRQHandler                      0x080002b3   Thumb Code     0  startup_stm32f746xx.o(.text)
    CAN2_TX_IRQHandler                       0x080002b3   Thumb Code     0  startup_stm32f746xx.o(.text)
    CEC_IRQHandler                           0x080002b3   Thumb Code     0  startup_stm32f746xx.o(.text)
    DMA1_Stream0_IRQHandler                  0x080002b3   Thumb Code     0  startup_stm32f746xx.o(.text)
    DMA1_Stream1_IRQHandler                  0x080002b3   Thumb Code     0  startup_stm32f746xx.o(.text)
    DMA1_Stream2_IRQHandler                  0x080002b3   Thumb Code     0  startup_stm32f746xx.o(.text)
    DMA1_Stream3_IRQHandler                  0x080002b3   Thumb Code     0  startup_stm32f746xx.o(.text)
    DMA1_Stream4_IRQHandler                  0x080002b3   Thumb Code     0  startup_stm32f746xx.o(.text)
    DMA1_Stream5_IRQHandler                  0x080002b3   Thumb Code     0  startup_stm32f746xx.o(.text)
    DMA1_Stream6_IRQHandler                  0x080002b3   Thumb Code     0  startup_stm32f746xx.o(.text)
    DMA1_Stream7_IRQHandler                  0x080002b3   Thumb Code     0  startup_stm32f746xx.o(.text)
    DMA2D_IRQHandler                         0x080002b3   Thumb Code     0  startup_stm32f746xx.o(.text)
    DMA2_Stream0_IRQHandler                  0x080002b3   Thumb Code     0  startup_stm32f746xx.o(.text)
    DMA2_Stream2_IRQHandler                  0x080002b3   Thumb Code     0  startup_stm32f746xx.o(.text)
    DMA2_Stream3_IRQHandler                  0x080002b3   Thumb Code     0  startup_stm32f746xx.o(.text)
    DMA2_Stream4_IRQHandler                  0x080002b3   Thumb Code     0  startup_stm32f746xx.o(.text)
    DMA2_Stream5_IRQHandler                  0x080002b3   Thumb Code     0  startup_stm32f746xx.o(.text)
    DMA2_Stream6_IRQHandler                  0x080002b3   Thumb Code     0  startup_stm32f746xx.o(.text)
    DMA2_Stream7_IRQHandler                  0x080002b3   Thumb Code     0  startup_stm32f746xx.o(.text)
    ETH_WKUP_IRQHandler                      0x080002b3   Thumb Code     0  startup_stm32f746xx.o(.text)
    EXTI0_IRQHandler                         0x080002b3   Thumb Code     0  startup_stm32f746xx.o(.text)
    EXTI15_10_IRQHandler                     0x080002b3   Thumb Code     0  startup_stm32f746xx.o(.text)
    EXTI1_IRQHandler                         0x080002b3   Thumb Code     0  startup_stm32f746xx.o(.text)
    EXTI2_IRQHandler                         0x080002b3   Thumb Code     0  startup_stm32f746xx.o(.text)
    EXTI3_IRQHandler                         0x080002b3   Thumb Code     0  startup_stm32f746xx.o(.text)
    EXTI4_IRQHandler                         0x080002b3   Thumb Code     0  startup_stm32f746xx.o(.text)
    EXTI9_5_IRQHandler                       0x080002b3   Thumb Code     0  startup_stm32f746xx.o(.text)
    FLASH_IRQHandler                         0x080002b3   Thumb Code     0  startup_stm32f746xx.o(.text)
    FMC_IRQHandler                           0x080002b3   Thumb Code     0  startup_stm32f746xx.o(.text)
    FPU_IRQHandler                           0x080002b3   Thumb Code     0  startup_stm32f746xx.o(.text)
    I2C1_ER_IRQHandler                       0x080002b3   Thumb Code     0  startup_stm32f746xx.o(.text)
    I2C1_EV_IRQHandler                       0x080002b3   Thumb Code     0  startup_stm32f746xx.o(.text)
    I2C2_ER_IRQHandler                       0x080002b3   Thumb Code     0  startup_stm32f746xx.o(.text)
    I2C2_EV_IRQHandler                       0x080002b3   Thumb Code     0  startup_stm32f746xx.o(.text)
    I2C3_ER_IRQHandler                       0x080002b3   Thumb Code     0  startup_stm32f746xx.o(.text)
    I2C3_EV_IRQHandler                       0x080002b3   Thumb Code     0  startup_stm32f746xx.o(.text)
    I2C4_ER_IRQHandler                       0x080002b3   Thumb Code     0  startup_stm32f746xx.o(.text)
    I2C4_EV_IRQHandler                       0x080002b3   Thumb Code     0  startup_stm32f746xx.o(.text)
    LPTIM1_IRQHandler                        0x080002b3   Thumb Code     0  startup_stm32f746xx.o(.text)
    LTDC_ER_IRQHandler                       0x080002b3   Thumb Code     0  startup_stm32f746xx.o(.text)
    LTDC_IRQHandler                          0x080002b3   Thumb Code     0  startup_stm32f746xx.o(.text)
    OTG_FS_IRQHandler                        0x080002b3   Thumb Code     0  startup_stm32f746xx.o(.text)
    OTG_FS_WKUP_IRQHandler                   0x080002b3   Thumb Code     0  startup_stm32f746xx.o(.text)
    OTG_HS_EP1_IN_IRQHandler                 0x080002b3   Thumb Code     0  startup_stm32f746xx.o(.text)
    OTG_HS_EP1_OUT_IRQHandler                0x080002b3   Thumb Code     0  startup_stm32f746xx.o(.text)
    OTG_HS_IRQHandler                        0x080002b3   Thumb Code     0  startup_stm32f746xx.o(.text)
    OTG_HS_WKUP_IRQHandler                   0x080002b3   Thumb Code     0  startup_stm32f746xx.o(.text)
    PVD_IRQHandler                           0x080002b3   Thumb Code     0  startup_stm32f746xx.o(.text)
    QUADSPI_IRQHandler                       0x080002b3   Thumb Code     0  startup_stm32f746xx.o(.text)
    RCC_IRQHandler                           0x080002b3   Thumb Code     0  startup_stm32f746xx.o(.text)
    RNG_IRQHandler                           0x080002b3   Thumb Code     0  startup_stm32f746xx.o(.text)
    RTC_Alarm_IRQHandler                     0x080002b3   Thumb Code     0  startup_stm32f746xx.o(.text)
    RTC_WKUP_IRQHandler                      0x080002b3   Thumb Code     0  startup_stm32f746xx.o(.text)
    SAI1_IRQHandler                          0x080002b3   Thumb Code     0  startup_stm32f746xx.o(.text)
    SAI2_IRQHandler                          0x080002b3   Thumb Code     0  startup_stm32f746xx.o(.text)
    SDMMC1_IRQHandler                        0x080002b3   Thumb Code     0  startup_stm32f746xx.o(.text)
    SPDIF_RX_IRQHandler                      0x080002b3   Thumb Code     0  startup_stm32f746xx.o(.text)
    SPI1_IRQHandler                          0x080002b3   Thumb Code     0  startup_stm32f746xx.o(.text)
    SPI2_IRQHandler                          0x080002b3   Thumb Code     0  startup_stm32f746xx.o(.text)
    SPI3_IRQHandler                          0x080002b3   Thumb Code     0  startup_stm32f746xx.o(.text)
    SPI4_IRQHandler                          0x080002b3   Thumb Code     0  startup_stm32f746xx.o(.text)
    SPI5_IRQHandler                          0x080002b3   Thumb Code     0  startup_stm32f746xx.o(.text)
    SPI6_IRQHandler                          0x080002b3   Thumb Code     0  startup_stm32f746xx.o(.text)
    TAMP_STAMP_IRQHandler                    0x080002b3   Thumb Code     0  startup_stm32f746xx.o(.text)
    TIM1_BRK_TIM9_IRQHandler                 0x080002b3   Thumb Code     0  startup_stm32f746xx.o(.text)
    TIM1_CC_IRQHandler                       0x080002b3   Thumb Code     0  startup_stm32f746xx.o(.text)
    TIM1_TRG_COM_TIM11_IRQHandler            0x080002b3   Thumb Code     0  startup_stm32f746xx.o(.text)
    TIM1_UP_TIM10_IRQHandler                 0x080002b3   Thumb Code     0  startup_stm32f746xx.o(.text)
    TIM2_IRQHandler                          0x080002b3   Thumb Code     0  startup_stm32f746xx.o(.text)
    TIM3_IRQHandler                          0x080002b3   Thumb Code     0  startup_stm32f746xx.o(.text)
    TIM4_IRQHandler                          0x080002b3   Thumb Code     0  startup_stm32f746xx.o(.text)
    TIM5_IRQHandler                          0x080002b3   Thumb Code     0  startup_stm32f746xx.o(.text)
    TIM6_DAC_IRQHandler                      0x080002b3   Thumb Code     0  startup_stm32f746xx.o(.text)
    TIM7_IRQHandler                          0x080002b3   Thumb Code     0  startup_stm32f746xx.o(.text)
    TIM8_BRK_TIM12_IRQHandler                0x080002b3   Thumb Code     0  startup_stm32f746xx.o(.text)
    TIM8_CC_IRQHandler                       0x080002b3   Thumb Code     0  startup_stm32f746xx.o(.text)
    TIM8_TRG_COM_TIM14_IRQHandler            0x080002b3   Thumb Code     0  startup_stm32f746xx.o(.text)
    TIM8_UP_TIM13_IRQHandler                 0x080002b3   Thumb Code     0  startup_stm32f746xx.o(.text)
    UART4_IRQHandler                         0x080002b3   Thumb Code     0  startup_stm32f746xx.o(.text)
    UART5_IRQHandler                         0x080002b3   Thumb Code     0  startup_stm32f746xx.o(.text)
    UART7_IRQHandler                         0x080002b3   Thumb Code     0  startup_stm32f746xx.o(.text)
    UART8_IRQHandler                         0x080002b3   Thumb Code     0  startup_stm32f746xx.o(.text)
    USART1_IRQHandler                        0x080002b3   Thumb Code     0  startup_stm32f746xx.o(.text)
    USART2_IRQHandler                        0x080002b3   Thumb Code     0  startup_stm32f746xx.o(.text)
    USART3_IRQHandler                        0x080002b3   Thumb Code     0  startup_stm32f746xx.o(.text)
    USART6_IRQHandler                        0x080002b3   Thumb Code     0  startup_stm32f746xx.o(.text)
    WWDG_IRQHandler                          0x080002b3   Thumb Code     0  startup_stm32f746xx.o(.text)
    __aeabi_memcpy                           0x080002bd   Thumb Code    36  memcpya.o(.text)
    __aeabi_memcpy4                          0x080002bd   Thumb Code     0  memcpya.o(.text)
    __aeabi_memcpy8                          0x080002bd   Thumb Code     0  memcpya.o(.text)
    __aeabi_memset                           0x080002e1   Thumb Code    14  memseta.o(.text)
    __aeabi_memset4                          0x080002e1   Thumb Code     0  memseta.o(.text)
    __aeabi_memset8                          0x080002e1   Thumb Code     0  memseta.o(.text)
    __aeabi_memclr                           0x080002ef   Thumb Code     4  memseta.o(.text)
    __aeabi_memclr4                          0x080002ef   Thumb Code     0  memseta.o(.text)
    __aeabi_memclr8                          0x080002ef   Thumb Code     0  memseta.o(.text)
    _memset$wrapper                          0x080002f3   Thumb Code    18  memseta.o(.text)
    memcmp                                   0x08000305   Thumb Code    26  memcmp.o(.text)
    __scatterload                            0x08000321   Thumb Code    28  init.o(.text)
    __scatterload_rt2                        0x08000321   Thumb Code     0  init.o(.text)
    __decompress                             0x08000345   Thumb Code     0  __dczerorl2.o(.text)
    __decompress1                            0x08000345   Thumb Code    86  __dczerorl2.o(.text)
    DCMI_IRQHandler                          0x0800039d   Thumb Code     6  stm32f7xx_it.o(i.DCMI_IRQHandler)
    DMA2_Stream1_IRQHandler                  0x080003a9   Thumb Code     6  stm32f7xx_it.o(i.DMA2_Stream1_IRQHandler)
    ETH_IRQHandler                           0x0800040d   Thumb Code     6  stm32f7xx_it.o(i.ETH_IRQHandler)
    FATFS_LinkDriver                         0x0800053d   Thumb Code     6  ff_gen_drv.o(i.FATFS_LinkDriver)
    FATFS_LinkDriverEx                       0x08000545   Thumb Code    60  ff_gen_drv.o(i.FATFS_LinkDriverEx)
    HAL_DCMI_ErrorCallback                   0x08000585   Thumb Code     2  stm32f7xx_hal_dcmi.o(i.HAL_DCMI_ErrorCallback)
    HAL_DCMI_FrameEventCallback              0x08000587   Thumb Code     2  stm32f7xx_hal_dcmi.o(i.HAL_DCMI_FrameEventCallback)
    HAL_DCMI_IRQHandler                      0x08000589   Thumb Code   224  stm32f7xx_hal_dcmi.o(i.HAL_DCMI_IRQHandler)
    HAL_DCMI_Init                            0x08000669   Thumb Code   182  stm32f7xx_hal_dcmi_ex.o(i.HAL_DCMI_Init)
    HAL_DCMI_LineEventCallback               0x08000729   Thumb Code     2  stm32f7xx_hal_dcmi.o(i.HAL_DCMI_LineEventCallback)
    HAL_DCMI_MspInit                         0x0800072d   Thumb Code   196  dcmi.o(i.HAL_DCMI_MspInit)
    HAL_DCMI_VsyncEventCallback              0x08000815   Thumb Code     2  stm32f7xx_hal_dcmi.o(i.HAL_DCMI_VsyncEventCallback)
    HAL_DMA_Abort                            0x08000819   Thumb Code    86  stm32f7xx_hal_dma.o(i.HAL_DMA_Abort)
    HAL_DMA_IRQHandler                       0x08000871   Thumb Code   404  stm32f7xx_hal_dma.o(i.HAL_DMA_IRQHandler)
    HAL_DMA_Init                             0x08000a09   Thumb Code   134  stm32f7xx_hal_dma.o(i.HAL_DMA_Init)
    HAL_Delay                                0x08000a95   Thumb Code    22  stm32f7xx_hal.o(i.HAL_Delay)
    HAL_ETH_DMARxDescListInit                0x08000aab   Thumb Code   116  stm32f7xx_hal_eth.o(i.HAL_ETH_DMARxDescListInit)
    HAL_ETH_DMATxDescListInit                0x08000b21   Thumb Code   132  stm32f7xx_hal_eth.o(i.HAL_ETH_DMATxDescListInit)
    HAL_ETH_ErrorCallback                    0x08000ba5   Thumb Code     2  stm32f7xx_hal_eth.o(i.HAL_ETH_ErrorCallback)
    HAL_ETH_GetReceivedFrame_IT              0x08000ba7   Thumb Code   140  stm32f7xx_hal_eth.o(i.HAL_ETH_GetReceivedFrame_IT)
    HAL_ETH_IRQHandler                       0x08000c33   Thumb Code   118  stm32f7xx_hal_eth.o(i.HAL_ETH_IRQHandler)
    HAL_ETH_Init                             0x08000ca9   Thumb Code   454  stm32f7xx_hal_eth.o(i.HAL_ETH_Init)
    HAL_ETH_MspInit                          0x08000e99   Thumb Code   172  ethernetif.o(i.HAL_ETH_MspInit)
    HAL_ETH_ReadPHYRegister                  0x08000f5d   Thumb Code   134  stm32f7xx_hal_eth.o(i.HAL_ETH_ReadPHYRegister)
    HAL_ETH_RxCpltCallback                   0x08000fe5   Thumb Code     8  ethernetif.o(i.HAL_ETH_RxCpltCallback)
    HAL_ETH_Start                            0x08000ff1   Thumb Code   132  stm32f7xx_hal_eth.o(i.HAL_ETH_Start)
    HAL_ETH_TransmitFrame                    0x08001075   Thumb Code   274  stm32f7xx_hal_eth.o(i.HAL_ETH_TransmitFrame)
    HAL_ETH_TxCpltCallback                   0x08001187   Thumb Code     2  stm32f7xx_hal_eth.o(i.HAL_ETH_TxCpltCallback)
    HAL_ETH_WritePHYRegister                 0x08001189   Thumb Code   122  stm32f7xx_hal_eth.o(i.HAL_ETH_WritePHYRegister)
    HAL_GPIO_Init                            0x08001205   Thumb Code   418  stm32f7xx_hal_gpio.o(i.HAL_GPIO_Init)
    HAL_GPIO_TogglePin                       0x080013dd   Thumb Code     8  stm32f7xx_hal_gpio.o(i.HAL_GPIO_TogglePin)
    HAL_GetTick                              0x080013e5   Thumb Code     6  stm32f7xx_hal.o(i.HAL_GetTick)
    HAL_I2CEx_ConfigAnalogFilter             0x080013f1   Thumb Code   118  stm32f7xx_hal_i2c_ex.o(i.HAL_I2CEx_ConfigAnalogFilter)
    HAL_I2C_Init                             0x08001469   Thumb Code   166  stm32f7xx_hal_i2c.o(i.HAL_I2C_Init)
    HAL_I2C_MspInit                          0x08001515   Thumb Code    58  i2c.o(i.HAL_I2C_MspInit)
    HAL_IncTick                              0x0800155d   Thumb Code    10  stm32f7xx_hal.o(i.HAL_IncTick)
    HAL_Init                                 0x0800156d   Thumb Code    22  stm32f7xx_hal.o(i.HAL_Init)
    HAL_InitTick                             0x08001583   Thumb Code    34  stm32f7xx_hal.o(i.HAL_InitTick)
    HAL_MspInit                              0x080015a5   Thumb Code    22  stm32f7xx_hal_msp.o(i.HAL_MspInit)
    HAL_NVIC_EnableIRQ                       0x080015bb   Thumb Code    22  stm32f7xx_hal_cortex.o(i.HAL_NVIC_EnableIRQ)
    HAL_NVIC_SetPriority                     0x080015d1   Thumb Code    60  stm32f7xx_hal_cortex.o(i.HAL_NVIC_SetPriority)
    HAL_NVIC_SetPriorityGrouping             0x08001611   Thumb Code    28  stm32f7xx_hal_cortex.o(i.HAL_NVIC_SetPriorityGrouping)
    HAL_PWREx_EnableOverDrive                0x08001635   Thumb Code   100  stm32f7xx_hal_pwr_ex.o(i.HAL_PWREx_EnableOverDrive)
    HAL_RCCEx_PeriphCLKConfig                0x080016a1   Thumb Code  1708  stm32f7xx_hal_rcc_ex.o(i.HAL_RCCEx_PeriphCLKConfig)
    HAL_RCC_ClockConfig                      0x08001d51   Thumb Code   450  stm32f7xx_hal_rcc.o(i.HAL_RCC_ClockConfig)
    HAL_RCC_GetHCLKFreq                      0x08001f1d   Thumb Code    38  stm32f7xx_hal_rcc.o(i.HAL_RCC_GetHCLKFreq)
    HAL_RCC_GetPCLK1Freq                     0x08001f51   Thumb Code    36  stm32f7xx_hal_rcc.o(i.HAL_RCC_GetPCLK1Freq)
    HAL_RCC_GetPCLK2Freq                     0x08001f7d   Thumb Code    36  stm32f7xx_hal_rcc.o(i.HAL_RCC_GetPCLK2Freq)
    HAL_RCC_GetSysClockFreq                  0x08001fa9   Thumb Code   120  stm32f7xx_hal_rcc.o(i.HAL_RCC_GetSysClockFreq)
    HAL_RCC_MCOConfig                        0x08002029   Thumb Code   130  stm32f7xx_hal_rcc.o(i.HAL_RCC_MCOConfig)
    HAL_RCC_OscConfig                        0x080020bd   Thumb Code   914  stm32f7xx_hal_rcc.o(i.HAL_RCC_OscConfig)
    HAL_SPI_Init                             0x08002459   Thumb Code   200  stm32f7xx_hal_spi.o(i.HAL_SPI_Init)
    HAL_SPI_MspInit                          0x08002521   Thumb Code   154  spi.o(i.HAL_SPI_MspInit)
    HAL_SYSTICK_CLKSourceConfig              0x080025dd   Thumb Code    24  stm32f7xx_hal_cortex.o(i.HAL_SYSTICK_CLKSourceConfig)
    HAL_SYSTICK_Config                       0x080025f5   Thumb Code    38  stm32f7xx_hal_cortex.o(i.HAL_SYSTICK_Config)
    HAL_TIMEx_ConfigBreakDeadTime            0x0800261b   Thumb Code    98  stm32f7xx_hal_tim_ex.o(i.HAL_TIMEx_ConfigBreakDeadTime)
    HAL_TIMEx_MasterConfigSynchronization    0x0800267d   Thumb Code    78  stm32f7xx_hal_tim_ex.o(i.HAL_TIMEx_MasterConfigSynchronization)
    HAL_TIM_Base_Init                        0x080026d5   Thumb Code    48  stm32f7xx_hal_tim.o(i.HAL_TIM_Base_Init)
    HAL_TIM_Base_MspInit                     0x08002705   Thumb Code    82  tim.o(i.HAL_TIM_Base_MspInit)
    HAL_TIM_ConfigClockSource                0x08002769   Thumb Code   246  stm32f7xx_hal_tim.o(i.HAL_TIM_ConfigClockSource)
    HAL_TIM_PWM_ConfigChannel                0x08002865   Thumb Code   296  stm32f7xx_hal_tim_ex.o(i.HAL_TIM_PWM_ConfigChannel)
    HAL_TIM_PWM_Init                         0x0800298d   Thumb Code    54  stm32f7xx_hal_tim.o(i.HAL_TIM_PWM_Init)
    HAL_TIM_PWM_MspInit                      0x080029c3   Thumb Code     2  stm32f7xx_hal_tim.o(i.HAL_TIM_PWM_MspInit)
    HAL_UART_Init                            0x080029c5   Thumb Code   106  stm32f7xx_hal_uart.o(i.HAL_UART_Init)
    HAL_UART_MspInit                         0x08002a31   Thumb Code    58  usart.o(i.HAL_UART_MspInit)
    MX_DCMI_Init                             0x08002a79   Thumb Code    42  dcmi.o(i.MX_DCMI_Init)
    MX_DMA_Init                              0x08002aad   Thumb Code    40  dma.o(i.MX_DMA_Init)
    MX_FATFS_Init                            0x08002ad9   Thumb Code    18  fatfs.o(i.MX_FATFS_Init)
    MX_FREERTOS_Init                         0x08002af5   Thumb Code    52  freertos.o(i.MX_FREERTOS_Init)
    MX_GPIO_Init                             0x08002b31   Thumb Code   202  gpio.o(i.MX_GPIO_Init)
    MX_I2C2_Init                             0x08002c09   Thumb Code    46  i2c.o(i.MX_I2C2_Init)
    MX_LWIP_Init                             0x08002c45   Thumb Code    80  lwip.o(i.MX_LWIP_Init)
    MX_SPI1_Init                             0x08002ca5   Thumb Code    56  spi.o(i.MX_SPI1_Init)
    MX_SPI4_Init                             0x08002ce5   Thumb Code    56  spi.o(i.MX_SPI4_Init)
    MX_SPI5_Init                             0x08002d25   Thumb Code    56  spi.o(i.MX_SPI5_Init)
    MX_TIM1_Init                             0x08002d65   Thumb Code   150  tim.o(i.MX_TIM1_Init)
    MX_USART3_UART_Init                      0x08002e05   Thumb Code    42  usart.o(i.MX_USART3_UART_Init)
    StartDefaultTask                         0x08002e5b   Thumb Code    16  freertos.o(i.StartDefaultTask)
    SysTick_Handler                          0x08002e6b   Thumb Code     4  stm32f7xx_it.o(i.SysTick_Handler)
    SystemClock_Config                       0x08002e71   Thumb Code   182  main.o(i.SystemClock_Config)
    SystemInit                               0x08002f35   Thumb Code    68  system_stm32f7xx.o(i.SystemInit)
    TIM_Base_SetConfig                       0x08002f89   Thumb Code   150  stm32f7xx_hal_tim.o(i.TIM_Base_SetConfig)
    TIM_ETR_SetConfig                        0x0800304d   Thumb Code    18  stm32f7xx_hal_tim.o(i.TIM_ETR_SetConfig)
    TIM_OC1_SetConfig                        0x08003071   Thumb Code    90  stm32f7xx_hal_tim.o(i.TIM_OC1_SetConfig)
    TIM_OC2_SetConfig                        0x080030d9   Thumb Code    96  stm32f7xx_hal_tim.o(i.TIM_OC2_SetConfig)
    TIM_OC3_SetConfig                        0x08003145   Thumb Code    96  stm32f7xx_hal_tim.o(i.TIM_OC3_SetConfig)
    TIM_OC4_SetConfig                        0x080031b1   Thumb Code    76  stm32f7xx_hal_tim.o(i.TIM_OC4_SetConfig)
    ToggleLedTask                            0x08003301   Thumb Code    26  freertos.o(i.ToggleLedTask)
    UART_AdvFeatureConfig                    0x08003321   Thumb Code   200  stm32f7xx_hal_uart.o(i.UART_AdvFeatureConfig)
    UART_CheckIdleState                      0x080033e9   Thumb Code    78  stm32f7xx_hal_uart.o(i.UART_CheckIdleState)
    UART_SetConfig                           0x08003439   Thumb Code   534  stm32f7xx_hal_uart.o(i.UART_SetConfig)
    UART_WaitOnFlagUntilTimeout              0x08003681   Thumb Code   146  stm32f7xx_hal_uart.o(i.UART_WaitOnFlagUntilTimeout)
    USER_initialize                          0x08003715   Thumb Code    18  user_diskio.o(i.USER_initialize)
    USER_ioctl                               0x0800372d   Thumb Code     4  user_diskio.o(i.USER_ioctl)
    USER_read                                0x08003731   Thumb Code     4  user_diskio.o(i.USER_read)
    USER_status                              0x08003735   Thumb Code    18  user_diskio.o(i.USER_status)
    USER_write                               0x0800374d   Thumb Code     4  user_diskio.o(i.USER_write)
    __scatterload_copy                       0x08003751   Thumb Code    14  handlers.o(i.__scatterload_copy)
    __scatterload_null                       0x0800375f   Thumb Code     2  handlers.o(i.__scatterload_null)
    __scatterload_zeroinit                   0x08003761   Thumb Code    14  handlers.o(i.__scatterload_zeroinit)
    dhcp_arp_reply                           0x0800378d   Thumb Code    30  dhcp.o(i.dhcp_arp_reply)
    dhcp_coarse_tmr                          0x08003895   Thumb Code    90  dhcp.o(i.dhcp_coarse_tmr)
    dhcp_fine_tmr                            0x08003b65   Thumb Code    46  dhcp.o(i.dhcp_fine_tmr)
    dhcp_release                             0x080040f9   Thumb Code   160  dhcp.o(i.dhcp_release)
    dhcp_renew                               0x0800419d   Thumb Code   132  dhcp.o(i.dhcp_renew)
    dhcp_start                               0x08004319   Thumb Code   156  dhcp.o(i.dhcp_start)
    dhcp_stop                                0x080043bd   Thumb Code    50  dhcp.o(i.dhcp_stop)
    etharp_cleanup_netif                     0x08004581   Thumb Code    42  etharp.o(i.etharp_cleanup_netif)
    etharp_output                            0x080046b1   Thumb Code   242  etharp.o(i.etharp_output)
    etharp_query                             0x080047f5   Thumb Code   228  etharp.o(i.etharp_query)
    etharp_request                           0x08004989   Thumb Code    32  etharp.o(i.etharp_request)
    etharp_tmr                               0x080049cd   Thumb Code    68  etharp.o(i.etharp_tmr)
    ethernet_input                           0x08004a91   Thumb Code   138  etharp.o(i.ethernet_input)
    ethernetif_init                          0x08004b21   Thumb Code    30  ethernetif.o(i.ethernetif_init)
    ethernetif_input                         0x08004b49   Thumb Code    44  ethernetif.o(i.ethernetif_input)
    icmp_dest_unreach                        0x08004b79   Thumb Code     8  icmp.o(i.icmp_dest_unreach)
    icmp_input                               0x08004b81   Thumb Code   242  icmp.o(i.icmp_input)
    icmp_time_exceeded                       0x08004ce3   Thumb Code     8  icmp.o(i.icmp_time_exceeded)
    inet_chksum                              0x08004cf7   Thumb Code    12  inet_chksum.o(i.inet_chksum)
    inet_chksum_pbuf                         0x08004d03   Thumb Code    72  inet_chksum.o(i.inet_chksum_pbuf)
    ip4_addr_isbroadcast                     0x08004d4b   Thumb Code    46  ip_addr.o(i.ip4_addr_isbroadcast)
    ip_frag                                  0x08004d79   Thumb Code   362  ip_frag.o(i.ip_frag)
    ip_input                                 0x08004ef1   Thumb Code   362  ip.o(i.ip_input)
    ip_output                                0x08005065   Thumb Code    52  ip.o(i.ip_output)
    ip_output_if                             0x08005099   Thumb Code   166  ip.o(i.ip_output_if)
    ip_reass                                 0x08005145   Thumb Code   394  ip_frag.o(i.ip_reass)
    ip_reass_tmr                             0x080054e1   Thumb Code    40  ip_frag.o(i.ip_reass_tmr)
    ip_route                                 0x0800550d   Thumb Code    54  ip.o(i.ip_route)
    lwip_htonl                               0x08005809   Thumb Code     4  def.o(i.lwip_htonl)
    lwip_htons                               0x0800580d   Thumb Code     4  def.o(i.lwip_htons)
    lwip_init                                0x08005811   Thumb Code    38  init.o(i.lwip_init)
    lwip_ntohl                               0x08005837   Thumb Code     4  def.o(i.lwip_ntohl)
    lwip_ntohs                               0x0800583b   Thumb Code     4  def.o(i.lwip_ntohs)
    lwip_socket_init                         0x0800583f   Thumb Code     2  sockets.o(i.lwip_socket_init)
    main                                     0x0800589d   Thumb Code    54  main.o(i.main)
    mem_free                                 0x080058e1   Thumb Code    62  mem.o(i.mem_free)
    mem_init                                 0x08005925   Thumb Code    50  mem.o(i.mem_init)
    mem_malloc                               0x08005961   Thumb Code   206  mem.o(i.mem_malloc)
    mem_trim                                 0x08005a35   Thumb Code   220  mem.o(i.mem_trim)
    memp_free                                0x08005b15   Thumb Code    18  memp.o(i.memp_free)
    memp_init                                0x08005b2d   Thumb Code    78  memp.o(i.memp_init)
    memp_malloc                              0x08005b85   Thumb Code    28  memp.o(i.memp_malloc)
    netif_add                                0x08005ba5   Thumb Code    72  netif.o(i.netif_add)
    netif_init                               0x08005bf1   Thumb Code     2  netif.o(i.netif_init)
    netif_set_addr                           0x08005bf3   Thumb Code    32  netif.o(i.netif_set_addr)
    netif_set_default                        0x08005c15   Thumb Code     6  netif.o(i.netif_set_default)
    netif_set_down                           0x08005c21   Thumb Code    26  netif.o(i.netif_set_down)
    netif_set_gw                             0x08005c3b   Thumb Code     8  netif.o(i.netif_set_gw)
    netif_set_ipaddr                         0x08005c45   Thumb Code    96  netif.o(i.netif_set_ipaddr)
    netif_set_netmask                        0x08005cad   Thumb Code     8  netif.o(i.netif_set_netmask)
    netif_set_up                             0x08005cb5   Thumb Code    32  netif.o(i.netif_set_up)
    osDelay                                  0x08005cd5   Thumb Code    14  cmsis_os.o(i.osDelay)
    osKernelStart                            0x08005ce3   Thumb Code    10  cmsis_os.o(i.osKernelStart)
    osSemaphoreCreate                        0x08005ced   Thumb Code    46  cmsis_os.o(i.osSemaphoreCreate)
    osSemaphoreRelease                       0x08005d1d   Thumb Code    74  cmsis_os.o(i.osSemaphoreRelease)
    osSemaphoreWait                          0x08005d6d   Thumb Code   102  cmsis_os.o(i.osSemaphoreWait)
    osSystickHandler                         0x08005dd9   Thumb Code    20  cmsis_os.o(i.osSystickHandler)
    osThreadCreate                           0x08005ded   Thumb Code    56  cmsis_os.o(i.osThreadCreate)
    pbuf_alloc                               0x08005e25   Thumb Code   286  pbuf.o(i.pbuf_alloc)
    pbuf_alloced_custom                      0x08005f43   Thumb Code    84  pbuf.o(i.pbuf_alloced_custom)
    pbuf_cat                                 0x08005f97   Thumb Code    40  pbuf.o(i.pbuf_cat)
    pbuf_chain                               0x08005fbf   Thumb Code    18  pbuf.o(i.pbuf_chain)
    pbuf_clen                                0x08005fd1   Thumb Code    18  pbuf.o(i.pbuf_clen)
    pbuf_copy                                0x08005fe3   Thumb Code   154  pbuf.o(i.pbuf_copy)
    pbuf_copy_partial                        0x0800607d   Thumb Code   102  pbuf.o(i.pbuf_copy_partial)
    pbuf_free                                0x080060e3   Thumb Code    82  pbuf.o(i.pbuf_free)
    pbuf_header                              0x08006161   Thumb Code    96  pbuf.o(i.pbuf_header)
    pbuf_realloc                             0x080061ed   Thumb Code    78  pbuf.o(i.pbuf_realloc)
    pbuf_ref                                 0x0800623b   Thumb Code    12  pbuf.o(i.pbuf_ref)
    pvPortMalloc                             0x08006531   Thumb Code   222  heap_4.o(i.pvPortMalloc)
    pvTaskIncrementMutexHeldCount            0x08006615   Thumb Code    18  tasks.o(i.pvTaskIncrementMutexHeldCount)
    pxPortInitialiseStack                    0x0800662d   Thumb Code    36  port.o(i.pxPortInitialiseStack)
    raw_input                                0x08006655   Thumb Code   106  raw.o(i.raw_input)
    sys_arch_mbox_fetch                      0x080066cd   Thumb Code    80  sys_arch.o(i.sys_arch_mbox_fetch)
    sys_arch_sem_wait                        0x0800671d   Thumb Code    66  sys_arch.o(i.sys_arch_sem_wait)
    sys_init                                 0x08006761   Thumb Code     8  sys_arch.o(i.sys_init)
    sys_mbox_new                             0x0800676d   Thumb Code    28  sys_arch.o(i.sys_mbox_new)
    sys_mbox_post                            0x08006789   Thumb Code    26  sys_arch.o(i.sys_mbox_post)
    sys_mbox_trypost                         0x080067a3   Thumb Code    28  sys_arch.o(i.sys_mbox_trypost)
    sys_mbox_valid                           0x080067bf   Thumb Code    10  sys_arch.o(i.sys_mbox_valid)
    sys_mutex_lock                           0x080067c9   Thumb Code     6  sys_arch.o(i.sys_mutex_lock)
    sys_mutex_new                            0x080067cf   Thumb Code    24  sys_arch.o(i.sys_mutex_new)
    sys_mutex_unlock                         0x080067e7   Thumb Code    12  sys_arch.o(i.sys_mutex_unlock)
    sys_thread_new                           0x080067f5   Thumb Code    56  sys_arch.o(i.sys_thread_new)
    sys_timeout                              0x08006831   Thumb Code    88  lwip_timers.o(i.sys_timeout)
    sys_timeouts_init                        0x0800688d   Thumb Code    54  lwip_timers.o(i.sys_timeouts_init)
    sys_timeouts_mbox_fetch                  0x080068d5   Thumb Code    92  lwip_timers.o(i.sys_timeouts_mbox_fetch)
    sys_untimeout                            0x08006935   Thumb Code    68  lwip_timers.o(i.sys_untimeout)
    tcp_abandon                              0x0800697d   Thumb Code   144  tcp.o(i.tcp_abandon)
    tcp_abort                                0x08006a11   Thumb Code     6  tcp.o(i.tcp_abort)
    tcp_alloc                                0x08006a19   Thumb Code   234  tcp.o(i.tcp_alloc)
    tcp_close                                0x08006b11   Thumb Code    20  tcp.o(i.tcp_close)
    tcp_eff_send_mss                         0x08006ceb   Thumb Code    32  tcp.o(i.tcp_eff_send_mss)
    tcp_enqueue_flags                        0x08006d0b   Thumb Code   172  tcp_out.o(i.tcp_enqueue_flags)
    tcp_fasttmr                              0x08006db9   Thumb Code    90  tcp.o(i.tcp_fasttmr)
    tcp_init                                 0x08006e19   Thumb Code     2  tcp.o(i.tcp_init)
    tcp_input                                0x08006e1d   Thumb Code   752  tcp_in.o(i.tcp_input)
    tcp_keepalive                            0x08007129   Thumb Code    60  tcp_out.o(i.tcp_keepalive)
    tcp_next_iss                             0x08007249   Thumb Code    12  tcp.o(i.tcp_next_iss)
    tcp_output                               0x080072d5   Thumb Code   396  tcp_out.o(i.tcp_output)
    tcp_pcb_purge                            0x08007605   Thumb Code    66  tcp.o(i.tcp_pcb_purge)
    tcp_pcb_remove                           0x08007649   Thumb Code    82  tcp.o(i.tcp_pcb_remove)
    tcp_process_refused_data                 0x080079dd   Thumb Code   104  tcp.o(i.tcp_process_refused_data)
    tcp_recv_null                            0x08008159   Thumb Code    36  tcp.o(i.tcp_recv_null)
    tcp_recved                               0x0800817d   Thumb Code    54  tcp.o(i.tcp_recved)
    tcp_rexmit                               0x080081b3   Thumb Code    82  tcp_out.o(i.tcp_rexmit)
    tcp_rexmit_fast                          0x08008205   Thumb Code    88  tcp_out.o(i.tcp_rexmit_fast)
    tcp_rexmit_rto                           0x0800825d   Thumb Code    44  tcp_out.o(i.tcp_rexmit_rto)
    tcp_rst                                  0x08008289   Thumb Code   120  tcp_out.o(i.tcp_rst)
    tcp_seg_copy                             0x08008301   Thumb Code    40  tcp.o(i.tcp_seg_copy)
    tcp_seg_free                             0x08008329   Thumb Code    28  tcp.o(i.tcp_seg_free)
    tcp_segs_free                            0x08008345   Thumb Code    18  tcp.o(i.tcp_segs_free)
    tcp_send_empty_ack                       0x08008357   Thumb Code    72  tcp_out.o(i.tcp_send_empty_ack)
    tcp_send_fin                             0x0800839f   Thumb Code    68  tcp_out.o(i.tcp_send_fin)
    tcp_slowtmr                              0x080083e5   Thumb Code   624  tcp.o(i.tcp_slowtmr)
    tcp_timer_needed                         0x08008665   Thumb Code    36  lwip_timers.o(i.tcp_timer_needed)
    tcp_tmr                                  0x08008705   Thumb Code    28  tcp.o(i.tcp_tmr)
    tcp_update_rcv_ann_wnd                   0x08008725   Thumb Code    54  tcp.o(i.tcp_update_rcv_ann_wnd)
    tcp_zero_window_probe                    0x0800875b   Thumb Code   136  tcp_out.o(i.tcp_zero_window_probe)
    tcpip_callback_with_block                0x080087e5   Thumb Code    88  tcpip.o(i.tcpip_callback_with_block)
    tcpip_init                               0x08008841   Thumb Code    44  tcpip.o(i.tcpip_init)
    tcpip_input                              0x08008885   Thumb Code    70  tcpip.o(i.tcpip_input)
    udp_bind                                 0x08008989   Thumb Code   148  udp.o(i.udp_bind)
    udp_connect                              0x08008a21   Thumb Code    70  udp.o(i.udp_connect)
    udp_init                                 0x08008a6d   Thumb Code     2  udp.o(i.udp_init)
    udp_input                                0x08008a71   Thumb Code   368  udp.o(i.udp_input)
    udp_new                                  0x08008bed   Thumb Code    26  udp.o(i.udp_new)
    udp_recv                                 0x08008c07   Thumb Code     6  udp.o(i.udp_recv)
    udp_remove                               0x08008c0d   Thumb Code    40  udp.o(i.udp_remove)
    udp_sendto_if                            0x08008c39   Thumb Code   182  udp.o(i.udp_sendto_if)
    uxListRemove                             0x08008cef   Thumb Code    36  list.o(i.uxListRemove)
    vApplicationTickHook                     0x08008d13   Thumb Code     4  freertos.o(i.vApplicationTickHook)
    vListInitialise                          0x08008d17   Thumb Code    22  list.o(i.vListInitialise)
    vListInitialiseItem                      0x08008d2d   Thumb Code     6  list.o(i.vListInitialiseItem)
    vListInsert                              0x08008d33   Thumb Code    48  list.o(i.vListInsert)
    vListInsertEnd                           0x08008d63   Thumb Code    24  list.o(i.vListInsertEnd)
    vPortEnterCritical                       0x08008d7d   Thumb Code    62  port.o(i.vPortEnterCritical)
    vPortExitCritical                        0x08008dc5   Thumb Code    38  port.o(i.vPortExitCritical)
    vPortFree                                0x08008df1   Thumb Code    96  heap_4.o(i.vPortFree)
    vPortSetupTimerInterrupt                 0x08008e55   Thumb Code    26  port.o(i.vPortSetupTimerInterrupt)
    vPortValidateInterruptPriority           0x08008e75   Thumb Code    82  port.o(i.vPortValidateInterruptPriority)
    vTaskDelay                               0x08008ed1   Thumb Code    98  tasks.o(i.vTaskDelay)
    vTaskMissedYield                         0x08008f3d   Thumb Code     8  tasks.o(i.vTaskMissedYield)
    vTaskPlaceOnEventList                    0x08008f49   Thumb Code    94  tasks.o(i.vTaskPlaceOnEventList)
    vTaskPriorityInherit                     0x08008fb1   Thumb Code   128  tasks.o(i.vTaskPriorityInherit)
    vTaskSetTimeOutState                     0x08009039   Thumb Code    34  tasks.o(i.vTaskSetTimeOutState)
    vTaskStartScheduler                      0x08009061   Thumb Code    88  tasks.o(i.vTaskStartScheduler)
    vTaskSuspendAll                          0x080090c9   Thumb Code    10  tasks.o(i.vTaskSuspendAll)
    vTaskSwitchContext                       0x080090d9   Thumb Code    86  tasks.o(i.vTaskSwitchContext)
    xPortStartScheduler                      0x08009139   Thumb Code   152  port.o(i.xPortStartScheduler)
    xPortSysTickHandler                      0x080091e1   Thumb Code    42  port.o(i.xPortSysTickHandler)
    xQueueCreateCountingSemaphore            0x08009211   Thumb Code    84  queue.o(i.xQueueCreateCountingSemaphore)
    xQueueCreateMutex                        0x08009265   Thumb Code    94  queue.o(i.xQueueCreateMutex)
    xQueueGenericCreate                      0x080092c3   Thumb Code   108  queue.o(i.xQueueGenericCreate)
    xQueueGenericReceive                     0x08009331   Thumb Code   372  queue.o(i.xQueueGenericReceive)
    xQueueGenericReset                       0x080094a9   Thumb Code   146  queue.o(i.xQueueGenericReset)
    xQueueGenericSend                        0x08009541   Thumb Code   364  queue.o(i.xQueueGenericSend)
    xQueueGiveFromISR                        0x080096b1   Thumb Code   172  queue.o(i.xQueueGiveFromISR)
    xQueueReceiveFromISR                     0x0800975d   Thumb Code   154  queue.o(i.xQueueReceiveFromISR)
    xTaskCheckForTimeOut                     0x080097f9   Thumb Code   110  tasks.o(i.xTaskCheckForTimeOut)
    xTaskGenericCreate                       0x0800986d   Thumb Code   442  tasks.o(i.xTaskGenericCreate)
    xTaskGetSchedulerState                   0x08009a35   Thumb Code    22  tasks.o(i.xTaskGetSchedulerState)
    xTaskGetTickCount                        0x08009a51   Thumb Code     6  tasks.o(i.xTaskGetTickCount)
    xTaskIncrementTick                       0x08009a5d   Thumb Code   208  tasks.o(i.xTaskIncrementTick)
    xTaskPriorityDisinherit                  0x08009b35   Thumb Code   158  tasks.o(i.xTaskPriorityDisinherit)
    xTaskRemoveFromEventList                 0x08009bdd   Thumb Code   112  tasks.o(i.xTaskRemoveFromEventList)
    xTaskResumeAll                           0x08009c55   Thumb Code   186  tasks.o(i.xTaskResumeAll)
    APBAHBPrescTable                         0x08009d24   Data          16  stm32f7xx_hal_rcc.o(.constdata)
    tcp_persist_backoff                      0x08009d34   Data           7  tcp.o(.constdata)
    tcp_state_str                            0x08009d3c   Data          44  tcp.o(.constdata)
    tcp_backoff                              0x08009d68   Data          13  tcp.o(.constdata)
    tcp_pcb_lists                            0x08009d78   Data          16  tcp.o(.constdata)
    ethbroadcast                             0x08009d88   Data           6  etharp.o(.constdata)
    ethzero                                  0x08009d8e   Data           6  etharp.o(.constdata)
    ip_addr_any                              0x08009dcc   Data           4  ip_addr.o(.constdata)
    ip_addr_broadcast                        0x08009dd0   Data           4  ip_addr.o(.constdata)
    Region$$Table$$Base                      0x08009ea4   Number         0  anon$$obj.o(Region$$Table)
    Region$$Table$$Limit                     0x08009ec4   Number         0  anon$$obj.o(Region$$Table)
    tcp_active_pcbs_changed                  0x20000004   Data           1  tcp.o(.data)
    tcp_ticks                                0x20000010   Data           4  tcp.o(.data)
    tcp_bound_pcbs                           0x20000014   Data           4  tcp.o(.data)
    tcp_listen_pcbs                          0x20000018   Data           4  tcp.o(.data)
    tcp_active_pcbs                          0x2000001c   Data           4  tcp.o(.data)
    tcp_tw_pcbs                              0x20000020   Data           4  tcp.o(.data)
    tcp_tmp_pcb                              0x20000024   Data           4  tcp.o(.data)
    current_netif                            0x2000005c   Data           4  ip.o(.data)
    current_header                           0x20000060   Data           4  ip.o(.data)
    current_iphdr_src                        0x20000064   Data           4  ip.o(.data)
    current_iphdr_dest                       0x20000068   Data           4  ip.o(.data)
    netif_list                               0x20000070   Data           4  netif.o(.data)
    netif_default                            0x20000074   Data           4  netif.o(.data)
    tcp_input_pcb                            0x2000009c   Data           4  tcp_in.o(.data)
    pbuf_free_ooseq_pending                  0x200000a0   Data           1  pbuf.o(.data)
    udp_pcbs                                 0x200000a8   Data           4  udp.o(.data)
    s_xSemaphore                             0x200000ac   Data           4  ethernetif.o(.data)
    retUSER                                  0x200000b0   Data           1  fatfs.o(.data)
    USER_Path                                0x200000b1   Data           4  fatfs.o(.data)
    ipaddr                                   0x200000b8   Data           4  lwip.o(.data)
    netmask                                  0x200000bc   Data           4  lwip.o(.data)
    gw                                       0x200000c0   Data           4  lwip.o(.data)
    USER_Driver                              0x200000c8   Data          20  user_diskio.o(.data)
    defaultTaskHandle                        0x200000dc   Data           4  freertos.o(.data)
    toggleTaskHandle                         0x200000e0   Data           4  freertos.o(.data)
    SystemCoreClock                          0x200000e4   Data           4  system_stm32f7xx.o(.data)
    pxCurrentTCB                             0x20000100   Data           4  tasks.o(.data)
    disk                                     0x20000144   Data          12  ff_gen_drv.o(.bss)
    dhcp_rx_options_val                      0x20000150   Data          40  dhcp.o(.bss)
    dhcp_rx_options_given                    0x20000178   Data          10  dhcp.o(.bss)
    ram_heap                                 0x2000024c   Data        1620  mem.o(.bss)
    DMARxDscrTab                             0x20003a1c   Data         128  ethernetif.o(.bss)
    DMATxDscrTab                             0x20003a9c   Data         128  ethernetif.o(.bss)
    Rx_Buff                                  0x20003b1c   Data        6096  ethernetif.o(.bss)
    Tx_Buff                                  0x200052ec   Data        6096  ethernetif.o(.bss)
    heth                                     0x20006abc   Data          72  ethernetif.o(.bss)
    gnetif                                   0x20006b04   Data          52  lwip.o(.bss)
    hi2c2                                    0x20006b38   Data          60  i2c.o(.bss)
    hspi1                                    0x20006b74   Data         100  spi.o(.bss)
    hspi4                                    0x20006bd8   Data         100  spi.o(.bss)
    hspi5                                    0x20006c3c   Data         100  spi.o(.bss)
    hdcmi                                    0x20006ca0   Data          80  dcmi.o(.bss)
    hdma_dcmi                                0x20006cf0   Data          88  dcmi.o(.bss)
    huart3                                   0x20006d48   Data         112  usart.o(.bss)
    htim1                                    0x20006db8   Data          60  tim.o(.bss)
    __initial_sp                             0x2000aee8   Data           0  startup_stm32f746xx.o(STACK)



==============================================================================

Memory Map of the image

  Image Entry point : 0x080001c9

  Load Region LR_IROM1 (Base: 0x08000000, Size: 0x0000a008, Max: 0x00100000, ABSOLUTE, COMPRESSED[0x00009ef4])

    Execution Region ER_IROM1 (Base: 0x08000000, Size: 0x00009ec4, Max: 0x00100000, ABSOLUTE)

    Base Addr    Size         Type   Attr      Idx    E Section Name        Object

    0x08000000   0x000001c8   Data   RO         7753    RESET               startup_stm32f746xx.o
    0x080001c8   0x00000000   Code   RO         8791  * .ARM.Collect$$$$00000000  mc_w.l(entry.o)
    0x080001c8   0x00000004   Code   RO         8804    .ARM.Collect$$$$00000001  mc_w.l(entry2.o)
    0x080001cc   0x00000004   Code   RO         8807    .ARM.Collect$$$$00000004  mc_w.l(entry5.o)
    0x080001d0   0x00000000   Code   RO         8809    .ARM.Collect$$$$00000008  mc_w.l(entry7b.o)
    0x080001d0   0x00000000   Code   RO         8811    .ARM.Collect$$$$0000000A  mc_w.l(entry8b.o)
    0x080001d0   0x00000008   Code   RO         8812    .ARM.Collect$$$$0000000B  mc_w.l(entry9a.o)
    0x080001d8   0x00000000   Code   RO         8814    .ARM.Collect$$$$0000000D  mc_w.l(entry10a.o)
    0x080001d8   0x00000000   Code   RO         8816    .ARM.Collect$$$$0000000F  mc_w.l(entry11a.o)
    0x080001d8   0x00000004   Code   RO         8805    .ARM.Collect$$$$00002712  mc_w.l(entry2.o)
    0x080001dc   0x000000ba   Code   RO         8690    .emb_text           port.o
    0x08000296   0x00000002   PAD
    0x08000298   0x00000024   Code   RO         7754    .text               startup_stm32f746xx.o
    0x080002bc   0x00000024   Code   RO         8794    .text               mc_w.l(memcpya.o)
    0x080002e0   0x00000024   Code   RO         8796    .text               mc_w.l(memseta.o)
    0x08000304   0x0000001a   Code   RO         8800    .text               mc_w.l(memcmp.o)
    0x0800031e   0x00000002   PAD
    0x08000320   0x00000024   Code   RO         8818    .text               mc_w.l(init.o)
    0x08000344   0x00000056   Code   RO         8828    .text               mc_w.l(__dczerorl2.o)
    0x0800039a   0x00000002   PAD
    0x0800039c   0x0000000c   Code   RO         7188    i.DCMI_IRQHandler   stm32f7xx_it.o
    0x080003a8   0x0000000c   Code   RO         7189    i.DMA2_Stream1_IRQHandler  stm32f7xx_it.o
    0x080003b4   0x00000028   Code   RO         1117    i.DMA_CalcBaseAndBitshift  stm32f7xx_hal_dma.o
    0x080003dc   0x0000002e   Code   RO          678    i.ETH_FlushTransmitFIFO  stm32f7xx_hal_eth.o
    0x0800040a   0x00000002   PAD
    0x0800040c   0x0000000c   Code   RO         7190    i.ETH_IRQHandler    stm32f7xx_it.o
    0x08000418   0x00000124   Code   RO          679    i.ETH_MACDMAConfig  stm32f7xx_hal_eth.o
    0x0800053c   0x00000006   Code   RO          628    i.FATFS_LinkDriver  ff_gen_drv.o
    0x08000542   0x00000002   PAD
    0x08000544   0x00000040   Code   RO          629    i.FATFS_LinkDriverEx  ff_gen_drv.o
    0x08000584   0x00000002   Code   RO          835    i.HAL_DCMI_ErrorCallback  stm32f7xx_hal_dcmi.o
    0x08000586   0x00000002   Code   RO          836    i.HAL_DCMI_FrameEventCallback  stm32f7xx_hal_dcmi.o
    0x08000588   0x000000e0   Code   RO          839    i.HAL_DCMI_IRQHandler  stm32f7xx_hal_dcmi.o
    0x08000668   0x000000c0   Code   RO         2871    i.HAL_DCMI_Init     stm32f7xx_hal_dcmi_ex.o
    0x08000728   0x00000002   Code   RO          841    i.HAL_DCMI_LineEventCallback  stm32f7xx_hal_dcmi.o
    0x0800072a   0x00000002   PAD
    0x0800072c   0x000000e8   Code   RO         7571    i.HAL_DCMI_MspInit  dcmi.o
    0x08000814   0x00000002   Code   RO          846    i.HAL_DCMI_VsyncEventCallback  stm32f7xx_hal_dcmi.o
    0x08000816   0x00000002   PAD
    0x08000818   0x00000056   Code   RO         1119    i.HAL_DMA_Abort     stm32f7xx_hal_dma.o
    0x0800086e   0x00000002   PAD
    0x08000870   0x00000198   Code   RO         1123    i.HAL_DMA_IRQHandler  stm32f7xx_hal_dma.o
    0x08000a08   0x0000008c   Code   RO         1124    i.HAL_DMA_Init      stm32f7xx_hal_dma.o
    0x08000a94   0x00000016   Code   RO         1303    i.HAL_Delay         stm32f7xx_hal.o
    0x08000aaa   0x00000074   Code   RO          682    i.HAL_ETH_DMARxDescListInit  stm32f7xx_hal_eth.o
    0x08000b1e   0x00000002   PAD
    0x08000b20   0x00000084   Code   RO          683    i.HAL_ETH_DMATxDescListInit  stm32f7xx_hal_eth.o
    0x08000ba4   0x00000002   Code   RO          685    i.HAL_ETH_ErrorCallback  stm32f7xx_hal_eth.o
    0x08000ba6   0x0000008c   Code   RO          687    i.HAL_ETH_GetReceivedFrame_IT  stm32f7xx_hal_eth.o
    0x08000c32   0x00000076   Code   RO          689    i.HAL_ETH_IRQHandler  stm32f7xx_hal_eth.o
    0x08000ca8   0x000001f0   Code   RO          690    i.HAL_ETH_Init      stm32f7xx_hal_eth.o
    0x08000e98   0x000000c4   Code   RO         7093    i.HAL_ETH_MspInit   ethernetif.o
    0x08000f5c   0x00000086   Code   RO          693    i.HAL_ETH_ReadPHYRegister  stm32f7xx_hal_eth.o
    0x08000fe2   0x00000002   PAD
    0x08000fe4   0x0000000c   Code   RO         7094    i.HAL_ETH_RxCpltCallback  ethernetif.o
    0x08000ff0   0x00000084   Code   RO          695    i.HAL_ETH_Start     stm32f7xx_hal_eth.o
    0x08001074   0x00000112   Code   RO          697    i.HAL_ETH_TransmitFrame  stm32f7xx_hal_eth.o
    0x08001186   0x00000002   Code   RO          698    i.HAL_ETH_TxCpltCallback  stm32f7xx_hal_eth.o
    0x08001188   0x0000007a   Code   RO          699    i.HAL_ETH_WritePHYRegister  stm32f7xx_hal_eth.o
    0x08001202   0x00000002   PAD
    0x08001204   0x000001d8   Code   RO         2808    i.HAL_GPIO_Init     stm32f7xx_hal_gpio.o
    0x080013dc   0x00000008   Code   RO         2811    i.HAL_GPIO_TogglePin  stm32f7xx_hal_gpio.o
    0x080013e4   0x0000000c   Code   RO         1311    i.HAL_GetTick       stm32f7xx_hal.o
    0x080013f0   0x00000076   Code   RO         1771    i.HAL_I2CEx_ConfigAnalogFilter  stm32f7xx_hal_i2c_ex.o
    0x08001466   0x00000002   PAD
    0x08001468   0x000000ac   Code   RO         1460    i.HAL_I2C_Init      stm32f7xx_hal_i2c.o
    0x08001514   0x00000048   Code   RO         7451    i.HAL_I2C_MspInit   i2c.o
    0x0800155c   0x00000010   Code   RO         1312    i.HAL_IncTick       stm32f7xx_hal.o
    0x0800156c   0x00000016   Code   RO         1313    i.HAL_Init          stm32f7xx_hal.o
    0x08001582   0x00000022   Code   RO         1314    i.HAL_InitTick      stm32f7xx_hal.o
    0x080015a4   0x00000016   Code   RO         7068    i.HAL_MspInit       stm32f7xx_hal_msp.o
    0x080015ba   0x00000016   Code   RO          956    i.HAL_NVIC_EnableIRQ  stm32f7xx_hal_cortex.o
    0x080015d0   0x00000040   Code   RO          962    i.HAL_NVIC_SetPriority  stm32f7xx_hal_cortex.o
    0x08001610   0x00000024   Code   RO          963    i.HAL_NVIC_SetPriorityGrouping  stm32f7xx_hal_cortex.o
    0x08001634   0x0000006c   Code   RO         1210    i.HAL_PWREx_EnableOverDrive  stm32f7xx_hal_pwr_ex.o
    0x080016a0   0x000006b0   Code   RO         1908    i.HAL_RCCEx_PeriphCLKConfig  stm32f7xx_hal_rcc_ex.o
    0x08001d50   0x000001cc   Code   RO         1802    i.HAL_RCC_ClockConfig  stm32f7xx_hal_rcc.o
    0x08001f1c   0x00000034   Code   RO         1807    i.HAL_RCC_GetHCLKFreq  stm32f7xx_hal_rcc.o
    0x08001f50   0x0000002c   Code   RO         1809    i.HAL_RCC_GetPCLK1Freq  stm32f7xx_hal_rcc.o
    0x08001f7c   0x0000002c   Code   RO         1810    i.HAL_RCC_GetPCLK2Freq  stm32f7xx_hal_rcc.o
    0x08001fa8   0x00000080   Code   RO         1811    i.HAL_RCC_GetSysClockFreq  stm32f7xx_hal_rcc.o
    0x08002028   0x00000094   Code   RO         1812    i.HAL_RCC_MCOConfig  stm32f7xx_hal_rcc.o
    0x080020bc   0x0000039c   Code   RO         1814    i.HAL_RCC_OscConfig  stm32f7xx_hal_rcc.o
    0x08002458   0x000000c8   Code   RO         2509    i.HAL_SPI_Init      stm32f7xx_hal_spi.o
    0x08002520   0x000000bc   Code   RO         7493    i.HAL_SPI_MspInit   spi.o
    0x080025dc   0x00000018   Code   RO          965    i.HAL_SYSTICK_CLKSourceConfig  stm32f7xx_hal_cortex.o
    0x080025f4   0x00000026   Code   RO          967    i.HAL_SYSTICK_Config  stm32f7xx_hal_cortex.o
    0x0800261a   0x00000062   Code   RO         3531    i.HAL_TIMEx_ConfigBreakDeadTime  stm32f7xx_hal_tim_ex.o
    0x0800267c   0x00000058   Code   RO         3547    i.HAL_TIMEx_MasterConfigSynchronization  stm32f7xx_hal_tim_ex.o
    0x080026d4   0x00000030   Code   RO         2897    i.HAL_TIM_Base_Init  stm32f7xx_hal_tim.o
    0x08002704   0x00000064   Code   RO         7679    i.HAL_TIM_Base_MspInit  tim.o
    0x08002768   0x000000fc   Code   RO         2906    i.HAL_TIM_ConfigClockSource  stm32f7xx_hal_tim.o
    0x08002864   0x00000128   Code   RO         3567    i.HAL_TIM_PWM_ConfigChannel  stm32f7xx_hal_tim_ex.o
    0x0800298c   0x00000036   Code   RO         2966    i.HAL_TIM_PWM_Init  stm32f7xx_hal_tim.o
    0x080029c2   0x00000002   Code   RO         2968    i.HAL_TIM_PWM_MspInit  stm32f7xx_hal_tim.o
    0x080029c4   0x0000006a   Code   RO         1959    i.HAL_UART_Init     stm32f7xx_hal_uart.o
    0x08002a2e   0x00000002   PAD
    0x08002a30   0x00000048   Code   RO         7613    i.HAL_UART_MspInit  usart.o
    0x08002a78   0x00000034   Code   RO         7572    i.MX_DCMI_Init      dcmi.o
    0x08002aac   0x0000002c   Code   RO         7654    i.MX_DMA_Init       dma.o
    0x08002ad8   0x0000001c   Code   RO         7234    i.MX_FATFS_Init     fatfs.o
    0x08002af4   0x0000003c   Code   RO         7386    i.MX_FREERTOS_Init  freertos.o
    0x08002b30   0x000000d8   Code   RO         7546    i.MX_GPIO_Init      gpio.o
    0x08002c08   0x0000003c   Code   RO         7452    i.MX_I2C2_Init      i2c.o
    0x08002c44   0x00000060   Code   RO         7270    i.MX_LWIP_Init      lwip.o
    0x08002ca4   0x00000040   Code   RO         7494    i.MX_SPI1_Init      spi.o
    0x08002ce4   0x00000040   Code   RO         7495    i.MX_SPI4_Init      spi.o
    0x08002d24   0x00000040   Code   RO         7496    i.MX_SPI5_Init      spi.o
    0x08002d64   0x000000a0   Code   RO         7680    i.MX_TIM1_Init      tim.o
    0x08002e04   0x00000034   Code   RO         7614    i.MX_USART3_UART_Init  usart.o
    0x08002e38   0x00000022   Code   RO          969    i.NVIC_SetPriority  stm32f7xx_hal_cortex.o
    0x08002e5a   0x00000010   Code   RO         7387    i.StartDefaultTask  freertos.o
    0x08002e6a   0x00000004   Code   RO         7191    i.SysTick_Handler   stm32f7xx_it.o
    0x08002e6e   0x00000002   PAD
    0x08002e70   0x000000c4   Code   RO         6979    i.SystemClock_Config  main.o
    0x08002f34   0x00000054   Code   RO         7721    i.SystemInit        system_stm32f7xx.o
    0x08002f88   0x000000c4   Code   RO         2981    i.TIM_Base_SetConfig  stm32f7xx_hal_tim.o
    0x0800304c   0x00000012   Code   RO         2988    i.TIM_ETR_SetConfig  stm32f7xx_hal_tim.o
    0x0800305e   0x00000010   Code   RO         2989    i.TIM_ITRx_SetConfig  stm32f7xx_hal_tim.o
    0x0800306e   0x00000002   PAD
    0x08003070   0x00000068   Code   RO         2990    i.TIM_OC1_SetConfig  stm32f7xx_hal_tim.o
    0x080030d8   0x0000006c   Code   RO         2991    i.TIM_OC2_SetConfig  stm32f7xx_hal_tim.o
    0x08003144   0x0000006c   Code   RO         2992    i.TIM_OC3_SetConfig  stm32f7xx_hal_tim.o
    0x080031b0   0x00000058   Code   RO         2993    i.TIM_OC4_SetConfig  stm32f7xx_hal_tim.o
    0x08003208   0x00000058   Code   RO         3570    i.TIM_OC5_SetConfig  stm32f7xx_hal_tim_ex.o
    0x08003260   0x00000058   Code   RO         3571    i.TIM_OC6_SetConfig  stm32f7xx_hal_tim_ex.o
    0x080032b8   0x00000022   Code   RO         2995    i.TIM_TI1_ConfigInputStage  stm32f7xx_hal_tim.o
    0x080032da   0x00000024   Code   RO         2997    i.TIM_TI2_ConfigInputStage  stm32f7xx_hal_tim.o
    0x080032fe   0x00000002   PAD
    0x08003300   0x00000020   Code   RO         7388    i.ToggleLedTask     freertos.o
    0x08003320   0x000000c8   Code   RO         1972    i.UART_AdvFeatureConfig  stm32f7xx_hal_uart.o
    0x080033e8   0x0000004e   Code   RO         1973    i.UART_CheckIdleState  stm32f7xx_hal_uart.o
    0x08003436   0x00000002   PAD
    0x08003438   0x00000248   Code   RO         1980    i.UART_SetConfig    stm32f7xx_hal_uart.o
    0x08003680   0x00000092   Code   RO         1982    i.UART_WaitOnFlagUntilTimeout  stm32f7xx_hal_uart.o
    0x08003712   0x00000002   PAD
    0x08003714   0x00000018   Code   RO         7322    i.USER_initialize   user_diskio.o
    0x0800372c   0x00000004   Code   RO         7323    i.USER_ioctl        user_diskio.o
    0x08003730   0x00000004   Code   RO         7324    i.USER_read         user_diskio.o
    0x08003734   0x00000018   Code   RO         7325    i.USER_status       user_diskio.o
    0x0800374c   0x00000004   Code   RO         7326    i.USER_write        user_diskio.o
    0x08003750   0x0000000e   Code   RO         8822    i.__scatterload_copy  mc_w.l(handlers.o)
    0x0800375e   0x00000002   Code   RO         8823    i.__scatterload_null  mc_w.l(handlers.o)
    0x08003760   0x0000000e   Code   RO         8824    i.__scatterload_zeroinit  mc_w.l(handlers.o)
    0x0800376e   0x00000002   PAD
    0x08003770   0x0000001c   Code   RO         6137    i.arp_timer         lwip_timers.o
    0x0800378c   0x0000001e   Code   RO         4331    i.dhcp_arp_reply    dhcp.o
    0x080037aa   0x000000ba   Code   RO         4332    i.dhcp_bind         dhcp.o
    0x08003864   0x00000030   Code   RO         4333    i.dhcp_check        dhcp.o
    0x08003894   0x00000060   Code   RO         4335    i.dhcp_coarse_tmr   dhcp.o
    0x080038f4   0x00000124   Code   RO         4336    i.dhcp_create_msg   dhcp.o
    0x08003a18   0x00000078   Code   RO         4337    i.dhcp_decline      dhcp.o
    0x08003a90   0x00000016   Code   RO         4338    i.dhcp_delete_msg   dhcp.o
    0x08003aa6   0x00000002   PAD
    0x08003aa8   0x000000bc   Code   RO         4339    i.dhcp_discover     dhcp.o
    0x08003b64   0x00000034   Code   RO         4340    i.dhcp_fine_tmr     dhcp.o
    0x08003b98   0x0000005c   Code   RO         4341    i.dhcp_handle_ack   dhcp.o
    0x08003bf4   0x00000020   Code   RO         4344    i.dhcp_option       dhcp.o
    0x08003c14   0x00000012   Code   RO         4345    i.dhcp_option_byte  dhcp.o
    0x08003c26   0x00000042   Code   RO         4346    i.dhcp_option_long  dhcp.o
    0x08003c68   0x00000022   Code   RO         4347    i.dhcp_option_short  dhcp.o
    0x08003c8a   0x00000030   Code   RO         4348    i.dhcp_option_trailer  dhcp.o
    0x08003cba   0x00000002   PAD
    0x08003cbc   0x00000200   Code   RO         4349    i.dhcp_parse_reply  dhcp.o
    0x08003ebc   0x00000088   Code   RO         4350    i.dhcp_rebind       dhcp.o
    0x08003f44   0x000000a0   Code   RO         4351    i.dhcp_reboot       dhcp.o
    0x08003fe4   0x00000114   Code   RO         4352    i.dhcp_recv         dhcp.o
    0x080040f8   0x000000a4   Code   RO         4353    i.dhcp_release      dhcp.o
    0x0800419c   0x00000084   Code   RO         4354    i.dhcp_renew        dhcp.o
    0x08004220   0x000000e8   Code   RO         4355    i.dhcp_select       dhcp.o
    0x08004308   0x00000010   Code   RO         4356    i.dhcp_set_state    dhcp.o
    0x08004318   0x000000a4   Code   RO         4358    i.dhcp_start        dhcp.o
    0x080043bc   0x00000032   Code   RO         4359    i.dhcp_stop         dhcp.o
    0x080043ee   0x00000088   Code   RO         4360    i.dhcp_timeout      dhcp.o
    0x08004476   0x00000002   PAD
    0x08004478   0x0000001c   Code   RO         6138    i.dhcp_timer_coarse  lwip_timers.o
    0x08004494   0x0000001c   Code   RO         6139    i.dhcp_timer_fine   lwip_timers.o
    0x080044b0   0x000000ce   Code   RO         4608    i.etharp_arp_input  etharp.o
    0x0800457e   0x00000002   PAD
    0x08004580   0x00000030   Code   RO         4609    i.etharp_cleanup_netif  etharp.o
    0x080045b0   0x000000dc   Code   RO         4611    i.etharp_find_entry  etharp.o
    0x0800468c   0x00000024   Code   RO         4612    i.etharp_free_entry  etharp.o
    0x080046b0   0x00000100   Code   RO         4613    i.etharp_output     etharp.o
    0x080047b0   0x00000044   Code   RO         4614    i.etharp_output_to_arp_index  etharp.o
    0x080047f4   0x000000ec   Code   RO         4615    i.etharp_query      etharp.o
    0x080048e0   0x000000a6   Code   RO         4616    i.etharp_raw        etharp.o
    0x08004986   0x00000002   PAD
    0x08004988   0x00000024   Code   RO         4617    i.etharp_request    etharp.o
    0x080049ac   0x00000020   Code   RO         4618    i.etharp_send_ip    etharp.o
    0x080049cc   0x00000048   Code   RO         4619    i.etharp_tmr        etharp.o
    0x08004a14   0x0000007c   Code   RO         4620    i.etharp_update_arp_entry  etharp.o
    0x08004a90   0x00000090   Code   RO         4621    i.ethernet_input    etharp.o
    0x08004b20   0x00000028   Code   RO         7095    i.ethernetif_init   ethernetif.o
    0x08004b48   0x00000030   Code   RO         7096    i.ethernetif_input  ethernetif.o
    0x08004b78   0x00000008   Code   RO         6833    i.icmp_dest_unreach  icmp.o
    0x08004b80   0x000000fc   Code   RO         6834    i.icmp_input        icmp.o
    0x08004c7c   0x00000066   Code   RO         6835    i.icmp_send_response  icmp.o
    0x08004ce2   0x00000008   Code   RO         6836    i.icmp_time_exceeded  icmp.o
    0x08004cea   0x0000000c   Code   RO         8357    i.inHandlerMode     cmsis_os.o
    0x08004cf6   0x0000000c   Code   RO         4806    i.inet_chksum       inet_chksum.o
    0x08004d02   0x00000048   Code   RO         4807    i.inet_chksum_pbuf  inet_chksum.o
    0x08004d4a   0x0000002e   Code   RO         6469    i.ip4_addr_isbroadcast  ip_addr.o
    0x08004d78   0x00000170   Code   RO         4732    i.ip_frag           ip_frag.o
    0x08004ee8   0x00000008   Code   RO         4733    i.ip_frag_free_pbuf_custom_ref  ip_frag.o
    0x08004ef0   0x00000174   Code   RO         5385    i.ip_input          ip.o
    0x08005064   0x00000034   Code   RO         5386    i.ip_output         ip.o
    0x08005098   0x000000ac   Code   RO         5387    i.ip_output_if      ip.o
    0x08005144   0x00000190   Code   RO         4734    i.ip_reass          ip_frag.o
    0x080052d4   0x000000f0   Code   RO         4735    i.ip_reass_chain_frag_into_datagram_and_validate  ip_frag.o
    0x080053c4   0x00000024   Code   RO         4736    i.ip_reass_dequeue_datagram  ip_frag.o
    0x080053e8   0x00000070   Code   RO         4737    i.ip_reass_free_complete_datagram  ip_frag.o
    0x08005458   0x0000006c   Code   RO         4738    i.ip_reass_remove_oldest_datagram  ip_frag.o
    0x080054c4   0x0000001c   Code   RO         6140    i.ip_reass_timer    lwip_timers.o
    0x080054e0   0x0000002c   Code   RO         4739    i.ip_reass_tmr      ip_frag.o
    0x0800550c   0x00000040   Code   RO         5388    i.ip_route          ip.o
    0x0800554c   0x00000016   Code   RO         4740    i.ipfrag_free_pbuf_custom  ip_frag.o
    0x08005562   0x00000002   PAD
    0x08005564   0x0000012c   Code   RO         7098    i.low_level_init    ethernetif.o
    0x08005690   0x000000c8   Code   RO         7099    i.low_level_input   ethernetif.o
    0x08005758   0x000000b0   Code   RO         7100    i.low_level_output  ethernetif.o
    0x08005808   0x00000004   Code   RO         6892    i.lwip_htonl        def.o
    0x0800580c   0x00000004   Code   RO         6893    i.lwip_htons        def.o
    0x08005810   0x00000026   Code   RO         4857    i.lwip_init         init.o
    0x08005836   0x00000004   Code   RO         6894    i.lwip_ntohl        def.o
    0x0800583a   0x00000004   Code   RO         6895    i.lwip_ntohs        def.o
    0x0800583e   0x00000002   Code   RO         5907    i.lwip_socket_init  sockets.o
    0x08005840   0x0000005c   Code   RO         4810    i.lwip_standard_chksum  inet_chksum.o
    0x0800589c   0x00000036   Code   RO         6980    i.main              main.o
    0x080058d2   0x0000000e   Code   RO         8359    i.makeFreeRtosPriority  cmsis_os.o
    0x080058e0   0x00000044   Code   RO         5329    i.mem_free          mem.o
    0x08005924   0x0000003c   Code   RO         5330    i.mem_init          mem.o
    0x08005960   0x000000d4   Code   RO         5331    i.mem_malloc        mem.o
    0x08005a34   0x000000e0   Code   RO         5332    i.mem_trim          mem.o
    0x08005b14   0x00000018   Code   RO         5496    i.memp_free         memp.o
    0x08005b2c   0x00000058   Code   RO         5497    i.memp_init         memp.o
    0x08005b84   0x00000020   Code   RO         5498    i.memp_malloc       memp.o
    0x08005ba4   0x0000004c   Code   RO         5583    i.netif_add         netif.o
    0x08005bf0   0x00000002   Code   RO         5585    i.netif_init        netif.o
    0x08005bf2   0x00000020   Code   RO         5587    i.netif_set_addr    netif.o
    0x08005c12   0x00000002   PAD
    0x08005c14   0x0000000c   Code   RO         5588    i.netif_set_default  netif.o
    0x08005c20   0x0000001a   Code   RO         5589    i.netif_set_down    netif.o
    0x08005c3a   0x00000008   Code   RO         5590    i.netif_set_gw      netif.o
    0x08005c42   0x00000002   PAD
    0x08005c44   0x00000068   Code   RO         5591    i.netif_set_ipaddr  netif.o
    0x08005cac   0x00000008   Code   RO         5594    i.netif_set_netmask  netif.o
    0x08005cb4   0x00000020   Code   RO         5595    i.netif_set_up      netif.o
    0x08005cd4   0x0000000e   Code   RO         8360    i.osDelay           cmsis_os.o
    0x08005ce2   0x0000000a   Code   RO         8363    i.osKernelStart     cmsis_os.o
    0x08005cec   0x0000002e   Code   RO         8386    i.osSemaphoreCreate  cmsis_os.o
    0x08005d1a   0x00000002   PAD
    0x08005d1c   0x00000050   Code   RO         8388    i.osSemaphoreRelease  cmsis_os.o
    0x08005d6c   0x0000006c   Code   RO         8389    i.osSemaphoreWait   cmsis_os.o
    0x08005dd8   0x00000014   Code   RO         8392    i.osSystickHandler  cmsis_os.o
    0x08005dec   0x00000038   Code   RO         8393    i.osThreadCreate    cmsis_os.o
    0x08005e24   0x0000011e   Code   RO         6304    i.pbuf_alloc        pbuf.o
    0x08005f42   0x00000054   Code   RO         6305    i.pbuf_alloced_custom  pbuf.o
    0x08005f96   0x00000028   Code   RO         6306    i.pbuf_cat          pbuf.o
    0x08005fbe   0x00000012   Code   RO         6307    i.pbuf_chain        pbuf.o
    0x08005fd0   0x00000012   Code   RO         6308    i.pbuf_clen         pbuf.o
    0x08005fe2   0x0000009a   Code   RO         6310    i.pbuf_copy         pbuf.o
    0x0800607c   0x00000066   Code   RO         6311    i.pbuf_copy_partial  pbuf.o
    0x080060e2   0x00000052   Code   RO         6313    i.pbuf_free         pbuf.o
    0x08006134   0x0000002c   Code   RO         6314    i.pbuf_free_ooseq_callback  pbuf.o
    0x08006160   0x00000060   Code   RO         6316    i.pbuf_header       pbuf.o
    0x080061c0   0x0000002c   Code   RO         6319    i.pbuf_pool_is_empty  pbuf.o
    0x080061ec   0x0000004e   Code   RO         6320    i.pbuf_realloc      pbuf.o
    0x0800623a   0x0000000c   Code   RO         6321    i.pbuf_ref          pbuf.o
    0x08006246   0x00000002   PAD
    0x08006248   0x00000054   Code   RO         5333    i.plug_holes        mem.o
    0x0800629c   0x00000034   Code   RO         7822    i.prvAddCurrentTaskToDelayedList  tasks.o
    0x080062d0   0x00000054   Code   RO         7823    i.prvCheckTasksWaitingTermination  tasks.o
    0x08006324   0x00000026   Code   RO         8193    i.prvCopyDataFromQueue  queue.o
    0x0800634a   0x0000006e   Code   RO         8194    i.prvCopyDataToQueue  queue.o
    0x080063b8   0x00000050   Code   RO         7758    i.prvHeapInit       heap_4.o
    0x08006408   0x00000028   Code   RO         7824    i.prvIdleTask       tasks.o
    0x08006430   0x0000004c   Code   RO         7759    i.prvInsertBlockIntoFreeList  heap_4.o
    0x0800647c   0x00000020   Code   RO         7826    i.prvResetNextTaskUnblockTime  tasks.o
    0x0800649c   0x00000030   Code   RO         8691    i.prvTaskExitError  port.o
    0x080064cc   0x00000064   Code   RO         8195    i.prvUnlockQueue    queue.o
    0x08006530   0x000000e4   Code   RO         7760    i.pvPortMalloc      heap_4.o
    0x08006614   0x00000018   Code   RO         7828    i.pvTaskIncrementMutexHeldCount  tasks.o
    0x0800662c   0x00000028   Code   RO         8692    i.pxPortInitialiseStack  port.o
    0x08006654   0x00000078   Code   RO         6071    i.raw_input         raw.o
    0x080066cc   0x00000050   Code   RO         4981    i.sys_arch_mbox_fetch  sys_arch.o
    0x0800671c   0x00000042   Code   RO         4984    i.sys_arch_sem_wait  sys_arch.o
    0x0800675e   0x00000002   PAD
    0x08006760   0x0000000c   Code   RO         4987    i.sys_init          sys_arch.o
    0x0800676c   0x0000001c   Code   RO         4989    i.sys_mbox_new      sys_arch.o
    0x08006788   0x0000001a   Code   RO         4990    i.sys_mbox_post     sys_arch.o
    0x080067a2   0x0000001c   Code   RO         4992    i.sys_mbox_trypost  sys_arch.o
    0x080067be   0x0000000a   Code   RO         4993    i.sys_mbox_valid    sys_arch.o
    0x080067c8   0x00000006   Code   RO         4995    i.sys_mutex_lock    sys_arch.o
    0x080067ce   0x00000018   Code   RO         4996    i.sys_mutex_new     sys_arch.o
    0x080067e6   0x0000000c   Code   RO         4997    i.sys_mutex_unlock  sys_arch.o
    0x080067f2   0x00000002   PAD
    0x080067f4   0x0000003c   Code   RO         5003    i.sys_thread_new    sys_arch.o
    0x08006830   0x0000005c   Code   RO         6141    i.sys_timeout       lwip_timers.o
    0x0800688c   0x00000048   Code   RO         6142    i.sys_timeouts_init  lwip_timers.o
    0x080068d4   0x00000060   Code   RO         6143    i.sys_timeouts_mbox_fetch  lwip_timers.o
    0x08006934   0x00000048   Code   RO         6144    i.sys_untimeout     lwip_timers.o
    0x0800697c   0x00000094   Code   RO         4058    i.tcp_abandon       tcp.o
    0x08006a10   0x00000006   Code   RO         4059    i.tcp_abort         tcp.o
    0x08006a16   0x00000002   PAD
    0x08006a18   0x000000f8   Code   RO         4062    i.tcp_alloc         tcp.o
    0x08006b10   0x00000014   Code   RO         4065    i.tcp_close         tcp.o
    0x08006b24   0x00000128   Code   RO         4066    i.tcp_close_shutdown  tcp.o
    0x08006c4c   0x0000009e   Code   RO         6729    i.tcp_create_segment  tcp_out.o
    0x08006cea   0x00000020   Code   RO         4069    i.tcp_eff_send_mss  tcp.o
    0x08006d0a   0x000000ac   Code   RO         6730    i.tcp_enqueue_flags  tcp_out.o
    0x08006db6   0x00000002   PAD
    0x08006db8   0x00000060   Code   RO         4071    i.tcp_fasttmr       tcp.o
    0x08006e18   0x00000002   Code   RO         4072    i.tcp_init          tcp.o
    0x08006e1a   0x00000002   PAD
    0x08006e1c   0x0000030c   Code   RO         6239    i.tcp_input         tcp_in.o
    0x08007128   0x0000003c   Code   RO         6731    i.tcp_keepalive     tcp_out.o
    0x08007164   0x000000e4   Code   RO         6240    i.tcp_listen_input  tcp_in.o
    0x08007248   0x00000010   Code   RO         4076    i.tcp_next_iss      tcp.o
    0x08007258   0x0000007c   Code   RO         6241    i.tcp_oos_insert_segment  tcp_in.o
    0x080072d4   0x00000190   Code   RO         6732    i.tcp_output        tcp_out.o
    0x08007464   0x0000006c   Code   RO         6733    i.tcp_output_alloc_header  tcp_out.o
    0x080074d0   0x000000b4   Code   RO         6734    i.tcp_output_segment  tcp_out.o
    0x08007584   0x00000080   Code   RO         6242    i.tcp_parseopt      tcp_in.o
    0x08007604   0x00000042   Code   RO         4077    i.tcp_pcb_purge     tcp.o
    0x08007646   0x00000002   PAD
    0x08007648   0x00000058   Code   RO         4078    i.tcp_pcb_remove    tcp.o
    0x080076a0   0x0000033c   Code   RO         6243    i.tcp_process       tcp_in.o
    0x080079dc   0x00000068   Code   RO         4080    i.tcp_process_refused_data  tcp.o
    0x08007a44   0x00000714   Code   RO         6244    i.tcp_receive       tcp_in.o
    0x08008158   0x00000024   Code   RO         4082    i.tcp_recv_null     tcp.o
    0x0800817c   0x00000036   Code   RO         4083    i.tcp_recved        tcp.o
    0x080081b2   0x00000052   Code   RO         6736    i.tcp_rexmit        tcp_out.o
    0x08008204   0x00000058   Code   RO         6737    i.tcp_rexmit_fast   tcp_out.o
    0x0800825c   0x0000002c   Code   RO         6738    i.tcp_rexmit_rto    tcp_out.o
    0x08008288   0x00000078   Code   RO         6739    i.tcp_rst           tcp_out.o
    0x08008300   0x00000028   Code   RO         4084    i.tcp_seg_copy      tcp.o
    0x08008328   0x0000001c   Code   RO         4085    i.tcp_seg_free      tcp.o
    0x08008344   0x00000012   Code   RO         4086    i.tcp_segs_free     tcp.o
    0x08008356   0x00000048   Code   RO         6740    i.tcp_send_empty_ack  tcp_out.o
    0x0800839e   0x00000044   Code   RO         6741    i.tcp_send_fin      tcp_out.o
    0x080083e2   0x00000002   PAD
    0x080083e4   0x00000280   Code   RO         4090    i.tcp_slowtmr       tcp.o
    0x08008664   0x00000034   Code   RO         6145    i.tcp_timer_needed  lwip_timers.o
    0x08008698   0x0000006c   Code   RO         6245    i.tcp_timewait_input  tcp_in.o
    0x08008704   0x00000020   Code   RO         4091    i.tcp_tmr           tcp.o
    0x08008724   0x00000036   Code   RO         4092    i.tcp_update_rcv_ann_wnd  tcp.o
    0x0800875a   0x00000088   Code   RO         6743    i.tcp_zero_window_probe  tcp_out.o
    0x080087e2   0x00000002   PAD
    0x080087e4   0x0000005c   Code   RO         5224    i.tcpip_callback_with_block  tcpip.o
    0x08008840   0x00000044   Code   RO         5227    i.tcpip_init        tcpip.o
    0x08008884   0x0000004c   Code   RO         5228    i.tcpip_input       tcpip.o
    0x080088d0   0x00000038   Code   RO         6146    i.tcpip_tcp_timer   lwip_timers.o
    0x08008908   0x00000080   Code   RO         5229    i.tcpip_thread      tcpip.o
    0x08008988   0x00000098   Code   RO         6610    i.udp_bind          udp.o
    0x08008a20   0x0000004c   Code   RO         6611    i.udp_connect       udp.o
    0x08008a6c   0x00000002   Code   RO         6613    i.udp_init          udp.o
    0x08008a6e   0x00000002   PAD
    0x08008a70   0x0000017c   Code   RO         6614    i.udp_input         udp.o
    0x08008bec   0x0000001a   Code   RO         6615    i.udp_new           udp.o
    0x08008c06   0x00000006   Code   RO         6616    i.udp_recv          udp.o
    0x08008c0c   0x0000002c   Code   RO         6617    i.udp_remove        udp.o
    0x08008c38   0x000000b6   Code   RO         6620    i.udp_sendto_if     udp.o
    0x08008cee   0x00000024   Code   RO         8755    i.uxListRemove      list.o
    0x08008d12   0x00000004   Code   RO         7389    i.vApplicationTickHook  freertos.o
    0x08008d16   0x00000016   Code   RO         8756    i.vListInitialise   list.o
    0x08008d2c   0x00000006   Code   RO         8757    i.vListInitialiseItem  list.o
    0x08008d32   0x00000030   Code   RO         8758    i.vListInsert       list.o
    0x08008d62   0x00000018   Code   RO         8759    i.vListInsertEnd    list.o
    0x08008d7a   0x00000002   PAD
    0x08008d7c   0x00000048   Code   RO         8694    i.vPortEnterCritical  port.o
    0x08008dc4   0x0000002c   Code   RO         8695    i.vPortExitCritical  port.o
    0x08008df0   0x00000064   Code   RO         7761    i.vPortFree         heap_4.o
    0x08008e54   0x00000020   Code   RO         8696    i.vPortSetupTimerInterrupt  port.o
    0x08008e74   0x0000005c   Code   RO         8697    i.vPortValidateInterruptPriority  port.o
    0x08008ed0   0x0000006c   Code   RO         7836    i.vTaskDelay        tasks.o
    0x08008f3c   0x0000000c   Code   RO         7839    i.vTaskMissedYield  tasks.o
    0x08008f48   0x00000068   Code   RO         7841    i.vTaskPlaceOnEventList  tasks.o
    0x08008fb0   0x00000088   Code   RO         7843    i.vTaskPriorityInherit  tasks.o
    0x08009038   0x00000028   Code   RO         7847    i.vTaskSetTimeOutState  tasks.o
    0x08009060   0x00000068   Code   RO         7848    i.vTaskStartScheduler  tasks.o
    0x080090c8   0x00000010   Code   RO         7850    i.vTaskSuspendAll   tasks.o
    0x080090d8   0x00000060   Code   RO         7851    i.vTaskSwitchContext  tasks.o
    0x08009138   0x000000a8   Code   RO         8698    i.xPortStartScheduler  port.o
    0x080091e0   0x00000030   Code   RO         8699    i.xPortSysTickHandler  port.o
    0x08009210   0x00000054   Code   RO         8205    i.xQueueCreateCountingSemaphore  queue.o
    0x08009264   0x0000005e   Code   RO         8206    i.xQueueCreateMutex  queue.o
    0x080092c2   0x0000006c   Code   RO         8207    i.xQueueGenericCreate  queue.o
    0x0800932e   0x00000002   PAD
    0x08009330   0x00000178   Code   RO         8208    i.xQueueGenericReceive  queue.o
    0x080094a8   0x00000098   Code   RO         8209    i.xQueueGenericReset  queue.o
    0x08009540   0x00000170   Code   RO         8210    i.xQueueGenericSend  queue.o
    0x080096b0   0x000000ac   Code   RO         8212    i.xQueueGiveFromISR  queue.o
    0x0800975c   0x0000009a   Code   RO         8217    i.xQueueReceiveFromISR  queue.o
    0x080097f6   0x00000002   PAD
    0x080097f8   0x00000074   Code   RO         7852    i.xTaskCheckForTimeOut  tasks.o
    0x0800986c   0x000001c8   Code   RO         7853    i.xTaskGenericCreate  tasks.o
    0x08009a34   0x0000001c   Code   RO         7856    i.xTaskGetSchedulerState  tasks.o
    0x08009a50   0x0000000c   Code   RO         7857    i.xTaskGetTickCount  tasks.o
    0x08009a5c   0x000000d8   Code   RO         7859    i.xTaskIncrementTick  tasks.o
    0x08009b34   0x000000a8   Code   RO         7862    i.xTaskPriorityDisinherit  tasks.o
    0x08009bdc   0x00000078   Code   RO         7863    i.xTaskRemoveFromEventList  tasks.o
    0x08009c54   0x000000c8   Code   RO         7865    i.xTaskResumeAll    tasks.o
    0x08009d1c   0x00000008   Data   RO         1128    .constdata          stm32f7xx_hal_dma.o
    0x08009d24   0x00000010   Data   RO         1815    .constdata          stm32f7xx_hal_rcc.o
    0x08009d34   0x00000054   Data   RO         4093    .constdata          tcp.o
    0x08009d88   0x0000000c   Data   RO         4623    .constdata          etharp.o
    0x08009d94   0x00000038   Data   RO         5500    .constdata          memp.o
    0x08009dcc   0x00000004   Data   RO         6476    .constdata          ip_addr.o
    0x08009dd0   0x00000004   Data   RO         6477    .constdata          ip_addr.o
    0x08009dd4   0x00000014   Data   RO         7104    .constdata          ethernetif.o
    0x08009de8   0x00000028   Data   RO         7390    .constdata          freertos.o
    0x08009e10   0x00000075   Data   RO         4094    .conststring        tcp.o
    0x08009e85   0x00000003   PAD
    0x08009e88   0x00000006   Data   RO         7105    .conststring        ethernetif.o
    0x08009e8e   0x00000002   PAD
    0x08009e90   0x00000014   Data   RO         7391    .conststring        freertos.o
    0x08009ea4   0x00000020   Data   RO         8820    Region$$Table       anon$$obj.o


    Execution Region RW_IRAM1 (Base: 0x20000000, Size: 0x0000aee8, Max: 0x00050000, ABSOLUTE, COMPRESSED[0x00000030])

    Base Addr    Size         Type   Attr      Idx    E Section Name        Object

    0x20000000   0x00000004   Data   RW         1319    .data               stm32f7xx_hal.o
    0x20000004   0x00000024   Data   RW         4095    .data               tcp.o
    0x20000028   0x00000004   Data   RW         4362    .data               dhcp.o
    0x2000002c   0x00000001   Data   RW         4624    .data               etharp.o
    0x2000002d   0x00000003   PAD
    0x20000030   0x00000008   Data   RW         4741    .data               ip_frag.o
    0x20000038   0x00000002   Data   RW         5004    .data               sys_arch.o
    0x2000003a   0x00000002   PAD
    0x2000003c   0x0000000c   Data   RW         5233    .data               tcpip.o
    0x20000048   0x00000010   Data   RW         5335    .data               mem.o
    0x20000058   0x00000014   Data   RW         5389    .data               ip.o
    0x2000006c   0x0000000c   Data   RW         5596    .data               netif.o
    0x20000078   0x00000004   Data   RW         6077    .data               raw.o
    0x2000007c   0x00000008   Data   RW         6147    .data               lwip_timers.o
    0x20000084   0x0000001c   Data   RW         6247    .data               tcp_in.o
    0x200000a0   0x00000001   Data   RW         6324    .data               pbuf.o
    0x200000a1   0x00000003   PAD
    0x200000a4   0x00000008   Data   RW         6621    .data               udp.o
    0x200000ac   0x00000004   Data   RW         7106    .data               ethernetif.o
    0x200000b0   0x00000005   Data   RW         7236    .data               fatfs.o
    0x200000b5   0x00000003   PAD
    0x200000b8   0x0000000c   Data   RW         7273    .data               lwip.o
    0x200000c4   0x00000001   Data   RW         7327    .data               user_diskio.o
    0x200000c5   0x00000003   PAD
    0x200000c8   0x00000014   Data   RW         7328    .data               user_diskio.o
    0x200000dc   0x00000008   Data   RW         7392    .data               freertos.o
    0x200000e4   0x00000004   Data   RW         7723    .data               system_stm32f7xx.o
    0x200000e8   0x00000018   Data   RW         7766    .data               heap_4.o
    0x20000100   0x00000038   Data   RW         7868    .data               tasks.o
    0x20000138   0x0000000c   Data   RW         8700    .data               port.o
    0x20000144   0x0000000c   Zero   RW          632    .bss                ff_gen_drv.o
    0x20000150   0x00000032   Zero   RW         4361    .bss                dhcp.o
    0x20000182   0x00000002   PAD
    0x20000184   0x000000c8   Zero   RW         4622    .bss                etharp.o
    0x2000024c   0x00000654   Zero   RW         5334    .bss                mem.o
    0x200008a0   0x0000316b   Zero   RW         5499    .bss                memp.o
    0x20003a0b   0x00000001   PAD
    0x20003a0c   0x00000010   Zero   RW         6246    .bss                tcp_in.o
    0x20003a1c   0x000030e8   Zero   RW         7103    .bss                ethernetif.o
    0x20006b04   0x00000034   Zero   RW         7272    .bss                lwip.o
    0x20006b38   0x0000003c   Zero   RW         7453    .bss                i2c.o
    0x20006b74   0x0000012c   Zero   RW         7497    .bss                spi.o
    0x20006ca0   0x000000a8   Zero   RW         7573    .bss                dcmi.o
    0x20006d48   0x00000070   Zero   RW         7615    .bss                usart.o
    0x20006db8   0x0000003c   Zero   RW         7681    .bss                tim.o
    0x20006df4   0x00003c00   Zero   RW         7765    .bss                heap_4.o
    0x2000a9f4   0x000000f0   Zero   RW         7867    .bss                tasks.o
    0x2000aae4   0x00000004   PAD
    0x2000aae8   0x00000400   Zero   RW         7751    STACK               startup_stm32f746xx.o


==============================================================================

Image component sizes


      Code (inc. data)   RO Data    RW Data    ZI Data      Debug   Object Name

         0          0          0          0          0      16919   api_msg.o
       360         12          0          0          0      17779   cmsis_os.o
       284         46          0          0        168       1740   dcmi.o
        16          0          0          0          0       2628   def.o
      3302         74          0          4         50      28362   dhcp.o
         0          0          0          0          0     546816   diskio.o
        44          4          0          0          0        758   dma.o
      1644         62         12          1        200      14812   etharp.o
       972         76         26          4      12520      10726   ethernetif.o
        28         10          0          5          0        972   fatfs.o
        70          4          0          0         12       1683   ff_gen_drv.o
       112         14         60          8          0       2738   freertos.o
       216         14          0          0          0       1071   gpio.o
       484         24          0         24      15360       7307   heap_4.o
       132         28          0          0         60       1565   i2c.o
       370         10          0          0          0       3722   icmp.o
       176          0          0          0          0       6749   inet_chksum.o
        38          0          0          0          0      10269   init.o
       660         26          0         20          0       7761   ip.o
        46          0          8          0          0       7326   ip_addr.o
      1338         36          0          8          0      10580   ip_frag.o
       136          0          0          0          0       3554   list.o
        96         16          0         12         52        814   lwip.o
       552         86          0          8          0       7523   lwip_timers.o
       250         14          0          0          0       1772   main.o
       648         32          0         16       1620       5373   mem.o
       144         20         56          0      12651       3434   memp.o
       300         18          0         12          0       8427   netif.o
      1058         20          0          1          0      11917   pbuf.o
       730         80          0         12          0       9233   port.o
      1756         14          0          0          0      14721   queue.o
       120         14          0          4          0       1752   raw.o
         2          0          0          0          0        515   sockets.o
       380         58          0          0        300       2827   spi.o
        36          8        456          0       1024        924   startup_stm32f746xx.o
       106         12          0          4          0       3746   stm32f7xx_hal.o
       218         12          0          0          0      36137   stm32f7xx_hal_cortex.o
       232          0          0          0          0       3432   stm32f7xx_hal_dcmi.o
       192         10          0          0          0       1136   stm32f7xx_hal_dcmi_ex.o
       674         16          8          0          0       3764   stm32f7xx_hal_dma.o
      2006         66          0          0          0      12660   stm32f7xx_hal_eth.o
       480         54          0          0          0       2525   stm32f7xx_hal_gpio.o
       172          6          0          0          0       1755   stm32f7xx_hal_i2c.o
       118          0          0          0          0       1179   stm32f7xx_hal_i2c_ex.o
        22          0          0          0          0        506   stm32f7xx_hal_msp.o
       108          8          0          0          0       1272   stm32f7xx_hal_pwr_ex.o
      1800         76         16          0          0       6931   stm32f7xx_hal_rcc.o
      1712         16          0          0          0       2440   stm32f7xx_hal_rcc_ex.o
       200          0          0          0          0       1279   stm32f7xx_hal_spi.o
      1064        102          0          0          0      10696   stm32f7xx_hal_tim.o
       658         38          0          0          0       4692   stm32f7xx_hal_tim_ex.o
      1114         70          0          0          0       5085   stm32f7xx_hal_uart.o
        40         18          0          0          0       1831   stm32f7xx_it.o
       352          8          0          2          0       8389   sys_arch.o
         0          0          0          0          0       1464   syscall.o
        84         16          0          4          0       1413   system_stm32f7xx.o
      2164        176          0         56        240      29464   tasks.o
      2024         68        201         36          0      25612   tcp.o
      4008        136          0         28         16      18267   tcp_in.o
      1688          8          0          0          0      11915   tcp_out.o
       364         46          0         12          0       9107   tcpip.o
       260         28          0          0         60       1822   tim.o
       868         26          0          8          0      16681   udp.o
       124         24          0          0        112       1618   usart.o
        60         12          0         21          0       3144   user_diskio.o

    ----------------------------------------------------------------------
     39488       1872        880        324      44452    1005031   Object Totals
         0          0         32          0          0          0   (incl. Generated)
        76          0          5         14          7          0   (incl. Padding)

    ----------------------------------------------------------------------

      Code (inc. data)   RO Data    RW Data    ZI Data      Debug   Library Member Name

        86          0          0          0          0          0   __dczerorl2.o
         0          0          0          0          0          0   entry.o
         0          0          0          0          0          0   entry10a.o
         0          0          0          0          0          0   entry11a.o
         8          4          0          0          0          0   entry2.o
         4          0          0          0          0          0   entry5.o
         0          0          0          0          0          0   entry7b.o
         0          0          0          0          0          0   entry8b.o
         8          4          0          0          0          0   entry9a.o
        30          0          0          0          0          0   handlers.o
        36          8          0          0          0         68   init.o
        26          0          0          0          0         80   memcmp.o
        36          0          0          0          0         68   memcpya.o
        36          0          0          0          0        108   memseta.o

    ----------------------------------------------------------------------
       276         16          0          0          0        324   Library Totals
         6          0          0          0          0          0   (incl. Padding)

    ----------------------------------------------------------------------

      Code (inc. data)   RO Data    RW Data    ZI Data      Debug   Library Name

       270         16          0          0          0        324   mc_w.l

    ----------------------------------------------------------------------
       276         16          0          0          0        324   Library Totals

    ----------------------------------------------------------------------

==============================================================================


      Code (inc. data)   RO Data    RW Data    ZI Data      Debug   

     39764       1888        880        324      44452     972035   Grand Totals
     39764       1888        880         48      44452     972035   ELF Image Totals (compressed)
     39764       1888        880         48          0          0   ROM Totals

==============================================================================

    Total RO  Size (Code + RO Data)                40644 (  39.69kB)
    Total RW  Size (RW Data + ZI Data)             44776 (  43.73kB)
    Total ROM Size (Code + RO Data + RW Data)      40692 (  39.74kB)

==============================================================================

