Component: ARM Compiler 5.06 (build 20) Tool: armlink [4d35a3]

==============================================================================

Section Cross References

    diskio.o(i.disk_initialize) refers to ff_gen_drv.o(.bss) for disk
    diskio.o(i.disk_ioctl) refers to ff_gen_drv.o(.bss) for disk
    diskio.o(i.disk_read) refers to ff_gen_drv.o(.bss) for disk
    diskio.o(i.disk_status) refers to ff_gen_drv.o(.bss) for disk
    diskio.o(i.disk_write) refers to ff_gen_drv.o(.bss) for disk
    syscall.o(i.ff_cre_syncobj) refers to cmsis_os.o(i.osSemaphoreCreate) for osSemaphoreCreate
    syscall.o(i.ff_del_syncobj) refers to cmsis_os.o(i.osSemaphoreDelete) for osSemaphoreDelete
    syscall.o(i.ff_rel_grant) refers to cmsis_os.o(i.osSemaphoreRelease) for osSemaphoreRelease
    syscall.o(i.ff_req_grant) refers to cmsis_os.o(i.osSemaphoreWait) for osSemaphoreWait
    ff.o(i.check_fs) refers to ff.o(i.move_window) for move_window
    ff.o(i.chk_lock) refers to ff.o(.bss) for .bss
    ff.o(i.clear_lock) refers to ff.o(.bss) for .bss
    ff.o(i.create_chain) refers to ff.o(i.get_fat) for get_fat
    ff.o(i.create_chain) refers to ff.o(i.put_fat) for put_fat
    ff.o(i.create_name) refers to ff.o(i.mem_set) for mem_set
    ff.o(i.create_name) refers to ff.o(.constdata) for .constdata
    ff.o(i.dec_lock) refers to ff.o(.bss) for .bss
    ff.o(i.dir_next) refers to ff.o(i.get_fat) for get_fat
    ff.o(i.dir_next) refers to ff.o(i.create_chain) for create_chain
    ff.o(i.dir_next) refers to ff.o(i.sync_window) for sync_window
    ff.o(i.dir_next) refers to ff.o(i.mem_set) for mem_set
    ff.o(i.dir_next) refers to ff.o(i.clust2sect) for clust2sect
    ff.o(i.dir_read) refers to ff.o(i.move_window) for move_window
    ff.o(i.dir_read) refers to ff.o(i.dir_next) for dir_next
    ff.o(i.dir_register) refers to ff.o(i.dir_sdi) for dir_sdi
    ff.o(i.dir_register) refers to ff.o(i.move_window) for move_window
    ff.o(i.dir_register) refers to ff.o(i.dir_next) for dir_next
    ff.o(i.dir_register) refers to ff.o(i.mem_set) for mem_set
    ff.o(i.dir_register) refers to ff.o(i.mem_cpy) for mem_cpy
    ff.o(i.dir_remove) refers to ff.o(i.dir_sdi) for dir_sdi
    ff.o(i.dir_remove) refers to ff.o(i.move_window) for move_window
    ff.o(i.dir_remove) refers to ff.o(i.mem_set) for mem_set
    ff.o(i.dir_sdi) refers to ff.o(i.get_fat) for get_fat
    ff.o(i.dir_sdi) refers to ff.o(i.clust2sect) for clust2sect
    ff.o(i.f_chmod) refers to ff.o(i.find_volume) for find_volume
    ff.o(i.f_chmod) refers to ff.o(i.follow_path) for follow_path
    ff.o(i.f_chmod) refers to ff.o(i.sync_fs) for sync_fs
    ff.o(i.f_chmod) refers to ff.o(i.unlock_fs) for unlock_fs
    ff.o(i.f_close) refers to ff.o(i.f_sync) for f_sync
    ff.o(i.f_close) refers to ff.o(i.validate) for validate
    ff.o(i.f_close) refers to ff.o(i.dec_lock) for dec_lock
    ff.o(i.f_close) refers to ff.o(i.unlock_fs) for unlock_fs
    ff.o(i.f_closedir) refers to ff.o(i.validate) for validate
    ff.o(i.f_closedir) refers to ff.o(i.dec_lock) for dec_lock
    ff.o(i.f_closedir) refers to ff.o(i.unlock_fs) for unlock_fs
    ff.o(i.f_getfree) refers to ff.o(i.find_volume) for find_volume
    ff.o(i.f_getfree) refers to ff.o(i.get_fat) for get_fat
    ff.o(i.f_getfree) refers to ff.o(i.move_window) for move_window
    ff.o(i.f_getfree) refers to ff.o(i.unlock_fs) for unlock_fs
    ff.o(i.f_gets) refers to ff.o(i.f_read) for f_read
    ff.o(i.f_lseek) refers to ff.o(i.validate) for validate
    ff.o(i.f_lseek) refers to ff.o(i.unlock_fs) for unlock_fs
    ff.o(i.f_lseek) refers to ff.o(i.clmt_clust) for clmt_clust
    ff.o(i.f_lseek) refers to ff.o(i.clust2sect) for clust2sect
    ff.o(i.f_lseek) refers to diskio.o(i.disk_write) for disk_write
    ff.o(i.f_lseek) refers to ff.o(i.get_fat) for get_fat
    ff.o(i.f_lseek) refers to diskio.o(i.disk_read) for disk_read
    ff.o(i.f_lseek) refers to ff.o(i.create_chain) for create_chain
    ff.o(i.f_mkdir) refers to fatfs.o(i.get_fattime) for get_fattime
    ff.o(i.f_mkdir) refers to ff.o(i.find_volume) for find_volume
    ff.o(i.f_mkdir) refers to ff.o(i.follow_path) for follow_path
    ff.o(i.f_mkdir) refers to ff.o(i.create_chain) for create_chain
    ff.o(i.f_mkdir) refers to ff.o(i.sync_window) for sync_window
    ff.o(i.f_mkdir) refers to ff.o(i.clust2sect) for clust2sect
    ff.o(i.f_mkdir) refers to ff.o(i.mem_set) for mem_set
    ff.o(i.f_mkdir) refers to ff.o(i.st_clust) for st_clust
    ff.o(i.f_mkdir) refers to ff.o(i.mem_cpy) for mem_cpy
    ff.o(i.f_mkdir) refers to ff.o(i.dir_register) for dir_register
    ff.o(i.f_mkdir) refers to ff.o(i.remove_chain) for remove_chain
    ff.o(i.f_mkdir) refers to ff.o(i.sync_fs) for sync_fs
    ff.o(i.f_mkdir) refers to ff.o(i.unlock_fs) for unlock_fs
    ff.o(i.f_mkfs) refers to ff.o(i.get_ldnumber) for get_ldnumber
    ff.o(i.f_mkfs) refers to diskio.o(i.disk_initialize) for disk_initialize
    ff.o(i.f_mkfs) refers to diskio.o(i.disk_ioctl) for disk_ioctl
[...]
    I2C4_ER_IRQHandler                       0x080002b3   Thumb Code     0  startup_stm32f746xx.o(.text)
    I2C4_EV_IRQHandler                       0x080002b3   Thumb Code     0  startup_stm32f746xx.o(.text)
    LPTIM1_IRQHandler                        0x080002b3   Thumb Code     0  startup_stm32f746xx.o(.text)
    LTDC_ER_IRQHandler                       0x080002b3   Thumb Code     0  startup_stm32f746xx.o(.text)
    LTDC_IRQHandler                          0x080002b3   Thumb Code     0  startup_stm32f746xx.o(.text)
    OTG_FS_IRQHandler                        0x080002b3   Thumb Code     0  startup_stm32f746xx.o(.text)
    OTG_FS_WKUP_IRQHandler                   0x080002b3   Thumb Code     0  startup_stm32f746xx.o(.text)
    OTG_HS_EP1_IN_IRQHandler                 0x080002b3   Thumb Code     0  startup_stm32f746xx.o(.text)
    OTG_HS_EP1_OUT_IRQHandler                0x080002b3   Thumb Code     0  startup_stm32f746xx.o(.text)
    OTG_HS_IRQHandler                        0x080002b3   Thumb Code     0  startup_stm32f746xx.o(.text)
    OTG_HS_WKUP_IRQHandler                   0x080002b3   Thumb Code     0  startup_stm32f746xx.o(.text)
    PVD_IRQHandler                           0x080002b3   Thumb Code     0  startup_stm32f746xx.o(.text)
    QUADSPI_IRQHandler                       0x080002b3   Thumb Code     0  startup_stm32f746xx.o(.text)
    RCC_IRQHandler                           0x080002b3   Thumb Code     0  startup_stm32f746xx.o(.text)
    RNG_IRQHandler                           0x080002b3   Thumb Code     0  startup_stm32f746xx.o(.text)
    RTC_Alarm_IRQHandler                     0x080002b3   Thumb Code     0  startup_stm32f746xx.o(.text)
    RTC_WKUP_IRQHandler                      0x080002b3   Thumb Code     0  startup_stm32f746xx.o(.text)
    SAI1_IRQHandler                          0x080002b3   Thumb Code     0  startup_stm32f746xx.o(.text)
    SAI2_IRQHandler                          0x080002b3   Thumb Code     0  startup_stm32f746xx.o(.text)
    SDMMC1_IRQHandler                        0x080002b3   Thumb Code     0  startup_stm32f746xx.o(.text)
    SPDIF_RX_IRQHandler                      0x080002b3   Thumb Code     0  startup_stm32f746xx.o(.text)
    SPI1_IRQHandler                          0x080002b3   Thumb Code     0  startup_stm32f746xx.o(.text)
    SPI2_IRQHandler                          0x080002b3   Thumb Code     0  startup_stm32f746xx.o(.text)
    SPI3_IRQHandler                          0x080002b3   Thumb Code     0  startup_stm32f746xx.o(.text)
    SPI4_IRQHandler                          0x080002b3   Thumb Code     0  startup_stm32f746xx.o(.text)
    SPI5_IRQHandler                          0x080002b3   Thumb Code     0  startup_stm32f746xx.o(.text)
    SPI6_IRQHandler                          0x080002b3   Thumb Code     0  startup_stm32f746xx.o(.text)
    TAMP_STAMP_IRQHandler                    0x080002b3   Thumb Code     0  startup_stm32f746xx.o(.text)
    TIM1_BRK_TIM9_IRQHandler                 0x080002b3   Thumb Code     0  startup_stm32f746xx.o(.text)
    TIM1_CC_IRQHandler                       0x080002b3   Thumb Code     0  startup_stm32f746xx.o(.text)
    TIM1_TRG_COM_TIM11_IRQHandler            0x080002b3   Thumb Code     0  startup_stm32f746xx.o(.text)
    TIM1_UP_TIM10_IRQHandler                 0x080002b3   Thumb Code     0  startup_stm32f746xx.o(.text)
    TIM2_IRQHandler                          0x080002b3   Thumb Code     0  startup_stm32f746xx.o(.text)
    TIM3_IRQHandler                          0x080002b3   Thumb Code     0  startup_stm32f746xx.o(.text)
    TIM4_IRQHandler                          0x080002b3   Thumb Code     0  startup_stm32f746xx.o(.text)
    TIM5_IRQHandler                          0x080002b3   Thumb Code     0  startup_stm32f746xx.o(.text)
    TIM6_DAC_IRQHandler                      0x080002b3   Thumb Code     0  startup_stm32f746xx.o(.text)
    TIM7_IRQHandler                          0x080002b3   Thumb Code     0  startup_stm32f746xx.o(.text)
    TIM8_BRK_TIM12_IRQHandler                0x080002b3   Thumb Code     0  startup_stm32f746xx.o(.text)
    TIM8_CC_IRQHandler                       0x080002b3   Thumb Code     0  startup_stm32f746xx.o(.text)
    TIM8_TRG_COM_TIM14_IRQHandler            0x080002b3   Thumb Code     0  startup_stm32f746xx.o(.text)
    TIM8_UP_TIM13_IRQHandler                 0x080002b3   Thumb Code     0  startup_stm32f746xx.o(.text)
    UART4_IRQHandler                         0x080002b3   Thumb Code     0  startup_stm32f746xx.o(.text)
    UART5_IRQHandler                         0x080002b3   Thumb Code     0  startup_stm32f746xx.o(.text)
    UART7_IRQHandler                         0x080002b3   Thumb Code     0  startup_stm32f746xx.o(.text)
    UART8_IRQHandler                         0x080002b3   Thumb Code     0  startup_stm32f746xx.o(.text)
    USART1_IRQHandler                        0x080002b3   Thumb Code     0  startup_stm32f746xx.o(.text)
    USART2_IRQHandler                        0x080002b3   Thumb Code     0  startup_stm32f746xx.o(.text)
    USART3_IRQHandler                        0x080002b3   Thumb Code     0  startup_stm32f746xx.o(.text)
    USART6_IRQHandler                        0x080002b3   Thumb Code     0  startup_stm32f746xx.o(.text)
    WWDG_IRQHandler                          0x080002b3   Thumb Code     0  startup_stm32f746xx.o(.text)
    __aeabi_memcpy                           0x080002bd   Thumb Code    36  memcpya.o(.text)
    __aeabi_memcpy4                          0x080002bd   Thumb Code     0  memcpya.o(.text)
    __aeabi_memcpy8                          0x080002bd   Thumb Code     0  memcpya.o(.text)
    __aeabi_memset                           0x080002e1   Thumb Code    14  memseta.o(.text)
    __aeabi_memset4                          0x080002e1   Thumb Code     0  memseta.o(.text)
    __aeabi_memset8                          0x080002e1   Thumb Code     0  memseta.o(.text)
    __aeabi_memclr                           0x080002ef   Thumb Code     4  memseta.o(.text)
    __aeabi_memclr4                          0x080002ef   Thumb Code     0  memseta.o(.text)
    __aeabi_memclr8                          0x080002ef   Thumb Code     0  memseta.o(.text)
    _memset$wrapper                          0x080002f3   Thumb Code    18  memseta.o(.text)
    strlen                                   0x08000305   Thumb Code    14  strlen.o(.text)
    memcmp                                   0x08000313   Thumb Code    26  memcmp.o(.text)
    strcpy                                   0x0800032d   Thumb Code    18  strcpy.o(.text)
    strspn                                   0x0800033f   Thumb Code    28  strspn.o(.text)
    strpbrk                                  0x0800035b   Thumb Code    32  strpbrk.o(.text)
    strcasecmp                               0x0800037b   Thumb Code    42  strcasecmp.o(.text)
    __aeabi_uidiv                            0x080003a5   Thumb Code     0  uidiv.o(.text)
    __aeabi_uidivmod                         0x080003a5   Thumb Code    44  uidiv.o(.text)
    tolower                                  0x080003d1   Thumb Code    12  tolower.o(.text)
    __scatterload                            0x080003dd   Thumb Code    28  init.o(.text)
    __scatterload_rt2                        0x080003dd   Thumb Code     0  init.o(.text)
    __decompress                             0x08000401   Thumb Code     0  __dczerorl2.o(.text)
    __decompress1                            0x08000401   Thumb Code    86  __dczerorl2.o(.text)
    DCMI_IRQHandler                          0x08000459   Thumb Code     6  stm32f7xx_it.o(i.DCMI_IRQHandler)
    DMA2_Stream1_IRQHandler                  0x08000465   Thumb Code     6  stm32f7xx_it.o(i.DMA2_Stream1_IRQHandler)
    ETH_IRQHandler                           0x080004c9   Thumb Code     6  stm32f7xx_it.o(i.ETH_IRQHandler)
    FATFS_LinkDriver                         0x080005f9   Thumb Code     6  ff_gen_drv.o(i.FATFS_LinkDriver)
    FATFS_LinkDriverEx                       0x08000601   Thumb Code    60  ff_gen_drv.o(i.FATFS_LinkDriverEx)
    Get_Char                                 0x08000641   Thumb Code    32  usart.o(i.Get_Char)
    HAL_DCMI_ErrorCallback                   0x08000665   Thumb Code     2  stm32f7xx_hal_dcmi.o(i.HAL_DCMI_ErrorCallback)
    HAL_DCMI_FrameEventCallback              0x08000667   Thumb Code     2  stm32f7xx_hal_dcmi.o(i.HAL_DCMI_FrameEventCallback)
    HAL_DCMI_IRQHandler                      0x08000669   Thumb Code   224  stm32f7xx_hal_dcmi.o(i.HAL_DCMI_IRQHandler)
    HAL_DCMI_Init                            0x08000749   Thumb Code   182  stm32f7xx_hal_dcmi_ex.o(i.HAL_DCMI_Init)
    HAL_DCMI_LineEventCallback               0x08000809   Thumb Code     2  stm32f7xx_hal_dcmi.o(i.HAL_DCMI_LineEventCallback)
    HAL_DCMI_MspInit                         0x0800080d   Thumb Code   196  dcmi.o(i.HAL_DCMI_MspInit)
    HAL_DCMI_VsyncEventCallback              0x080008f5   Thumb Code     2  stm32f7xx_hal_dcmi.o(i.HAL_DCMI_VsyncEventCallback)
    HAL_DMA_Abort                            0x080008f9   Thumb Code    86  stm32f7xx_hal_dma.o(i.HAL_DMA_Abort)
    HAL_DMA_IRQHandler                       0x08000951   Thumb Code   404  stm32f7xx_hal_dma.o(i.HAL_DMA_IRQHandler)
    HAL_DMA_Init                             0x08000ae9   Thumb Code   134  stm32f7xx_hal_dma.o(i.HAL_DMA_Init)
    HAL_Delay                                0x08000b75   Thumb Code    22  stm32f7xx_hal.o(i.HAL_Delay)
    HAL_ETH_DMARxDescListInit                0x08000b8b   Thumb Code   116  stm32f7xx_hal_eth.o(i.HAL_ETH_DMARxDescListInit)
    HAL_ETH_DMATxDescListInit                0x08000c01   Thumb Code   132  stm32f7xx_hal_eth.o(i.HAL_ETH_DMATxDescListInit)
    HAL_ETH_ErrorCallback                    0x08000c85   Thumb Code     2  stm32f7xx_hal_eth.o(i.HAL_ETH_ErrorCallback)
    HAL_ETH_GetReceivedFrame_IT              0x08000c87   Thumb Code   140  stm32f7xx_hal_eth.o(i.HAL_ETH_GetReceivedFrame_IT)
    HAL_ETH_IRQHandler                       0x08000d13   Thumb Code   118  stm32f7xx_hal_eth.o(i.HAL_ETH_IRQHandler)
    HAL_ETH_Init                             0x08000d89   Thumb Code   454  stm32f7xx_hal_eth.o(i.HAL_ETH_Init)
    HAL_ETH_MspInit                          0x08000f79   Thumb Code   172  ethernetif.o(i.HAL_ETH_MspInit)
    HAL_ETH_ReadPHYRegister                  0x0800103d   Thumb Code   134  stm32f7xx_hal_eth.o(i.HAL_ETH_ReadPHYRegister)
    HAL_ETH_RxCpltCallback                   0x080010c5   Thumb Code     8  ethernetif.o(i.HAL_ETH_RxCpltCallback)
    HAL_ETH_Start                            0x080010d1   Thumb Code   132  stm32f7xx_hal_eth.o(i.HAL_ETH_Start)
    HAL_ETH_TransmitFrame                    0x08001155   Thumb Code   274  stm32f7xx_hal_eth.o(i.HAL_ETH_TransmitFrame)
    HAL_ETH_TxCpltCallback                   0x08001267   Thumb Code     2  stm32f7xx_hal_eth.o(i.HAL_ETH_TxCpltCallback)
    HAL_ETH_WritePHYRegister                 0x08001269   Thumb Code   122  stm32f7xx_hal_eth.o(i.HAL_ETH_WritePHYRegister)
    HAL_GPIO_Init                            0x080012e5   Thumb Code   418  stm32f7xx_hal_gpio.o(i.HAL_GPIO_Init)
    HAL_GPIO_TogglePin                       0x080014bd   Thumb Code     8  stm32f7xx_hal_gpio.o(i.HAL_GPIO_TogglePin)
    HAL_GetTick                              0x080014c5   Thumb Code     6  stm32f7xx_hal.o(i.HAL_GetTick)
    HAL_I2CEx_ConfigAnalogFilter             0x080014d1   Thumb Code   118  stm32f7xx_hal_i2c_ex.o(i.HAL_I2CEx_ConfigAnalogFilter)
    HAL_I2C_Init                             0x08001549   Thumb Code   166  stm32f7xx_hal_i2c.o(i.HAL_I2C_Init)
    HAL_I2C_MspInit                          0x080015f5   Thumb Code    58  i2c.o(i.HAL_I2C_MspInit)
    HAL_IncTick                              0x0800163d   Thumb Code    10  stm32f7xx_hal.o(i.HAL_IncTick)
    HAL_Init                                 0x0800164d   Thumb Code    22  stm32f7xx_hal.o(i.HAL_Init)
    HAL_InitTick                             0x08001663   Thumb Code    34  stm32f7xx_hal.o(i.HAL_InitTick)
    HAL_MspInit                              0x08001685   Thumb Code    22  stm32f7xx_hal_msp.o(i.HAL_MspInit)
    HAL_NVIC_EnableIRQ                       0x0800169b   Thumb Code    22  stm32f7xx_hal_cortex.o(i.HAL_NVIC_EnableIRQ)
    HAL_NVIC_SetPriority                     0x080016b1   Thumb Code    60  stm32f7xx_hal_cortex.o(i.HAL_NVIC_SetPriority)
    HAL_NVIC_SetPriorityGrouping             0x080016f1   Thumb Code    28  stm32f7xx_hal_cortex.o(i.HAL_NVIC_SetPriorityGrouping)
    HAL_PWREx_EnableOverDrive                0x08001715   Thumb Code   100  stm32f7xx_hal_pwr_ex.o(i.HAL_PWREx_EnableOverDrive)
    HAL_RCCEx_PeriphCLKConfig                0x08001781   Thumb Code  1708  stm32f7xx_hal_rcc_ex.o(i.HAL_RCCEx_PeriphCLKConfig)
    HAL_RCC_ClockConfig                      0x08001e31   Thumb Code   450  stm32f7xx_hal_rcc.o(i.HAL_RCC_ClockConfig)
    HAL_RCC_GetHCLKFreq                      0x08001ffd   Thumb Code    38  stm32f7xx_hal_rcc.o(i.HAL_RCC_GetHCLKFreq)
    HAL_RCC_GetPCLK1Freq                     0x08002031   Thumb Code    36  stm32f7xx_hal_rcc.o(i.HAL_RCC_GetPCLK1Freq)
    HAL_RCC_GetPCLK2Freq                     0x0800205d   Thumb Code    36  stm32f7xx_hal_rcc.o(i.HAL_RCC_GetPCLK2Freq)
    HAL_RCC_GetSysClockFreq                  0x08002089   Thumb Code   120  stm32f7xx_hal_rcc.o(i.HAL_RCC_GetSysClockFreq)
    HAL_RCC_MCOConfig                        0x08002109   Thumb Code   130  stm32f7xx_hal_rcc.o(i.HAL_RCC_MCOConfig)
    HAL_RCC_OscConfig                        0x0800219d   Thumb Code   914  stm32f7xx_hal_rcc.o(i.HAL_RCC_OscConfig)
    HAL_SPI_Init                             0x08002539   Thumb Code   200  stm32f7xx_hal_spi.o(i.HAL_SPI_Init)
    HAL_SPI_MspInit                          0x08002601   Thumb Code   154  spi.o(i.HAL_SPI_MspInit)
    HAL_SYSTICK_CLKSourceConfig              0x080026bd   Thumb Code    24  stm32f7xx_hal_cortex.o(i.HAL_SYSTICK_CLKSourceConfig)
    HAL_SYSTICK_Config                       0x080026d5   Thumb Code    38  stm32f7xx_hal_cortex.o(i.HAL_SYSTICK_Config)
    HAL_TIMEx_ConfigBreakDeadTime            0x080026fb   Thumb Code    98  stm32f7xx_hal_tim_ex.o(i.HAL_TIMEx_ConfigBreakDeadTime)
    HAL_TIMEx_MasterConfigSynchronization    0x0800275d   Thumb Code    78  stm32f7xx_hal_tim_ex.o(i.HAL_TIMEx_MasterConfigSynchronization)
    HAL_TIM_Base_Init                        0x080027b5   Thumb Code    48  stm32f7xx_hal_tim.o(i.HAL_TIM_Base_Init)
    HAL_TIM_Base_MspInit                     0x080027e5   Thumb Code    82  tim.o(i.HAL_TIM_Base_MspInit)
    HAL_TIM_ConfigClockSource                0x08002849   Thumb Code   246  stm32f7xx_hal_tim.o(i.HAL_TIM_ConfigClockSource)
    HAL_TIM_PWM_ConfigChannel                0x08002945   Thumb Code   296  stm32f7xx_hal_tim_ex.o(i.HAL_TIM_PWM_ConfigChannel)
    HAL_TIM_PWM_Init                         0x08002a6d   Thumb Code    54  stm32f7xx_hal_tim.o(i.HAL_TIM_PWM_Init)
    HAL_TIM_PWM_MspInit                      0x08002aa3   Thumb Code     2  stm32f7xx_hal_tim.o(i.HAL_TIM_PWM_MspInit)
    HAL_UART_Init                            0x08002aa5   Thumb Code   106  stm32f7xx_hal_uart.o(i.HAL_UART_Init)
    HAL_UART_MspInit                         0x08002b11   Thumb Code    58  usart.o(i.HAL_UART_MspInit)
    HAL_UART_Receive                         0x08002b59   Thumb Code   268  stm32f7xx_hal_uart.o(i.HAL_UART_Receive)
    HAL_UART_Transmit                        0x08002c65   Thumb Code   200  stm32f7xx_hal_uart.o(i.HAL_UART_Transmit)
    MX_DCMI_Init                             0x08002d2d   Thumb Code    42  dcmi.o(i.MX_DCMI_Init)
    MX_DMA_Init                              0x08002d61   Thumb Code    40  dma.o(i.MX_DMA_Init)
    MX_FATFS_Init                            0x08002d8d   Thumb Code    18  fatfs.o(i.MX_FATFS_Init)
    MX_FREERTOS_Init                         0x08002da9   Thumb Code    88  freertos.o(i.MX_FREERTOS_Init)
    MX_GPIO_Init                             0x08002e09   Thumb Code   202  gpio.o(i.MX_GPIO_Init)
    MX_I2C2_Init                             0x08002ee1   Thumb Code    46  i2c.o(i.MX_I2C2_Init)
    MX_LWIP_Init                             0x08002f1d   Thumb Code    80  lwip.o(i.MX_LWIP_Init)
    MX_SPI1_Init                             0x08002f7d   Thumb Code    56  spi.o(i.MX_SPI1_Init)
    MX_SPI4_Init                             0x08002fbd   Thumb Code    56  spi.o(i.MX_SPI4_Init)
    MX_SPI5_Init                             0x08002ffd   Thumb Code    56  spi.o(i.MX_SPI5_Init)
    MX_TIM1_Init                             0x0800303d   Thumb Code   150  tim.o(i.MX_TIM1_Init)
    MX_USART3_UART_Init                      0x080030dd   Thumb Code    42  usart.o(i.MX_USART3_UART_Init)
    Send_Char                                0x08003135   Thumb Code    30  usart.o(i.Send_Char)
    StartDefaultTask                         0x08003159   Thumb Code    16  freertos.o(i.StartDefaultTask)
    SysTick_Handler                          0x08003169   Thumb Code     4  stm32f7xx_it.o(i.SysTick_Handler)
    SystemClock_Config                       0x0800316d   Thumb Code   182  main.o(i.SystemClock_Config)
    SystemInit                               0x08003231   Thumb Code    68  system_stm32f7xx.o(i.SystemInit)
    TIM_Base_SetConfig                       0x08003285   Thumb Code   150  stm32f7xx_hal_tim.o(i.TIM_Base_SetConfig)
    TIM_ETR_SetConfig                        0x08003349   Thumb Code    18  stm32f7xx_hal_tim.o(i.TIM_ETR_SetConfig)
    TIM_OC1_SetConfig                        0x0800336d   Thumb Code    90  stm32f7xx_hal_tim.o(i.TIM_OC1_SetConfig)
    TIM_OC2_SetConfig                        0x080033d5   Thumb Code    96  stm32f7xx_hal_tim.o(i.TIM_OC2_SetConfig)
    TIM_OC3_SetConfig                        0x08003441   Thumb Code    96  stm32f7xx_hal_tim.o(i.TIM_OC3_SetConfig)
    TIM_OC4_SetConfig                        0x080034ad   Thumb Code    76  stm32f7xx_hal_tim.o(i.TIM_OC4_SetConfig)
    ToggleLedTask                            0x080035fd   Thumb Code    26  freertos.o(i.ToggleLedTask)
    UART_AdvFeatureConfig                    0x0800361d   Thumb Code   200  stm32f7xx_hal_uart.o(i.UART_AdvFeatureConfig)
    UART_CheckIdleState                      0x080036e5   Thumb Code    78  stm32f7xx_hal_uart.o(i.UART_CheckIdleState)
    UART_SetConfig                           0x08003735   Thumb Code   534  stm32f7xx_hal_uart.o(i.UART_SetConfig)
    UART_WaitOnFlagUntilTimeout              0x0800397d   Thumb Code   146  stm32f7xx_hal_uart.o(i.UART_WaitOnFlagUntilTimeout)
    USER_initialize                          0x08003a11   Thumb Code    18  user_diskio.o(i.USER_initialize)
    USER_ioctl                               0x08003a29   Thumb Code     4  user_diskio.o(i.USER_ioctl)
    USER_read                                0x08003a2d   Thumb Code     4  user_diskio.o(i.USER_read)
    USER_status                              0x08003a31   Thumb Code    18  user_diskio.o(i.USER_status)
    USER_write                               0x08003a49   Thumb Code     4  user_diskio.o(i.USER_write)
    __0printf$3                              0x08003a4d   Thumb Code    22  printf3.o(i.__0printf$3)
    __1printf$3                              0x08003a4d   Thumb Code     0  printf3.o(i.__0printf$3)
    __2printf                                0x08003a4d   Thumb Code     0  printf3.o(i.__0printf$3)
    __0sprintf$3                             0x08003a6d   Thumb Code    34  printf3.o(i.__0sprintf$3)
    __1sprintf$3                             0x08003a6d   Thumb Code     0  printf3.o(i.__0sprintf$3)
    __2sprintf                               0x08003a6d   Thumb Code     0  printf3.o(i.__0sprintf$3)
    __scatterload_copy                       0x08003a95   Thumb Code    14  handlers.o(i.__scatterload_copy)
    __scatterload_null                       0x08003aa3   Thumb Code     2  handlers.o(i.__scatterload_null)
    __scatterload_zeroinit                   0x08003aa5   Thumb Code    14  handlers.o(i.__scatterload_zeroinit)
    _strtok                                  0x08003c77   Thumb Code    56  utility.o(i._strtok)
    dhcp_arp_reply                           0x08003e11   Thumb Code    30  dhcp.o(i.dhcp_arp_reply)
    dhcp_coarse_tmr                          0x08003f19   Thumb Code    90  dhcp.o(i.dhcp_coarse_tmr)
    dhcp_fine_tmr                            0x080041e9   Thumb Code    46  dhcp.o(i.dhcp_fine_tmr)
    dhcp_release                             0x0800477d   Thumb Code   160  dhcp.o(i.dhcp_release)
    dhcp_renew                               0x08004821   Thumb Code   132  dhcp.o(i.dhcp_renew)
    dhcp_start                               0x0800499d   Thumb Code   156  dhcp.o(i.dhcp_start)
    dhcp_stop                                0x08004a41   Thumb Code    50  dhcp.o(i.dhcp_stop)
    etharp_cleanup_netif                     0x08004c05   Thumb Code    42  etharp.o(i.etharp_cleanup_netif)
    etharp_output                            0x08004d35   Thumb Code   242  etharp.o(i.etharp_output)
    etharp_query                             0x08004e79   Thumb Code   228  etharp.o(i.etharp_query)
    etharp_request                           0x0800500d   Thumb Code    32  etharp.o(i.etharp_request)
    etharp_tmr                               0x08005051   Thumb Code    68  etharp.o(i.etharp_tmr)
    ethernet_input                           0x08005115   Thumb Code   138  etharp.o(i.ethernet_input)
    ethernetif_init                          0x080051a5   Thumb Code    30  ethernetif.o(i.ethernetif_init)
    ethernetif_input                         0x080051cd   Thumb Code    44  ethernetif.o(i.ethernetif_input)
    fputc                                    0x080051fd   Thumb Code     6  mdkretarget.o(i.fputc)
    icmp_dest_unreach                        0x08005203   Thumb Code     8  icmp.o(i.icmp_dest_unreach)
    icmp_input                               0x0800520d   Thumb Code   242  icmp.o(i.icmp_input)
    icmp_time_exceeded                       0x0800536f   Thumb Code     8  icmp.o(i.icmp_time_exceeded)
    inet_chksum                              0x08005383   Thumb Code    12  inet_chksum.o(i.inet_chksum)
    inet_chksum_pbuf                         0x0800538f   Thumb Code    72  inet_chksum.o(i.inet_chksum_pbuf)
    ip4_addr_isbroadcast                     0x080053d7   Thumb Code    46  ip_addr.o(i.ip4_addr_isbroadcast)
    ip_frag                                  0x08005405   Thumb Code   362  ip_frag.o(i.ip_frag)
    ip_input                                 0x0800557d   Thumb Code   362  ip.o(i.ip_input)
    ip_output                                0x080056f1   Thumb Code    52  ip.o(i.ip_output)
    ip_output_if                             0x08005725   Thumb Code   166  ip.o(i.ip_output_if)
    ip_reass                                 0x080057d1   Thumb Code   394  ip_frag.o(i.ip_reass)
    ip_reass_tmr                             0x08005b6d   Thumb Code    40  ip_frag.o(i.ip_reass_tmr)
    ip_route                                 0x08005b99   Thumb Code    54  ip.o(i.ip_route)
    lwip_htonl                               0x08005eb1   Thumb Code     4  def.o(i.lwip_htonl)
    lwip_htons                               0x08005eb5   Thumb Code     4  def.o(i.lwip_htons)
    lwip_init                                0x08005eb9   Thumb Code    38  init.o(i.lwip_init)
    lwip_ntohl                               0x08005edf   Thumb Code     4  def.o(i.lwip_ntohl)
    lwip_ntohs                               0x08005ee3   Thumb Code     4  def.o(i.lwip_ntohs)
    lwip_socket_init                         0x08005ee7   Thumb Code     2  sockets.o(i.lwip_socket_init)
    main                                     0x08005f45   Thumb Code    54  main.o(i.main)
    mem_free                                 0x08005f89   Thumb Code    62  mem.o(i.mem_free)
    mem_init                                 0x08005fcd   Thumb Code    50  mem.o(i.mem_init)
    mem_malloc                               0x08006009   Thumb Code   206  mem.o(i.mem_malloc)
    mem_trim                                 0x080060dd   Thumb Code   220  mem.o(i.mem_trim)
    memp_free                                0x080061bd   Thumb Code    18  memp.o(i.memp_free)
    memp_init                                0x080061d5   Thumb Code    78  memp.o(i.memp_init)
    memp_malloc                              0x0800622d   Thumb Code    28  memp.o(i.memp_malloc)
    netif_add                                0x0800624d   Thumb Code    72  netif.o(i.netif_add)
    netif_init                               0x08006299   Thumb Code     2  netif.o(i.netif_init)
    netif_set_addr                           0x0800629b   Thumb Code    32  netif.o(i.netif_set_addr)
    netif_set_default                        0x080062bd   Thumb Code     6  netif.o(i.netif_set_default)
    netif_set_down                           0x080062c9   Thumb Code    26  netif.o(i.netif_set_down)
    netif_set_gw                             0x080062e3   Thumb Code     8  netif.o(i.netif_set_gw)
    netif_set_ipaddr                         0x080062ed   Thumb Code    96  netif.o(i.netif_set_ipaddr)
    netif_set_netmask                        0x08006355   Thumb Code     8  netif.o(i.netif_set_netmask)
    netif_set_up                             0x0800635d   Thumb Code    32  netif.o(i.netif_set_up)
    osDelay                                  0x0800637d   Thumb Code    14  cmsis_os.o(i.osDelay)
    osKernelStart                            0x0800638b   Thumb Code    10  cmsis_os.o(i.osKernelStart)
    osSemaphoreCreate                        0x08006395   Thumb Code    46  cmsis_os.o(i.osSemaphoreCreate)
    osSemaphoreRelease                       0x080063c5   Thumb Code    74  cmsis_os.o(i.osSemaphoreRelease)
    osSemaphoreWait                          0x08006415   Thumb Code   102  cmsis_os.o(i.osSemaphoreWait)
    osSystickHandler                         0x08006481   Thumb Code    20  cmsis_os.o(i.osSystickHandler)
    osThreadCreate                           0x08006495   Thumb Code    56  cmsis_os.o(i.osThreadCreate)
    pbuf_alloc                               0x080064cd   Thumb Code   286  pbuf.o(i.pbuf_alloc)
    pbuf_alloced_custom                      0x080065eb   Thumb Code    84  pbuf.o(i.pbuf_alloced_custom)
    pbuf_cat                                 0x0800663f   Thumb Code    40  pbuf.o(i.pbuf_cat)
    pbuf_chain                               0x08006667   Thumb Code    18  pbuf.o(i.pbuf_chain)
    pbuf_clen                                0x08006679   Thumb Code    18  pbuf.o(i.pbuf_clen)
    pbuf_copy                                0x0800668b   Thumb Code   154  pbuf.o(i.pbuf_copy)
    pbuf_copy_partial                        0x08006725   Thumb Code   102  pbuf.o(i.pbuf_copy_partial)
    pbuf_free                                0x0800678b   Thumb Code    82  pbuf.o(i.pbuf_free)
    pbuf_header                              0x08006809   Thumb Code    96  pbuf.o(i.pbuf_header)
    pbuf_realloc                             0x08006895   Thumb Code    78  pbuf.o(i.pbuf_realloc)
    pbuf_ref                                 0x080068e3   Thumb Code    12  pbuf.o(i.pbuf_ref)
    pvPortMalloc                             0x08006c69   Thumb Code   222  heap_4.o(i.pvPortMalloc)
    pvTaskIncrementMutexHeldCount            0x08006d4d   Thumb Code    18  tasks.o(i.pvTaskIncrementMutexHeldCount)
    pxPortInitialiseStack                    0x08006d65   Thumb Code    36  port.o(i.pxPortInitialiseStack)
    raw_input                                0x08006d8d   Thumb Code   106  raw.o(i.raw_input)
    shellGetLine                             0x08006e05   Thumb Code   110  shell.o(i.shellGetLine)
    shellStart                               0x08006e79   Thumb Code   250  shell.o(i.shellStart)
    shellUsage                               0x08007009   Thumb Code     8  shell.o(i.shellUsage)
    sys_arch_mbox_fetch                      0x0800701d   Thumb Code    80  sys_arch.o(i.sys_arch_mbox_fetch)
    sys_arch_sem_wait                        0x0800706d   Thumb Code    66  sys_arch.o(i.sys_arch_sem_wait)
    sys_init                                 0x080070b1   Thumb Code     8  sys_arch.o(i.sys_init)
    sys_mbox_new                             0x080070bd   Thumb Code    28  sys_arch.o(i.sys_mbox_new)
    sys_mbox_post                            0x080070d9   Thumb Code    26  sys_arch.o(i.sys_mbox_post)
    sys_mbox_trypost                         0x080070f3   Thumb Code    28  sys_arch.o(i.sys_mbox_trypost)
    sys_mbox_valid                           0x0800710f   Thumb Code    10  sys_arch.o(i.sys_mbox_valid)
    sys_mutex_lock                           0x08007119   Thumb Code     6  sys_arch.o(i.sys_mutex_lock)
    sys_mutex_new                            0x0800711f   Thumb Code    24  sys_arch.o(i.sys_mutex_new)
    sys_mutex_unlock                         0x08007137   Thumb Code    12  sys_arch.o(i.sys_mutex_unlock)
    sys_thread_new                           0x08007145   Thumb Code    56  sys_arch.o(i.sys_thread_new)
    sys_timeout                              0x08007181   Thumb Code    88  lwip_timers.o(i.sys_timeout)
    sys_timeouts_init                        0x080071dd   Thumb Code    54  lwip_timers.o(i.sys_timeouts_init)
    sys_timeouts_mbox_fetch                  0x08007225   Thumb Code    92  lwip_timers.o(i.sys_timeouts_mbox_fetch)
    sys_untimeout                            0x08007285   Thumb Code    68  lwip_timers.o(i.sys_untimeout)
    tcp_abandon                              0x080072cd   Thumb Code   144  tcp.o(i.tcp_abandon)
    tcp_abort                                0x08007361   Thumb Code     6  tcp.o(i.tcp_abort)
    tcp_alloc                                0x08007369   Thumb Code   234  tcp.o(i.tcp_alloc)
    tcp_close                                0x08007461   Thumb Code    20  tcp.o(i.tcp_close)
    tcp_eff_send_mss                         0x0800763b   Thumb Code    32  tcp.o(i.tcp_eff_send_mss)
    tcp_enqueue_flags                        0x0800765b   Thumb Code   172  tcp_out.o(i.tcp_enqueue_flags)
    tcp_fasttmr                              0x08007709   Thumb Code    90  tcp.o(i.tcp_fasttmr)
    tcp_init                                 0x08007769   Thumb Code     2  tcp.o(i.tcp_init)
    tcp_input                                0x0800776d   Thumb Code   752  tcp_in.o(i.tcp_input)
    tcp_keepalive                            0x08007a79   Thumb Code    60  tcp_out.o(i.tcp_keepalive)
    tcp_next_iss                             0x08007b99   Thumb Code    12  tcp.o(i.tcp_next_iss)
    tcp_output                               0x08007c25   Thumb Code   396  tcp_out.o(i.tcp_output)
    tcp_pcb_purge                            0x08007f55   Thumb Code    66  tcp.o(i.tcp_pcb_purge)
    tcp_pcb_remove                           0x08007f99   Thumb Code    82  tcp.o(i.tcp_pcb_remove)
    tcp_process_refused_data                 0x0800832d   Thumb Code   104  tcp.o(i.tcp_process_refused_data)
    tcp_recv_null                            0x08008aa9   Thumb Code    36  tcp.o(i.tcp_recv_null)
    tcp_recved                               0x08008acd   Thumb Code    54  tcp.o(i.tcp_recved)
    tcp_rexmit                               0x08008b03   Thumb Code    82  tcp_out.o(i.tcp_rexmit)
    tcp_rexmit_fast                          0x08008b55   Thumb Code    88  tcp_out.o(i.tcp_rexmit_fast)
    tcp_rexmit_rto                           0x08008bad   Thumb Code    44  tcp_out.o(i.tcp_rexmit_rto)
    tcp_rst                                  0x08008bd9   Thumb Code   120  tcp_out.o(i.tcp_rst)
    tcp_seg_copy                             0x08008c51   Thumb Code    40  tcp.o(i.tcp_seg_copy)
    tcp_seg_free                             0x08008c79   Thumb Code    28  tcp.o(i.tcp_seg_free)
    tcp_segs_free                            0x08008c95   Thumb Code    18  tcp.o(i.tcp_segs_free)
    tcp_send_empty_ack                       0x08008ca7   Thumb Code    72  tcp_out.o(i.tcp_send_empty_ack)
    tcp_send_fin                             0x08008cef   Thumb Code    68  tcp_out.o(i.tcp_send_fin)
    tcp_slowtmr                              0x08008d35   Thumb Code   624  tcp.o(i.tcp_slowtmr)
    tcp_timer_needed                         0x08008fb5   Thumb Code    36  lwip_timers.o(i.tcp_timer_needed)
    tcp_tmr                                  0x08009055   Thumb Code    28  tcp.o(i.tcp_tmr)
    tcp_update_rcv_ann_wnd                   0x08009075   Thumb Code    54  tcp.o(i.tcp_update_rcv_ann_wnd)
    tcp_zero_window_probe                    0x080090ab   Thumb Code   136  tcp_out.o(i.tcp_zero_window_probe)
    tcpip_callback_with_block                0x08009135   Thumb Code    88  tcpip.o(i.tcpip_callback_with_block)
    tcpip_init                               0x08009191   Thumb Code    44  tcpip.o(i.tcpip_init)
    tcpip_input                              0x080091d5   Thumb Code    70  tcpip.o(i.tcpip_input)
    udp_bind                                 0x080092d9   Thumb Code   148  udp.o(i.udp_bind)
    udp_connect                              0x08009371   Thumb Code    70  udp.o(i.udp_connect)
    udp_init                                 0x080093bd   Thumb Code     2  udp.o(i.udp_init)
    udp_input                                0x080093c1   Thumb Code   368  udp.o(i.udp_input)
    udp_new                                  0x0800953d   Thumb Code    26  udp.o(i.udp_new)
    udp_recv                                 0x08009557   Thumb Code     6  udp.o(i.udp_recv)
    udp_remove                               0x0800955d   Thumb Code    40  udp.o(i.udp_remove)
    udp_sendto_if                            0x08009589   Thumb Code   182  udp.o(i.udp_sendto_if)
    uxListRemove                             0x0800963f   Thumb Code    36  list.o(i.uxListRemove)
    uxTaskGetSystemState                     0x08009665   Thumb Code   140  tasks.o(i.uxTaskGetSystemState)
    vApplicationTickHook                     0x080096f9   Thumb Code     4  freertos.o(i.vApplicationTickHook)
    vListInitialise                          0x080096fd   Thumb Code    22  list.o(i.vListInitialise)
    vListInitialiseItem                      0x08009713   Thumb Code     6  list.o(i.vListInitialiseItem)
    vListInsert                              0x08009719   Thumb Code    48  list.o(i.vListInsert)
    vListInsertEnd                           0x08009749   Thumb Code    24  list.o(i.vListInsertEnd)
    vPortEnterCritical                       0x08009761   Thumb Code    62  port.o(i.vPortEnterCritical)
    vPortExitCritical                        0x080097a9   Thumb Code    38  port.o(i.vPortExitCritical)
    vPortFree                                0x080097d5   Thumb Code    96  heap_4.o(i.vPortFree)
    vPortSetupTimerInterrupt                 0x08009839   Thumb Code    26  port.o(i.vPortSetupTimerInterrupt)
    vPortValidateInterruptPriority           0x08009859   Thumb Code    82  port.o(i.vPortValidateInterruptPriority)
    vTaskDelay                               0x080098b5   Thumb Code    98  tasks.o(i.vTaskDelay)
    vTaskList                                0x08009921   Thumb Code   178  tasks.o(i.vTaskList)
    vTaskMissedYield                         0x080099e9   Thumb Code     8  tasks.o(i.vTaskMissedYield)
    vTaskPlaceOnEventList                    0x080099f5   Thumb Code    94  tasks.o(i.vTaskPlaceOnEventList)
    vTaskPriorityInherit                     0x08009a5d   Thumb Code   128  tasks.o(i.vTaskPriorityInherit)
    vTaskSetTimeOutState                     0x08009ae5   Thumb Code    34  tasks.o(i.vTaskSetTimeOutState)
    vTaskStartScheduler                      0x08009b0d   Thumb Code    88  tasks.o(i.vTaskStartScheduler)
    vTaskSuspendAll                          0x08009b75   Thumb Code    10  tasks.o(i.vTaskSuspendAll)
    vTaskSwitchContext                       0x08009b85   Thumb Code    86  tasks.o(i.vTaskSwitchContext)
    xPortGetFreeHeapSize                     0x08009be5   Thumb Code     6  heap_4.o(i.xPortGetFreeHeapSize)
    xPortStartScheduler                      0x08009bf1   Thumb Code   152  port.o(i.xPortStartScheduler)
    xPortSysTickHandler                      0x08009c99   Thumb Code    42  port.o(i.xPortSysTickHandler)
    xQueueCreateCountingSemaphore            0x08009cc9   Thumb Code    84  queue.o(i.xQueueCreateCountingSemaphore)
    xQueueCreateMutex                        0x08009d1d   Thumb Code    94  queue.o(i.xQueueCreateMutex)
    xQueueGenericCreate                      0x08009d7b   Thumb Code   108  queue.o(i.xQueueGenericCreate)
    xQueueGenericReceive                     0x08009de9   Thumb Code   372  queue.o(i.xQueueGenericReceive)
    xQueueGenericReset                       0x08009f61   Thumb Code   146  queue.o(i.xQueueGenericReset)
    xQueueGenericSend                        0x08009ff9   Thumb Code   364  queue.o(i.xQueueGenericSend)
    xQueueGiveFromISR                        0x0800a169   Thumb Code   172  queue.o(i.xQueueGiveFromISR)
    xQueueReceiveFromISR                     0x0800a215   Thumb Code   154  queue.o(i.xQueueReceiveFromISR)
    xTaskCheckForTimeOut                     0x0800a2b1   Thumb Code   110  tasks.o(i.xTaskCheckForTimeOut)
    xTaskGenericCreate                       0x0800a325   Thumb Code   442  tasks.o(i.xTaskGenericCreate)
    xTaskGetSchedulerState                   0x0800a4ed   Thumb Code    22  tasks.o(i.xTaskGetSchedulerState)
    xTaskGetTickCount                        0x0800a509   Thumb Code     6  tasks.o(i.xTaskGetTickCount)
    xTaskIncrementTick                       0x0800a515   Thumb Code   208  tasks.o(i.xTaskIncrementTick)
    xTaskPriorityDisinherit                  0x0800a5ed   Thumb Code   158  tasks.o(i.xTaskPriorityDisinherit)
    xTaskRemoveFromEventList                 0x0800a695   Thumb Code   112  tasks.o(i.xTaskRemoveFromEventList)
    xTaskResumeAll                           0x0800a70d   Thumb Code   186  tasks.o(i.xTaskResumeAll)
    APBAHBPrescTable                         0x0800a7dc   Data          16  stm32f7xx_hal_rcc.o(.constdata)
    tcp_persist_backoff                      0x0800a7ec   Data           7  tcp.o(.constdata)
    tcp_state_str                            0x0800a7f4   Data          44  tcp.o(.constdata)
    tcp_backoff                              0x0800a820   Data          13  tcp.o(.constdata)
    tcp_pcb_lists                            0x0800a830   Data          16  tcp.o(.constdata)
    ethbroadcast                             0x0800a840   Data           6  etharp.o(.constdata)
    ethzero                                  0x0800a846   Data           6  etharp.o(.constdata)
    ip_addr_any                              0x0800a884   Data           4  ip_addr.o(.constdata)
    ip_addr_broadcast                        0x0800a888   Data           4  ip_addr.o(.constdata)
    Region$$Table$$Base                      0x0800a990   Number         0  anon$$obj.o(Region$$Table)
    Region$$Table$$Limit                     0x0800a9b0   Number         0  anon$$obj.o(Region$$Table)
    tcp_active_pcbs_changed                  0x20000004   Data           1  tcp.o(.data)
    tcp_ticks                                0x20000010   Data           4  tcp.o(.data)
    tcp_bound_pcbs                           0x20000014   Data           4  tcp.o(.data)
    tcp_listen_pcbs                          0x20000018   Data           4  tcp.o(.data)
    tcp_active_pcbs                          0x2000001c   Data           4  tcp.o(.data)
    tcp_tw_pcbs                              0x20000020   Data           4  tcp.o(.data)
    tcp_tmp_pcb                              0x20000024   Data           4  tcp.o(.data)
    current_netif                            0x2000005c   Data           4  ip.o(.data)
    current_header                           0x20000060   Data           4  ip.o(.data)
    current_iphdr_src                        0x20000064   Data           4  ip.o(.data)
    current_iphdr_dest                       0x20000068   Data           4  ip.o(.data)
    netif_list                               0x20000070   Data           4  netif.o(.data)
    netif_default                            0x20000074   Data           4  netif.o(.data)
    tcp_input_pcb                            0x2000009c   Data           4  tcp_in.o(.data)
    pbuf_free_ooseq_pending                  0x200000a0   Data           1  pbuf.o(.data)
    udp_pcbs                                 0x200000a8   Data           4  udp.o(.data)
    s_xSemaphore                             0x200000ac   Data           4  ethernetif.o(.data)
    retUSER                                  0x200000b0   Data           1  fatfs.o(.data)
    USER_Path                                0x200000b1   Data           4  fatfs.o(.data)
    ipaddr                                   0x200000b8   Data           4  lwip.o(.data)
    netmask                                  0x200000bc   Data           4  lwip.o(.data)
    gw                                       0x200000c0   Data           4  lwip.o(.data)
    USER_Driver                              0x200000c8   Data          20  user_diskio.o(.data)
    defaultTaskHandle                        0x200000dc   Data           4  freertos.o(.data)
    dcmiBinarySemaphoreHandle                0x200000e0   Data           4  freertos.o(.data)
    toggleTaskHandle                         0x200000e4   Data           4  freertos.o(.data)
    shellThreadHandle                        0x200000e8   Data           4  freertos.o(.data)
    __stdout                                 0x200000ec   Data           4  mdkretarget.o(.data)
    SystemCoreClock                          0x20000108   Data           4  system_stm32f7xx.o(.data)
    pxCurrentTCB                             0x20000124   Data           4  tasks.o(.data)
    disk                                     0x20000168   Data          12  ff_gen_drv.o(.bss)
    dhcp_rx_options_val                      0x20000174   Data          40  dhcp.o(.bss)
    dhcp_rx_options_given                    0x2000019c   Data          10  dhcp.o(.bss)
    ram_heap                                 0x20000270   Data        1620  mem.o(.bss)
    DMARxDscrTab                             0x20003a40   Data         128  ethernetif.o(.bss)
    DMATxDscrTab                             0x20003ac0   Data         128  ethernetif.o(.bss)
    Rx_Buff                                  0x20003b40   Data        6096  ethernetif.o(.bss)
    Tx_Buff                                  0x20005310   Data        6096  ethernetif.o(.bss)
    heth                                     0x20006ae0   Data          72  ethernetif.o(.bss)
    gnetif                                   0x20006b28   Data          52  lwip.o(.bss)
    hi2c2                                    0x20006b5c   Data          60  i2c.o(.bss)
    hspi1                                    0x20006b98   Data         100  spi.o(.bss)
    hspi4                                    0x20006bfc   Data         100  spi.o(.bss)
    hspi5                                    0x20006c60   Data         100  spi.o(.bss)
    hdcmi                                    0x20006cc4   Data          80  dcmi.o(.bss)
    hdma_dcmi                                0x20006d14   Data          88  dcmi.o(.bss)
    huart3                                   0x20006d6c   Data         112  usart.o(.bss)
    htim1                                    0x20006ddc   Data          60  tim.o(.bss)
    __initial_sp                             0x2000af08   Data           0  startup_stm32f746xx.o(STACK)



==============================================================================

Memory Map of the image

  Image Entry point : 0x080001c9

  Load Region LR_IROM1 (Base: 0x08000000, Size: 0x0000ab18, Max: 0x00100000, ABSOLUTE, COMPRESSED[0x0000a9f0])

    Execution Region ER_IROM1 (Base: 0x08000000, Size: 0x0000a9b0, Max: 0x00100000, ABSOLUTE)

    Base Addr    Size         Type   Attr      Idx    E Section Name        Object

    0x08000000   0x000001c8   Data   RO         7976    RESET               startup_stm32f746xx.o
    0x080001c8   0x00000000   Code   RO         9020  * .ARM.Collect$$$$00000000  mc_w.l(entry.o)
    0x080001c8   0x00000004   Code   RO         9304    .ARM.Collect$$$$00000001  mc_w.l(entry2.o)
    0x080001cc   0x00000004   Code   RO         9307    .ARM.Collect$$$$00000004  mc_w.l(entry5.o)
    0x080001d0   0x00000000   Code   RO         9309    .ARM.Collect$$$$00000008  mc_w.l(entry7b.o)
    0x080001d0   0x00000000   Code   RO         9311    .ARM.Collect$$$$0000000A  mc_w.l(entry8b.o)
    0x080001d0   0x00000008   Code   RO         9312    .ARM.Collect$$$$0000000B  mc_w.l(entry9a.o)
    0x080001d8   0x00000000   Code   RO         9314    .ARM.Collect$$$$0000000D  mc_w.l(entry10a.o)
    0x080001d8   0x00000000   Code   RO         9316    .ARM.Collect$$$$0000000F  mc_w.l(entry11a.o)
    0x080001d8   0x00000004   Code   RO         9305    .ARM.Collect$$$$00002712  mc_w.l(entry2.o)
    0x080001dc   0x000000ba   Code   RO         8919    .emb_text           port.o
    0x08000296   0x00000002   PAD
    0x08000298   0x00000024   Code   RO         7977    .text               startup_stm32f746xx.o
    0x080002bc   0x00000024   Code   RO         9025    .text               mc_w.l(memcpya.o)
    0x080002e0   0x00000024   Code   RO         9027    .text               mc_w.l(memseta.o)
    0x08000304   0x0000000e   Code   RO         9029    .text               mc_w.l(strlen.o)
    0x08000312   0x0000001a   Code   RO         9031    .text               mc_w.l(memcmp.o)
    0x0800032c   0x00000012   Code   RO         9033    .text               mc_w.l(strcpy.o)
    0x0800033e   0x0000001c   Code   RO         9035    .text               mc_w.l(strspn.o)
    0x0800035a   0x00000020   Code   RO         9037    .text               mc_w.l(strpbrk.o)
    0x0800037a   0x0000002a   Code   RO         9041    .text               mc_w.l(strcasecmp.o)
    0x080003a4   0x0000002c   Code   RO         9318    .text               mc_w.l(uidiv.o)
    0x080003d0   0x0000000c   Code   RO         9322    .text               mc_w.l(tolower.o)
    0x080003dc   0x00000024   Code   RO         9335    .text               mc_w.l(init.o)
    0x08000400   0x00000056   Code   RO         9353    .text               mc_w.l(__dczerorl2.o)
    0x08000456   0x00000002   PAD
    0x08000458   0x0000000c   Code   RO         7188    i.DCMI_IRQHandler   stm32f7xx_it.o
    0x08000464   0x0000000c   Code   RO         7189    i.DMA2_Stream1_IRQHandler  stm32f7xx_it.o
    0x08000470   0x00000028   Code   RO         1117    i.DMA_CalcBaseAndBitshift  stm32f7xx_hal_dma.o
    0x08000498   0x0000002e   Code   RO          678    i.ETH_FlushTransmitFIFO  stm32f7xx_hal_eth.o
    0x080004c6   0x00000002   PAD
    0x080004c8   0x0000000c   Code   RO         7190    i.ETH_IRQHandler    stm32f7xx_it.o
    0x080004d4   0x00000124   Code   RO          679    i.ETH_MACDMAConfig  stm32f7xx_hal_eth.o
    0x080005f8   0x00000006   Code   RO          628    i.FATFS_LinkDriver  ff_gen_drv.o
    0x080005fe   0x00000002   PAD
    0x08000600   0x00000040   Code   RO          629    i.FATFS_LinkDriverEx  ff_gen_drv.o
    0x08000640   0x00000024   Code   RO         7615    i.Get_Char          usart.o
    0x08000664   0x00000002   Code   RO          835    i.HAL_DCMI_ErrorCallback  stm32f7xx_hal_dcmi.o
    0x08000666   0x00000002   Code   RO          836    i.HAL_DCMI_FrameEventCallback  stm32f7xx_hal_dcmi.o
    0x08000668   0x000000e0   Code   RO          839    i.HAL_DCMI_IRQHandler  stm32f7xx_hal_dcmi.o
    0x08000748   0x000000c0   Code   RO         2871    i.HAL_DCMI_Init     stm32f7xx_hal_dcmi_ex.o
    0x08000808   0x00000002   Code   RO          841    i.HAL_DCMI_LineEventCallback  stm32f7xx_hal_dcmi.o
    0x0800080a   0x00000002   PAD
    0x0800080c   0x000000e8   Code   RO         7574    i.HAL_DCMI_MspInit  dcmi.o
    0x080008f4   0x00000002   Code   RO          846    i.HAL_DCMI_VsyncEventCallback  stm32f7xx_hal_dcmi.o
    0x080008f6   0x00000002   PAD
    0x080008f8   0x00000056   Code   RO         1119    i.HAL_DMA_Abort     stm32f7xx_hal_dma.o
    0x0800094e   0x00000002   PAD
    0x08000950   0x00000198   Code   RO         1123    i.HAL_DMA_IRQHandler  stm32f7xx_hal_dma.o
    0x08000ae8   0x0000008c   Code   RO         1124    i.HAL_DMA_Init      stm32f7xx_hal_dma.o
    0x08000b74   0x00000016   Code   RO         1303    i.HAL_Delay         stm32f7xx_hal.o
    0x08000b8a   0x00000074   Code   RO          682    i.HAL_ETH_DMARxDescListInit  stm32f7xx_hal_eth.o
    0x08000bfe   0x00000002   PAD
    0x08000c00   0x00000084   Code   RO          683    i.HAL_ETH_DMATxDescListInit  stm32f7xx_hal_eth.o
    0x08000c84   0x00000002   Code   RO          685    i.HAL_ETH_ErrorCallback  stm32f7xx_hal_eth.o
    0x08000c86   0x0000008c   Code   RO          687    i.HAL_ETH_GetReceivedFrame_IT  stm32f7xx_hal_eth.o
    0x08000d12   0x00000076   Code   RO          689    i.HAL_ETH_IRQHandler  stm32f7xx_hal_eth.o
    0x08000d88   0x000001f0   Code   RO          690    i.HAL_ETH_Init      stm32f7xx_hal_eth.o
    0x08000f78   0x000000c4   Code   RO         7093    i.HAL_ETH_MspInit   ethernetif.o
    0x0800103c   0x00000086   Code   RO          693    i.HAL_ETH_ReadPHYRegister  stm32f7xx_hal_eth.o
    0x080010c2   0x00000002   PAD
    0x080010c4   0x0000000c   Code   RO         7094    i.HAL_ETH_RxCpltCallback  ethernetif.o
    0x080010d0   0x00000084   Code   RO          695    i.HAL_ETH_Start     stm32f7xx_hal_eth.o
    0x08001154   0x00000112   Code   RO          697    i.HAL_ETH_TransmitFrame  stm32f7xx_hal_eth.o
    0x08001266   0x00000002   Code   RO          698    i.HAL_ETH_TxCpltCallback  stm32f7xx_hal_eth.o
    0x08001268   0x0000007a   Code   RO          699    i.HAL_ETH_WritePHYRegister  stm32f7xx_hal_eth.o
    0x080012e2   0x00000002   PAD
    0x080012e4   0x000001d8   Code   RO         2808    i.HAL_GPIO_Init     stm32f7xx_hal_gpio.o
    0x080014bc   0x00000008   Code   RO         2811    i.HAL_GPIO_TogglePin  stm32f7xx_hal_gpio.o
    0x080014c4   0x0000000c   Code   RO         1311    i.HAL_GetTick       stm32f7xx_hal.o
    0x080014d0   0x00000076   Code   RO         1771    i.HAL_I2CEx_ConfigAnalogFilter  stm32f7xx_hal_i2c_ex.o
    0x08001546   0x00000002   PAD
    0x08001548   0x000000ac   Code   RO         1460    i.HAL_I2C_Init      stm32f7xx_hal_i2c.o
    0x080015f4   0x00000048   Code   RO         7454    i.HAL_I2C_MspInit   i2c.o
    0x0800163c   0x00000010   Code   RO         1312    i.HAL_IncTick       stm32f7xx_hal.o
    0x0800164c   0x00000016   Code   RO         1313    i.HAL_Init          stm32f7xx_hal.o
    0x08001662   0x00000022   Code   RO         1314    i.HAL_InitTick      stm32f7xx_hal.o
    0x08001684   0x00000016   Code   RO         7068    i.HAL_MspInit       stm32f7xx_hal_msp.o
    0x0800169a   0x00000016   Code   RO          956    i.HAL_NVIC_EnableIRQ  stm32f7xx_hal_cortex.o
    0x080016b0   0x00000040   Code   RO          962    i.HAL_NVIC_SetPriority  stm32f7xx_hal_cortex.o
    0x080016f0   0x00000024   Code   RO          963    i.HAL_NVIC_SetPriorityGrouping  stm32f7xx_hal_cortex.o
    0x08001714   0x0000006c   Code   RO         1210    i.HAL_PWREx_EnableOverDrive  stm32f7xx_hal_pwr_ex.o
    0x08001780   0x000006b0   Code   RO         1908    i.HAL_RCCEx_PeriphCLKConfig  stm32f7xx_hal_rcc_ex.o
    0x08001e30   0x000001cc   Code   RO         1802    i.HAL_RCC_ClockConfig  stm32f7xx_hal_rcc.o
    0x08001ffc   0x00000034   Code   RO         1807    i.HAL_RCC_GetHCLKFreq  stm32f7xx_hal_rcc.o
    0x08002030   0x0000002c   Code   RO         1809    i.HAL_RCC_GetPCLK1Freq  stm32f7xx_hal_rcc.o
    0x0800205c   0x0000002c   Code   RO         1810    i.HAL_RCC_GetPCLK2Freq  stm32f7xx_hal_rcc.o
    0x08002088   0x00000080   Code   RO         1811    i.HAL_RCC_GetSysClockFreq  stm32f7xx_hal_rcc.o
    0x08002108   0x00000094   Code   RO         1812    i.HAL_RCC_MCOConfig  stm32f7xx_hal_rcc.o
    0x0800219c   0x0000039c   Code   RO         1814    i.HAL_RCC_OscConfig  stm32f7xx_hal_rcc.o
    0x08002538   0x000000c8   Code   RO         2509    i.HAL_SPI_Init      stm32f7xx_hal_spi.o
    0x08002600   0x000000bc   Code   RO         7496    i.HAL_SPI_MspInit   spi.o
    0x080026bc   0x00000018   Code   RO          965    i.HAL_SYSTICK_CLKSourceConfig  stm32f7xx_hal_cortex.o
    0x080026d4   0x00000026   Code   RO          967    i.HAL_SYSTICK_Config  stm32f7xx_hal_cortex.o
    0x080026fa   0x00000062   Code   RO         3531    i.HAL_TIMEx_ConfigBreakDeadTime  stm32f7xx_hal_tim_ex.o
    0x0800275c   0x00000058   Code   RO         3547    i.HAL_TIMEx_MasterConfigSynchronization  stm32f7xx_hal_tim_ex.o
    0x080027b4   0x00000030   Code   RO         2897    i.HAL_TIM_Base_Init  stm32f7xx_hal_tim.o
    0x080027e4   0x00000064   Code   RO         7694    i.HAL_TIM_Base_MspInit  tim.o
    0x08002848   0x000000fc   Code   RO         2906    i.HAL_TIM_ConfigClockSource  stm32f7xx_hal_tim.o
    0x08002944   0x00000128   Code   RO         3567    i.HAL_TIM_PWM_ConfigChannel  stm32f7xx_hal_tim_ex.o
    0x08002a6c   0x00000036   Code   RO         2966    i.HAL_TIM_PWM_Init  stm32f7xx_hal_tim.o
    0x08002aa2   0x00000002   Code   RO         2968    i.HAL_TIM_PWM_MspInit  stm32f7xx_hal_tim.o
    0x08002aa4   0x0000006a   Code   RO         1959    i.HAL_UART_Init     stm32f7xx_hal_uart.o
    0x08002b0e   0x00000002   PAD
    0x08002b10   0x00000048   Code   RO         7617    i.HAL_UART_MspInit  usart.o
    0x08002b58   0x0000010c   Code   RO         1962    i.HAL_UART_Receive  stm32f7xx_hal_uart.o
    0x08002c64   0x000000c8   Code   RO         1967    i.HAL_UART_Transmit  stm32f7xx_hal_uart.o
    0x08002d2c   0x00000034   Code   RO         7575    i.MX_DCMI_Init      dcmi.o
    0x08002d60   0x0000002c   Code   RO         7669    i.MX_DMA_Init       dma.o
    0x08002d8c   0x0000001c   Code   RO         7234    i.MX_FATFS_Init     fatfs.o
    0x08002da8   0x00000060   Code   RO         7386    i.MX_FREERTOS_Init  freertos.o
    0x08002e08   0x000000d8   Code   RO         7549    i.MX_GPIO_Init      gpio.o
    0x08002ee0   0x0000003c   Code   RO         7455    i.MX_I2C2_Init      i2c.o
    0x08002f1c   0x00000060   Code   RO         7270    i.MX_LWIP_Init      lwip.o
    0x08002f7c   0x00000040   Code   RO         7497    i.MX_SPI1_Init      spi.o
    0x08002fbc   0x00000040   Code   RO         7498    i.MX_SPI4_Init      spi.o
    0x08002ffc   0x00000040   Code   RO         7499    i.MX_SPI5_Init      spi.o
    0x0800303c   0x000000a0   Code   RO         7695    i.MX_TIM1_Init      tim.o
    0x080030dc   0x00000034   Code   RO         7618    i.MX_USART3_UART_Init  usart.o
    0x08003110   0x00000022   Code   RO          969    i.NVIC_SetPriority  stm32f7xx_hal_cortex.o
    0x08003132   0x00000002   PAD
    0x08003134   0x00000024   Code   RO         7619    i.Send_Char         usart.o
    0x08003158   0x00000010   Code   RO         7387    i.StartDefaultTask  freertos.o
    0x08003168   0x00000004   Code   RO         7191    i.SysTick_Handler   stm32f7xx_it.o
    0x0800316c   0x000000c4   Code   RO         6979    i.SystemClock_Config  main.o
    0x08003230   0x00000054   Code   RO         7944    i.SystemInit        system_stm32f7xx.o
    0x08003284   0x000000c4   Code   RO         2981    i.TIM_Base_SetConfig  stm32f7xx_hal_tim.o
    0x08003348   0x00000012   Code   RO         2988    i.TIM_ETR_SetConfig  stm32f7xx_hal_tim.o
    0x0800335a   0x00000010   Code   RO         2989    i.TIM_ITRx_SetConfig  stm32f7xx_hal_tim.o
    0x0800336a   0x00000002   PAD
    0x0800336c   0x00000068   Code   RO         2990    i.TIM_OC1_SetConfig  stm32f7xx_hal_tim.o
    0x080033d4   0x0000006c   Code   RO         2991    i.TIM_OC2_SetConfig  stm32f7xx_hal_tim.o
    0x08003440   0x0000006c   Code   RO         2992    i.TIM_OC3_SetConfig  stm32f7xx_hal_tim.o
    0x080034ac   0x00000058   Code   RO         2993    i.TIM_OC4_SetConfig  stm32f7xx_hal_tim.o
    0x08003504   0x00000058   Code   RO         3570    i.TIM_OC5_SetConfig  stm32f7xx_hal_tim_ex.o
    0x0800355c   0x00000058   Code   RO         3571    i.TIM_OC6_SetConfig  stm32f7xx_hal_tim_ex.o
    0x080035b4   0x00000022   Code   RO         2995    i.TIM_TI1_ConfigInputStage  stm32f7xx_hal_tim.o
    0x080035d6   0x00000024   Code   RO         2997    i.TIM_TI2_ConfigInputStage  stm32f7xx_hal_tim.o
    0x080035fa   0x00000002   PAD
    0x080035fc   0x00000020   Code   RO         7388    i.ToggleLedTask     freertos.o
    0x0800361c   0x000000c8   Code   RO         1972    i.UART_AdvFeatureConfig  stm32f7xx_hal_uart.o
    0x080036e4   0x0000004e   Code   RO         1973    i.UART_CheckIdleState  stm32f7xx_hal_uart.o
    0x08003732   0x00000002   PAD
    0x08003734   0x00000248   Code   RO         1980    i.UART_SetConfig    stm32f7xx_hal_uart.o
    0x0800397c   0x00000092   Code   RO         1982    i.UART_WaitOnFlagUntilTimeout  stm32f7xx_hal_uart.o
    0x08003a0e   0x00000002   PAD
    0x08003a10   0x00000018   Code   RO         7322    i.USER_initialize   user_diskio.o
    0x08003a28   0x00000004   Code   RO         7323    i.USER_ioctl        user_diskio.o
    0x08003a2c   0x00000004   Code   RO         7324    i.USER_read         user_diskio.o
    0x08003a30   0x00000018   Code   RO         7325    i.USER_status       user_diskio.o
    0x08003a48   0x00000004   Code   RO         7326    i.USER_write        user_diskio.o
    0x08003a4c   0x00000020   Code   RO         9132    i.__0printf$3       mc_w.l(printf3.o)
    0x08003a6c   0x00000028   Code   RO         9134    i.__0sprintf$3      mc_w.l(printf3.o)
    0x08003a94   0x0000000e   Code   RO         9347    i.__scatterload_copy  mc_w.l(handlers.o)
    0x08003aa2   0x00000002   Code   RO         9348    i.__scatterload_null  mc_w.l(handlers.o)
    0x08003aa4   0x0000000e   Code   RO         9349    i.__scatterload_zeroinit  mc_w.l(handlers.o)
    0x08003ab2   0x00000002   PAD
    0x08003ab4   0x000001b8   Code   RO         9139    i._printf_core      mc_w.l(printf3.o)
    0x08003c6c   0x0000000a   Code   RO         9141    i._sputc            mc_w.l(printf3.o)
    0x08003c76   0x00000038   Code   RO         7920    i._strtok           utility.o
    0x08003cae   0x00000002   PAD
    0x08003cb0   0x0000001c   Code   RO         6137    i.arp_timer         lwip_timers.o
    0x08003ccc   0x0000009c   Code   RO         7854    i.cmd_info          shell.o
    0x08003d68   0x00000078   Code   RO         7855    i.cmd_tasks         shell.o
    0x08003de0   0x00000030   Code   RO         7856    i.cmdexec           shell.o
    0x08003e10   0x0000001e   Code   RO         4331    i.dhcp_arp_reply    dhcp.o
    0x08003e2e   0x000000ba   Code   RO         4332    i.dhcp_bind         dhcp.o
    0x08003ee8   0x00000030   Code   RO         4333    i.dhcp_check        dhcp.o
    0x08003f18   0x00000060   Code   RO         4335    i.dhcp_coarse_tmr   dhcp.o
    0x08003f78   0x00000124   Code   RO         4336    i.dhcp_create_msg   dhcp.o
    0x0800409c   0x00000078   Code   RO         4337    i.dhcp_decline      dhcp.o
    0x08004114   0x00000016   Code   RO         4338    i.dhcp_delete_msg   dhcp.o
    0x0800412a   0x00000002   PAD
    0x0800412c   0x000000bc   Code   RO         4339    i.dhcp_discover     dhcp.o
    0x080041e8   0x00000034   Code   RO         4340    i.dhcp_fine_tmr     dhcp.o
    0x0800421c   0x0000005c   Code   RO         4341    i.dhcp_handle_ack   dhcp.o
    0x08004278   0x00000020   Code   RO         4344    i.dhcp_option       dhcp.o
    0x08004298   0x00000012   Code   RO         4345    i.dhcp_option_byte  dhcp.o
    0x080042aa   0x00000042   Code   RO         4346    i.dhcp_option_long  dhcp.o
    0x080042ec   0x00000022   Code   RO         4347    i.dhcp_option_short  dhcp.o
    0x0800430e   0x00000030   Code   RO         4348    i.dhcp_option_trailer  dhcp.o
    0x0800433e   0x00000002   PAD
    0x08004340   0x00000200   Code   RO         4349    i.dhcp_parse_reply  dhcp.o
    0x08004540   0x00000088   Code   RO         4350    i.dhcp_rebind       dhcp.o
    0x080045c8   0x000000a0   Code   RO         4351    i.dhcp_reboot       dhcp.o
    0x08004668   0x00000114   Code   RO         4352    i.dhcp_recv         dhcp.o
    0x0800477c   0x000000a4   Code   RO         4353    i.dhcp_release      dhcp.o
    0x08004820   0x00000084   Code   RO         4354    i.dhcp_renew        dhcp.o
    0x080048a4   0x000000e8   Code   RO         4355    i.dhcp_select       dhcp.o
    0x0800498c   0x00000010   Code   RO         4356    i.dhcp_set_state    dhcp.o
    0x0800499c   0x000000a4   Code   RO         4358    i.dhcp_start        dhcp.o
    0x08004a40   0x00000032   Code   RO         4359    i.dhcp_stop         dhcp.o
    0x08004a72   0x00000088   Code   RO         4360    i.dhcp_timeout      dhcp.o
    0x08004afa   0x00000002   PAD
    0x08004afc   0x0000001c   Code   RO         6138    i.dhcp_timer_coarse  lwip_timers.o
    0x08004b18   0x0000001c   Code   RO         6139    i.dhcp_timer_fine   lwip_timers.o
    0x08004b34   0x000000ce   Code   RO         4608    i.etharp_arp_input  etharp.o
    0x08004c02   0x00000002   PAD
    0x08004c04   0x00000030   Code   RO         4609    i.etharp_cleanup_netif  etharp.o
    0x08004c34   0x000000dc   Code   RO         4611    i.etharp_find_entry  etharp.o
    0x08004d10   0x00000024   Code   RO         4612    i.etharp_free_entry  etharp.o
    0x08004d34   0x00000100   Code   RO         4613    i.etharp_output     etharp.o
    0x08004e34   0x00000044   Code   RO         4614    i.etharp_output_to_arp_index  etharp.o
    0x08004e78   0x000000ec   Code   RO         4615    i.etharp_query      etharp.o
    0x08004f64   0x000000a6   Code   RO         4616    i.etharp_raw        etharp.o
    0x0800500a   0x00000002   PAD
    0x0800500c   0x00000024   Code   RO         4617    i.etharp_request    etharp.o
    0x08005030   0x00000020   Code   RO         4618    i.etharp_send_ip    etharp.o
    0x08005050   0x00000048   Code   RO         4619    i.etharp_tmr        etharp.o
    0x08005098   0x0000007c   Code   RO         4620    i.etharp_update_arp_entry  etharp.o
    0x08005114   0x00000090   Code   RO         4621    i.ethernet_input    etharp.o
    0x080051a4   0x00000028   Code   RO         7095    i.ethernetif_init   ethernetif.o
    0x080051cc   0x00000030   Code   RO         7096    i.ethernetif_input  ethernetif.o
    0x080051fc   0x00000006   Code   RO         7739    i.fputc             mdkretarget.o
    0x08005202   0x00000008   Code   RO         6833    i.icmp_dest_unreach  icmp.o
    0x0800520a   0x00000002   PAD
    0x0800520c   0x000000fc   Code   RO         6834    i.icmp_input        icmp.o
    0x08005308   0x00000066   Code   RO         6835    i.icmp_send_response  icmp.o
    0x0800536e   0x00000008   Code   RO         6836    i.icmp_time_exceeded  icmp.o
    0x08005376   0x0000000c   Code   RO         8586    i.inHandlerMode     cmsis_os.o
    0x08005382   0x0000000c   Code   RO         4806    i.inet_chksum       inet_chksum.o
    0x0800538e   0x00000048   Code   RO         4807    i.inet_chksum_pbuf  inet_chksum.o
    0x080053d6   0x0000002e   Code   RO         6469    i.ip4_addr_isbroadcast  ip_addr.o
    0x08005404   0x00000170   Code   RO         4732    i.ip_frag           ip_frag.o
    0x08005574   0x00000008   Code   RO         4733    i.ip_frag_free_pbuf_custom_ref  ip_frag.o
    0x0800557c   0x00000174   Code   RO         5385    i.ip_input          ip.o
    0x080056f0   0x00000034   Code   RO         5386    i.ip_output         ip.o
    0x08005724   0x000000ac   Code   RO         5387    i.ip_output_if      ip.o
    0x080057d0   0x00000190   Code   RO         4734    i.ip_reass          ip_frag.o
    0x08005960   0x000000f0   Code   RO         4735    i.ip_reass_chain_frag_into_datagram_and_validate  ip_frag.o
    0x08005a50   0x00000024   Code   RO         4736    i.ip_reass_dequeue_datagram  ip_frag.o
    0x08005a74   0x00000070   Code   RO         4737    i.ip_reass_free_complete_datagram  ip_frag.o
    0x08005ae4   0x0000006c   Code   RO         4738    i.ip_reass_remove_oldest_datagram  ip_frag.o
    0x08005b50   0x0000001c   Code   RO         6140    i.ip_reass_timer    lwip_timers.o
    0x08005b6c   0x0000002c   Code   RO         4739    i.ip_reass_tmr      ip_frag.o
    0x08005b98   0x00000040   Code   RO         5388    i.ip_route          ip.o
    0x08005bd8   0x00000016   Code   RO         4740    i.ipfrag_free_pbuf_custom  ip_frag.o
    0x08005bee   0x00000002   PAD
    0x08005bf0   0x0000001c   Code   RO         7857    i.list_commands     shell.o
    0x08005c0c   0x0000012c   Code   RO         7098    i.low_level_init    ethernetif.o
    0x08005d38   0x000000c8   Code   RO         7099    i.low_level_input   ethernetif.o
    0x08005e00   0x000000b0   Code   RO         7100    i.low_level_output  ethernetif.o
    0x08005eb0   0x00000004   Code   RO         6892    i.lwip_htonl        def.o
    0x08005eb4   0x00000004   Code   RO         6893    i.lwip_htons        def.o
    0x08005eb8   0x00000026   Code   RO         4857    i.lwip_init         init.o
    0x08005ede   0x00000004   Code   RO         6894    i.lwip_ntohl        def.o
    0x08005ee2   0x00000004   Code   RO         6895    i.lwip_ntohs        def.o
    0x08005ee6   0x00000002   Code   RO         5907    i.lwip_socket_init  sockets.o
    0x08005ee8   0x0000005c   Code   RO         4810    i.lwip_standard_chksum  inet_chksum.o
    0x08005f44   0x00000036   Code   RO         6980    i.main              main.o
    0x08005f7a   0x0000000e   Code   RO         8588    i.makeFreeRtosPriority  cmsis_os.o
    0x08005f88   0x00000044   Code   RO         5329    i.mem_free          mem.o
    0x08005fcc   0x0000003c   Code   RO         5330    i.mem_init          mem.o
    0x08006008   0x000000d4   Code   RO         5331    i.mem_malloc        mem.o
    0x080060dc   0x000000e0   Code   RO         5332    i.mem_trim          mem.o
    0x080061bc   0x00000018   Code   RO         5496    i.memp_free         memp.o
    0x080061d4   0x00000058   Code   RO         5497    i.memp_init         memp.o
    0x0800622c   0x00000020   Code   RO         5498    i.memp_malloc       memp.o
    0x0800624c   0x0000004c   Code   RO         5583    i.netif_add         netif.o
    0x08006298   0x00000002   Code   RO         5585    i.netif_init        netif.o
    0x0800629a   0x00000020   Code   RO         5587    i.netif_set_addr    netif.o
    0x080062ba   0x00000002   PAD
    0x080062bc   0x0000000c   Code   RO         5588    i.netif_set_default  netif.o
    0x080062c8   0x0000001a   Code   RO         5589    i.netif_set_down    netif.o
    0x080062e2   0x00000008   Code   RO         5590    i.netif_set_gw      netif.o
    0x080062ea   0x00000002   PAD
    0x080062ec   0x00000068   Code   RO         5591    i.netif_set_ipaddr  netif.o
    0x08006354   0x00000008   Code   RO         5594    i.netif_set_netmask  netif.o
    0x0800635c   0x00000020   Code   RO         5595    i.netif_set_up      netif.o
    0x0800637c   0x0000000e   Code   RO         8589    i.osDelay           cmsis_os.o
    0x0800638a   0x0000000a   Code   RO         8592    i.osKernelStart     cmsis_os.o
    0x08006394   0x0000002e   Code   RO         8615    i.osSemaphoreCreate  cmsis_os.o
    0x080063c2   0x00000002   PAD
    0x080063c4   0x00000050   Code   RO         8617    i.osSemaphoreRelease  cmsis_os.o
    0x08006414   0x0000006c   Code   RO         8618    i.osSemaphoreWait   cmsis_os.o
    0x08006480   0x00000014   Code   RO         8621    i.osSystickHandler  cmsis_os.o
    0x08006494   0x00000038   Code   RO         8622    i.osThreadCreate    cmsis_os.o
    0x080064cc   0x0000011e   Code   RO         6304    i.pbuf_alloc        pbuf.o
    0x080065ea   0x00000054   Code   RO         6305    i.pbuf_alloced_custom  pbuf.o
    0x0800663e   0x00000028   Code   RO         6306    i.pbuf_cat          pbuf.o
    0x08006666   0x00000012   Code   RO         6307    i.pbuf_chain        pbuf.o
    0x08006678   0x00000012   Code   RO         6308    i.pbuf_clen         pbuf.o
    0x0800668a   0x0000009a   Code   RO         6310    i.pbuf_copy         pbuf.o
    0x08006724   0x00000066   Code   RO         6311    i.pbuf_copy_partial  pbuf.o
    0x0800678a   0x00000052   Code   RO         6313    i.pbuf_free         pbuf.o
    0x080067dc   0x0000002c   Code   RO         6314    i.pbuf_free_ooseq_callback  pbuf.o
    0x08006808   0x00000060   Code   RO         6316    i.pbuf_header       pbuf.o
    0x08006868   0x0000002c   Code   RO         6319    i.pbuf_pool_is_empty  pbuf.o
    0x08006894   0x0000004e   Code   RO         6320    i.pbuf_realloc      pbuf.o
    0x080068e2   0x0000000c   Code   RO         6321    i.pbuf_ref          pbuf.o
    0x080068ee   0x00000002   PAD
    0x080068f0   0x00000054   Code   RO         5333    i.plug_holes        mem.o
    0x08006944   0x00000034   Code   RO         8045    i.prvAddCurrentTaskToDelayedList  tasks.o
    0x08006978   0x00000054   Code   RO         8046    i.prvCheckTasksWaitingTermination  tasks.o
    0x080069cc   0x00000026   Code   RO         8422    i.prvCopyDataFromQueue  queue.o
    0x080069f2   0x0000006e   Code   RO         8423    i.prvCopyDataToQueue  queue.o
    0x08006a60   0x00000050   Code   RO         7981    i.prvHeapInit       heap_4.o
    0x08006ab0   0x00000028   Code   RO         8047    i.prvIdleTask       tasks.o
    0x08006ad8   0x0000004c   Code   RO         7982    i.prvInsertBlockIntoFreeList  heap_4.o
    0x08006b24   0x0000008e   Code   RO         8048    i.prvListTaskWithinSingleList  tasks.o
    0x08006bb2   0x00000002   PAD
    0x08006bb4   0x00000020   Code   RO         8049    i.prvResetNextTaskUnblockTime  tasks.o
    0x08006bd4   0x00000030   Code   RO         8920    i.prvTaskExitError  port.o
    0x08006c04   0x00000064   Code   RO         8424    i.prvUnlockQueue    queue.o
    0x08006c68   0x000000e4   Code   RO         7983    i.pvPortMalloc      heap_4.o
    0x08006d4c   0x00000018   Code   RO         8051    i.pvTaskIncrementMutexHeldCount  tasks.o
    0x08006d64   0x00000028   Code   RO         8921    i.pxPortInitialiseStack  port.o
    0x08006d8c   0x00000078   Code   RO         6071    i.raw_input         raw.o
    0x08006e04   0x00000074   Code   RO         7858    i.shellGetLine      shell.o
    0x08006e78   0x00000190   Code   RO         7859    i.shellStart        shell.o
    0x08007008   0x00000014   Code   RO         7860    i.shellUsage        shell.o
    0x0800701c   0x00000050   Code   RO         4981    i.sys_arch_mbox_fetch  sys_arch.o
    0x0800706c   0x00000042   Code   RO         4984    i.sys_arch_sem_wait  sys_arch.o
    0x080070ae   0x00000002   PAD
    0x080070b0   0x0000000c   Code   RO         4987    i.sys_init          sys_arch.o
    0x080070bc   0x0000001c   Code   RO         4989    i.sys_mbox_new      sys_arch.o
    0x080070d8   0x0000001a   Code   RO         4990    i.sys_mbox_post     sys_arch.o
    0x080070f2   0x0000001c   Code   RO         4992    i.sys_mbox_trypost  sys_arch.o
    0x0800710e   0x0000000a   Code   RO         4993    i.sys_mbox_valid    sys_arch.o
    0x08007118   0x00000006   Code   RO         4995    i.sys_mutex_lock    sys_arch.o
    0x0800711e   0x00000018   Code   RO         4996    i.sys_mutex_new     sys_arch.o
    0x08007136   0x0000000c   Code   RO         4997    i.sys_mutex_unlock  sys_arch.o
    0x08007142   0x00000002   PAD
    0x08007144   0x0000003c   Code   RO         5003    i.sys_thread_new    sys_arch.o
    0x08007180   0x0000005c   Code   RO         6141    i.sys_timeout       lwip_timers.o
    0x080071dc   0x00000048   Code   RO         6142    i.sys_timeouts_init  lwip_timers.o
    0x08007224   0x00000060   Code   RO         6143    i.sys_timeouts_mbox_fetch  lwip_timers.o
    0x08007284   0x00000048   Code   RO         6144    i.sys_untimeout     lwip_timers.o
    0x080072cc   0x00000094   Code   RO         4058    i.tcp_abandon       tcp.o
    0x08007360   0x00000006   Code   RO         4059    i.tcp_abort         tcp.o
    0x08007366   0x00000002   PAD
    0x08007368   0x000000f8   Code   RO         4062    i.tcp_alloc         tcp.o
    0x08007460   0x00000014   Code   RO         4065    i.tcp_close         tcp.o
    0x08007474   0x00000128   Code   RO         4066    i.tcp_close_shutdown  tcp.o
    0x0800759c   0x0000009e   Code   RO         6729    i.tcp_create_segment  tcp_out.o
    0x0800763a   0x00000020   Code   RO         4069    i.tcp_eff_send_mss  tcp.o
    0x0800765a   0x000000ac   Code   RO         6730    i.tcp_enqueue_flags  tcp_out.o
    0x08007706   0x00000002   PAD
    0x08007708   0x00000060   Code   RO         4071    i.tcp_fasttmr       tcp.o
    0x08007768   0x00000002   Code   RO         4072    i.tcp_init          tcp.o
    0x0800776a   0x00000002   PAD
    0x0800776c   0x0000030c   Code   RO         6239    i.tcp_input         tcp_in.o
    0x08007a78   0x0000003c   Code   RO         6731    i.tcp_keepalive     tcp_out.o
    0x08007ab4   0x000000e4   Code   RO         6240    i.tcp_listen_input  tcp_in.o
    0x08007b98   0x00000010   Code   RO         4076    i.tcp_next_iss      tcp.o
    0x08007ba8   0x0000007c   Code   RO         6241    i.tcp_oos_insert_segment  tcp_in.o
    0x08007c24   0x00000190   Code   RO         6732    i.tcp_output        tcp_out.o
    0x08007db4   0x0000006c   Code   RO         6733    i.tcp_output_alloc_header  tcp_out.o
    0x08007e20   0x000000b4   Code   RO         6734    i.tcp_output_segment  tcp_out.o
    0x08007ed4   0x00000080   Code   RO         6242    i.tcp_parseopt      tcp_in.o
    0x08007f54   0x00000042   Code   RO         4077    i.tcp_pcb_purge     tcp.o
    0x08007f96   0x00000002   PAD
    0x08007f98   0x00000058   Code   RO         4078    i.tcp_pcb_remove    tcp.o
    0x08007ff0   0x0000033c   Code   RO         6243    i.tcp_process       tcp_in.o
    0x0800832c   0x00000068   Code   RO         4080    i.tcp_process_refused_data  tcp.o
    0x08008394   0x00000714   Code   RO         6244    i.tcp_receive       tcp_in.o
    0x08008aa8   0x00000024   Code   RO         4082    i.tcp_recv_null     tcp.o
    0x08008acc   0x00000036   Code   RO         4083    i.tcp_recved        tcp.o
    0x08008b02   0x00000052   Code   RO         6736    i.tcp_rexmit        tcp_out.o
    0x08008b54   0x00000058   Code   RO         6737    i.tcp_rexmit_fast   tcp_out.o
    0x08008bac   0x0000002c   Code   RO         6738    i.tcp_rexmit_rto    tcp_out.o
    0x08008bd8   0x00000078   Code   RO         6739    i.tcp_rst           tcp_out.o
    0x08008c50   0x00000028   Code   RO         4084    i.tcp_seg_copy      tcp.o
    0x08008c78   0x0000001c   Code   RO         4085    i.tcp_seg_free      tcp.o
    0x08008c94   0x00000012   Code   RO         4086    i.tcp_segs_free     tcp.o
    0x08008ca6   0x00000048   Code   RO         6740    i.tcp_send_empty_ack  tcp_out.o
    0x08008cee   0x00000044   Code   RO         6741    i.tcp_send_fin      tcp_out.o
    0x08008d32   0x00000002   PAD
    0x08008d34   0x00000280   Code   RO         4090    i.tcp_slowtmr       tcp.o
    0x08008fb4   0x00000034   Code   RO         6145    i.tcp_timer_needed  lwip_timers.o
    0x08008fe8   0x0000006c   Code   RO         6245    i.tcp_timewait_input  tcp_in.o
    0x08009054   0x00000020   Code   RO         4091    i.tcp_tmr           tcp.o
    0x08009074   0x00000036   Code   RO         4092    i.tcp_update_rcv_ann_wnd  tcp.o
    0x080090aa   0x00000088   Code   RO         6743    i.tcp_zero_window_probe  tcp_out.o
    0x08009132   0x00000002   PAD
    0x08009134   0x0000005c   Code   RO         5224    i.tcpip_callback_with_block  tcpip.o
    0x08009190   0x00000044   Code   RO         5227    i.tcpip_init        tcpip.o
    0x080091d4   0x0000004c   Code   RO         5228    i.tcpip_input       tcpip.o
    0x08009220   0x00000038   Code   RO         6146    i.tcpip_tcp_timer   lwip_timers.o
    0x08009258   0x00000080   Code   RO         5229    i.tcpip_thread      tcpip.o
    0x080092d8   0x00000098   Code   RO         6610    i.udp_bind          udp.o
    0x08009370   0x0000004c   Code   RO         6611    i.udp_connect       udp.o
    0x080093bc   0x00000002   Code   RO         6613    i.udp_init          udp.o
    0x080093be   0x00000002   PAD
    0x080093c0   0x0000017c   Code   RO         6614    i.udp_input         udp.o
    0x0800953c   0x0000001a   Code   RO         6615    i.udp_new           udp.o
    0x08009556   0x00000006   Code   RO         6616    i.udp_recv          udp.o
    0x0800955c   0x0000002c   Code   RO         6617    i.udp_remove        udp.o
    0x08009588   0x000000b6   Code   RO         6620    i.udp_sendto_if     udp.o
    0x0800963e   0x00000024   Code   RO         8984    i.uxListRemove      list.o
    0x08009662   0x00000002   PAD
    0x08009664   0x00000094   Code   RO         8054    i.uxTaskGetSystemState  tasks.o
    0x080096f8   0x00000004   Code   RO         7389    i.vApplicationTickHook  freertos.o
    0x080096fc   0x00000016   Code   RO         8985    i.vListInitialise   list.o
    0x08009712   0x00000006   Code   RO         8986    i.vListInitialiseItem  list.o
    0x08009718   0x00000030   Code   RO         8987    i.vListInsert       list.o
    0x08009748   0x00000018   Code   RO         8988    i.vListInsertEnd    list.o
    0x08009760   0x00000048   Code   RO         8923    i.vPortEnterCritical  port.o
    0x080097a8   0x0000002c   Code   RO         8924    i.vPortExitCritical  port.o
    0x080097d4   0x00000064   Code   RO         7984    i.vPortFree         heap_4.o
    0x08009838   0x00000020   Code   RO         8925    i.vPortSetupTimerInterrupt  port.o
    0x08009858   0x0000005c   Code   RO         8926    i.vPortValidateInterruptPriority  port.o
    0x080098b4   0x0000006c   Code   RO         8059    i.vTaskDelay        tasks.o
    0x08009920   0x000000c8   Code   RO         8062    i.vTaskList         tasks.o
    0x080099e8   0x0000000c   Code   RO         8063    i.vTaskMissedYield  tasks.o
    0x080099f4   0x00000068   Code   RO         8065    i.vTaskPlaceOnEventList  tasks.o
    0x08009a5c   0x00000088   Code   RO         8067    i.vTaskPriorityInherit  tasks.o
    0x08009ae4   0x00000028   Code   RO         8071    i.vTaskSetTimeOutState  tasks.o
    0x08009b0c   0x00000068   Code   RO         8072    i.vTaskStartScheduler  tasks.o
    0x08009b74   0x00000010   Code   RO         8074    i.vTaskSuspendAll   tasks.o
    0x08009b84   0x00000060   Code   RO         8075    i.vTaskSwitchContext  tasks.o
    0x08009be4   0x0000000c   Code   RO         7986    i.xPortGetFreeHeapSize  heap_4.o
    0x08009bf0   0x000000a8   Code   RO         8927    i.xPortStartScheduler  port.o
    0x08009c98   0x00000030   Code   RO         8928    i.xPortSysTickHandler  port.o
    0x08009cc8   0x00000054   Code   RO         8434    i.xQueueCreateCountingSemaphore  queue.o
    0x08009d1c   0x0000005e   Code   RO         8435    i.xQueueCreateMutex  queue.o
    0x08009d7a   0x0000006c   Code   RO         8436    i.xQueueGenericCreate  queue.o
    0x08009de6   0x00000002   PAD
    0x08009de8   0x00000178   Code   RO         8437    i.xQueueGenericReceive  queue.o
    0x08009f60   0x00000098   Code   RO         8438    i.xQueueGenericReset  queue.o
    0x08009ff8   0x00000170   Code   RO         8439    i.xQueueGenericSend  queue.o
    0x0800a168   0x000000ac   Code   RO         8441    i.xQueueGiveFromISR  queue.o
    0x0800a214   0x0000009a   Code   RO         8446    i.xQueueReceiveFromISR  queue.o
    0x0800a2ae   0x00000002   PAD
    0x0800a2b0   0x00000074   Code   RO         8076    i.xTaskCheckForTimeOut  tasks.o
    0x0800a324   0x000001c8   Code   RO         8077    i.xTaskGenericCreate  tasks.o
    0x0800a4ec   0x0000001c   Code   RO         8080    i.xTaskGetSchedulerState  tasks.o
    0x0800a508   0x0000000c   Code   RO         8081    i.xTaskGetTickCount  tasks.o
    0x0800a514   0x000000d8   Code   RO         8083    i.xTaskIncrementTick  tasks.o
    0x0800a5ec   0x000000a8   Code   RO         8086    i.xTaskPriorityDisinherit  tasks.o
    0x0800a694   0x00000078   Code   RO         8087    i.xTaskRemoveFromEventList  tasks.o
    0x0800a70c   0x000000c8   Code   RO         8089    i.xTaskResumeAll    tasks.o
    0x0800a7d4   0x00000008   Data   RO         1128    .constdata          stm32f7xx_hal_dma.o
    0x0800a7dc   0x00000010   Data   RO         1815    .constdata          stm32f7xx_hal_rcc.o
    0x0800a7ec   0x00000054   Data   RO         4093    .constdata          tcp.o
    0x0800a840   0x0000000c   Data   RO         4623    .constdata          etharp.o
    0x0800a84c   0x00000038   Data   RO         5500    .constdata          memp.o
    0x0800a884   0x00000004   Data   RO         6476    .constdata          ip_addr.o
    0x0800a888   0x00000004   Data   RO         6477    .constdata          ip_addr.o
    0x0800a88c   0x00000014   Data   RO         7104    .constdata          ethernetif.o
    0x0800a8a0   0x0000003c   Data   RO         7390    .constdata          freertos.o
    0x0800a8dc   0x00000075   Data   RO         4094    .conststring        tcp.o
    0x0800a951   0x00000003   PAD
    0x0800a954   0x00000006   Data   RO         7105    .conststring        ethernetif.o
    0x0800a95a   0x00000002   PAD
    0x0800a95c   0x00000024   Data   RO         7391    .conststring        freertos.o
    0x0800a980   0x0000000e   Data   RO         7861    .conststring        shell.o
    0x0800a98e   0x00000002   PAD
    0x0800a990   0x00000020   Data   RO         9345    Region$$Table       anon$$obj.o


    Execution Region RW_IRAM1 (Base: 0x20000000, Size: 0x0000af08, Max: 0x00050000, ABSOLUTE, COMPRESSED[0x00000040])

    Base Addr    Size         Type   Attr      Idx    E Section Name        Object

    0x20000000   0x00000004   Data   RW         1319    .data               stm32f7xx_hal.o
    0x20000004   0x00000024   Data   RW         4095    .data               tcp.o
    0x20000028   0x00000004   Data   RW         4362    .data               dhcp.o
    0x2000002c   0x00000001   Data   RW         4624    .data               etharp.o
    0x2000002d   0x00000003   PAD
    0x20000030   0x00000008   Data   RW         4741    .data               ip_frag.o
    0x20000038   0x00000002   Data   RW         5004    .data               sys_arch.o
    0x2000003a   0x00000002   PAD
    0x2000003c   0x0000000c   Data   RW         5233    .data               tcpip.o
    0x20000048   0x00000010   Data   RW         5335    .data               mem.o
    0x20000058   0x00000014   Data   RW         5389    .data               ip.o
    0x2000006c   0x0000000c   Data   RW         5596    .data               netif.o
    0x20000078   0x00000004   Data   RW         6077    .data               raw.o
    0x2000007c   0x00000008   Data   RW         6147    .data               lwip_timers.o
    0x20000084   0x0000001c   Data   RW         6247    .data               tcp_in.o
    0x200000a0   0x00000001   Data   RW         6324    .data               pbuf.o
    0x200000a1   0x00000003   PAD
    0x200000a4   0x00000008   Data   RW         6621    .data               udp.o
    0x200000ac   0x00000004   Data   RW         7106    .data               ethernetif.o
    0x200000b0   0x00000005   Data   RW         7236    .data               fatfs.o
    0x200000b5   0x00000003   PAD
    0x200000b8   0x0000000c   Data   RW         7273    .data               lwip.o
    0x200000c4   0x00000001   Data   RW         7327    .data               user_diskio.o
    0x200000c5   0x00000003   PAD
    0x200000c8   0x00000014   Data   RW         7328    .data               user_diskio.o
    0x200000dc   0x00000010   Data   RW         7392    .data               freertos.o
    0x200000ec   0x00000004   Data   RW         7740    .data               mdkretarget.o
    0x200000f0   0x00000018   Data   RW         7862    .data               shell.o
    0x20000108   0x00000004   Data   RW         7946    .data               system_stm32f7xx.o
    0x2000010c   0x00000018   Data   RW         7989    .data               heap_4.o
    0x20000124   0x00000038   Data   RW         8092    .data               tasks.o
    0x2000015c   0x0000000c   Data   RW         8929    .data               port.o
    0x20000168   0x0000000c   Zero   RW          632    .bss                ff_gen_drv.o
    0x20000174   0x00000032   Zero   RW         4361    .bss                dhcp.o
    0x200001a6   0x00000002   PAD
    0x200001a8   0x000000c8   Zero   RW         4622    .bss                etharp.o
    0x20000270   0x00000654   Zero   RW         5334    .bss                mem.o
    0x200008c4   0x0000316b   Zero   RW         5499    .bss                memp.o
    0x20003a2f   0x00000001   PAD
    0x20003a30   0x00000010   Zero   RW         6246    .bss                tcp_in.o
    0x20003a40   0x000030e8   Zero   RW         7103    .bss                ethernetif.o
    0x20006b28   0x00000034   Zero   RW         7272    .bss                lwip.o
    0x20006b5c   0x0000003c   Zero   RW         7456    .bss                i2c.o
    0x20006b98   0x0000012c   Zero   RW         7500    .bss                spi.o
    0x20006cc4   0x000000a8   Zero   RW         7576    .bss                dcmi.o
    0x20006d6c   0x00000070   Zero   RW         7620    .bss                usart.o
    0x20006ddc   0x0000003c   Zero   RW         7696    .bss                tim.o
    0x20006e18   0x00003c00   Zero   RW         7988    .bss                heap_4.o
    0x2000aa18   0x000000f0   Zero   RW         8091    .bss                tasks.o
    0x2000ab08   0x00000400   Zero   RW         7974    STACK               startup_stm32f746xx.o


==============================================================================

Image component sizes


      Code (inc. data)   RO Data    RW Data    ZI Data      Debug   Object Name

         0          0          0          0          0      17003   api_msg.o
       360         12          0          0          0      17875   cmsis_os.o
       284         46          0          0        168       1760   dcmi.o
        16          0          0          0          0       2656   def.o
      3302         74          0          4         50      28554   dhcp.o
         0          0          0          0          0     546980   diskio.o
        44          4          0          0          0        770   dma.o
      1644         62         12          1        200      14916   etharp.o
       972         76         26          4      12520      10794   ethernetif.o
        28         10          0          5          0        988   fatfs.o
        70          4          0          0         12       1703   ff_gen_drv.o
       148         14         96         16          0       3482   freertos.o
       216         14          0          0          0       1079   gpio.o
       496         30          0         24      15360       7942   heap_4.o
       132         28          0          0         60       1593   i2c.o
       370         10          0          0          0       3746   icmp.o
       176          0          0          0          0       6781   inet_chksum.o
        38          0          0          0          0      10285   init.o
       660         26          0         20          0       7801   ip.o
        46          0          8          0          0       7358   ip_addr.o
      1338         36          0          8          0      10652   ip_frag.o
       136          0          0          0          0       3590   list.o
        96         16          0         12         52        822   lwip.o
       552         86          0          8          0       7591   lwip_timers.o
       250         14          0          0          0       1792   main.o
         6          0          0          4          0       2290   mdkretarget.o
       648         32          0         16       1620       5425   mem.o
       144         20         56          0      12651       3466   memp.o
       300         18          0         12          0       8499   netif.o
      1058         20          0          1          0      12017   pbuf.o
       730         80          0         12          0       9305   port.o
      1756         14          0          0          0      14793   queue.o
       120         14          0          4          0       1772   raw.o
       888        344         14         24          0       5445   shell.o
         2          0          0          0          0        519   sockets.o
       380         58          0          0        300       2875   spi.o
        36          8        456          0       1024        928   startup_stm32f746xx.o
       106         12          0          4          0       3798   stm32f7xx_hal.o
       218         12          0          0          0      36181   stm32f7xx_hal_cortex.o
       232          0          0          0          0       3480   stm32f7xx_hal_dcmi.o
       192         10          0          0          0       1148   stm32f7xx_hal_dcmi_ex.o
       674         16          8          0          0       3792   stm32f7xx_hal_dma.o
      2006         66          0          0          0      12748   stm32f7xx_hal_eth.o
       480         54          0          0          0       2537   stm32f7xx_hal_gpio.o
       172          6          0          0          0       1767   stm32f7xx_hal_i2c.o
       118          0          0          0          0       1191   stm32f7xx_hal_i2c_ex.o
        22          0          0          0          0        510   stm32f7xx_hal_msp.o
       108          8          0          0          0       1284   stm32f7xx_hal_pwr_ex.o
      1800         76         16          0          0       6991   stm32f7xx_hal_rcc.o
      1712         16          0          0          0       2448   stm32f7xx_hal_rcc_ex.o
       200          0          0          0          0       1295   stm32f7xx_hal_spi.o
      1064        102          0          0          0      10768   stm32f7xx_hal_tim.o
       658         38          0          0          0       4724   stm32f7xx_hal_tim_ex.o
      1582         70          0          0          0       7504   stm32f7xx_hal_uart.o
        40         18          0          0          0       1863   stm32f7xx_it.o
       352          8          0          2          0       8473   sys_arch.o
         0          0          0          0          0       1464   syscall.o
        84         16          0          4          0       1433   system_stm32f7xx.o
      2654        206          0         56        240      32975   tasks.o
      2024         68        201         36          0      25744   tcp.o
      4008        136          0         28         16      18331   tcp_in.o
      1688          8          0          0          0      11999   tcp_out.o
       364         46          0         12          0       9163   tcpip.o
       260         28          0          0         60       1842   tim.o
       868         26          0          8          0      16777   udp.o
       196         34          0          0        112       2801   usart.o
        60         12          0         21          0       3180   user_diskio.o
        56          0          0          0          0        738   utility.o

    ----------------------------------------------------------------------
     41522       2262        932        360      44448    1024796   Object Totals
         0          0         32          0          0          0   (incl. Generated)
        82          0          7         14          3          0   (incl. Padding)

    ----------------------------------------------------------------------

      Code (inc. data)   RO Data    RW Data    ZI Data      Debug   Library Member Name

        86          0          0          0          0          0   __dczerorl2.o
         0          0          0          0          0          0   entry.o
         0          0          0          0          0          0   entry10a.o
         0          0          0          0          0          0   entry11a.o
         8          4          0          0          0          0   entry2.o
         4          0          0          0          0          0   entry5.o
         0          0          0          0          0          0   entry7b.o
         0          0          0          0          0          0   entry8b.o
         8          4          0          0          0          0   entry9a.o
        30          0          0          0          0          0   handlers.o
        36          8          0          0          0         68   init.o
        26          0          0          0          0         80   memcmp.o
        36          0          0          0          0         68   memcpya.o
        36          0          0          0          0        108   memseta.o
       522         20          0          0          0        336   printf3.o
        42          0          0          0          0         84   strcasecmp.o
        18          0          0          0          0         68   strcpy.o
        14          0          0          0          0         68   strlen.o
        32          0          0          0          0         76   strpbrk.o
        28          0          0          0          0         80   strspn.o
        12          0          0          0          0         68   tolower.o
        44          0          0          0          0         80   uidiv.o

    ----------------------------------------------------------------------
       986         36          0          0          0       1184   Library Totals
         4          0          0          0          0          0   (incl. Padding)

    ----------------------------------------------------------------------

      Code (inc. data)   RO Data    RW Data    ZI Data      Debug   Library Name

       982         36          0          0          0       1184   mc_w.l

    ----------------------------------------------------------------------
       986         36          0          0          0       1184   Library Totals

    ----------------------------------------------------------------------

==============================================================================


      Code (inc. data)   RO Data    RW Data    ZI Data      Debug   

     42508       2298        932        360      44448     990544   Grand Totals
     42508       2298        932         64      44448     990544   ELF Image Totals (compressed)
     42508       2298        932         64          0          0   ROM Totals

==============================================================================

    Total RO  Size (Code + RO Data)                43440 (  42.42kB)
    Total RW  Size (RW Data + ZI Data)             44808 (  43.76kB)
    Total ROM Size (Code + RO Data + RW Data)      43504 (  42.48kB)

==============================================================================

