<html>
<body>
<pre>
<h1>µVision Build Log</h1>
<h2>Tool Versions:</h2>
IDE-Version: µVision V5.16a
Copyright (C) 2015 ARM Ltd and ARM Germany GmbH. All rights reserved.
License Information: Vergil Cola, Student, LIC=KIVNN-Y4Z2M-QIK5M-X9D80-40UQZ-AHNWM
 
Tool Versions:
Toolchain:       MDK-ARM Professional  Version: 5.16a
Middleware:      RL-ARM Real-Time Library Version V4.13
Toolchain Path:  C:\Keil_v5\ARM\ARMCC\Bin
C Compiler:      Armcc.exe V5.06 (build 20)
Assembler:       Armasm.exe V5.06 (build 20)
Linker/Locator:  ArmLink.exe V5.06 (build 20)
Library Manager: ArmAr.exe V5.06 (build 20)
Hex Converter:   FromElf.exe V5.06 (build 20)
CPU DLL:         SARMCM3.DLL V5.16a
Dialog DLL:      DCM.DLL V1.13.2.0
Target DLL:      STLink\ST-LINKIII-KEIL_SWO.dll V2.0.17.0
Dialog DLL:      TCM.DLL V1.14.5.0
 
<h2>Project:</h2>
C:\Users\Vergil\Documents\Projects\STM32F746ZGTx\MDK-ARM\STM32F746ZGTx.uvprojx
Project File Date:  02/02/2016

<h2>Output:</h2>
*** Using Compiler 'V5.06 (build 20)', folder: 'C:\Keil_v5\ARM\ARMCC\Bin'
Build target 'STM32F746ZGTx Configuration'
compiling diskio.c...
compiling syscall.c...
compiling ff.c...
compiling stm32f7xx_hal_eth.c...
compiling ff_gen_drv.c...
compiling stm32f7xx_hal_dcmi.c...
compiling stm32f7xx_hal_dma_ex.c...
compiling stm32f7xx_hal_cortex.c...
compiling stm32f7xx_hal_dma.c...
compiling stm32f7xx_hal.c...
compiling stm32f7xx_hal_pwr_ex.c...
compiling stm32f7xx_hal_i2c_ex.c...
compiling stm32f7xx_hal_rcc.c...
compiling stm32f7xx_hal_i2c.c...
compiling stm32f7xx_hal_rcc_ex.c...
compiling stm32f7xx_hal_flash.c...
compiling stm32f7xx_hal_uart.c...
compiling stm32f7xx_hal_pwr.c...
compiling stm32f7xx_hal_flash_ex.c...
compiling stm32f7xx_hal_spi.c...
compiling stm32f7xx_hal_gpio.c...
compiling stm32f7xx_hal_dcmi_ex.c...
compiling stm32f7xx_hal_tim.c...
compiling stm32f7xx_hal_tim_ex.c...
compiling api_msg.c...
compiling tcp.c...
compiling autoip.c...
compiling fsm.c...
compiling msg_out.c...
compiling ipcp.c...
compiling dhcp.c...
compiling mib_structs.c...
compiling magic.c...
compiling etharp.c...
compiling dns.c...
compiling ip_frag.c...
compiling inet_chksum.c...
compiling ppp.c...
compiling mib2.c...
compiling init.c...
compiling chap.c...
compiling lcp.c...
compiling sys_arch.c...
../Middlewares/Third_Party/LwIP/system/OS/sys_arch.c(399): warning:  #167-D: argument of type "signed char *" is incompatible with parameter of type "const char *const"
        result = 
TaskCreate( thread, ( signed portCHAR * ) name, stacksize, arg, prio, &CreatedTask );
../Middlewares/Third_Party/LwIP/system/OS/sys_arch.c: 1 warning, 0 errors
compiling netbuf.c...
compiling tcpip.c...
compiling mem.c...
compiling ip.c...
compiling inet.c...
compiling slipif.c...
compiling auth.c...
compiling randm.c...
compiling memp.c...
compiling ppp_oe.c...
compiling vj.c...
compiling netif.c...
compiling stats.c...
compiling netifapi.c...
compiling api_lib.c...
compiling igmp.c...
compiling raw.c...
compiling sockets.c...
compiling lwip_timers.c...
compiling pbuf.c...
compiling tcp_in.c...
compiling msg_in.c...
compiling netdb.c...
compiling ip_addr.c...
compiling asn1_enc.c...
compiling md5.c...
compiling pap.c...
compiling chpms.c...
compiling udp.c...
compiling tcp_out.c...
compiling asn1_dec.c...
compiling icmp.c...
compiling def.c...
compiling err.c...
compiling sys.c...
compiling main.c...
compiling stm32f7xx_hal_msp.c...
compiling stm32f7xx_it.c...
compiling ethernetif.c...
compiling fatfs.c...
compiling user_diskio.c...
compiling lwip.c...
compiling freertos.c...
compiling spi.c...
compiling i2c.c...
compiling usart.c...
compiling dcmi.c...
compiling gpio.c...
compiling system_stm32f7xx.c...
compiling dma.c...
compiling tim.c...
compiling timers.c...
compiling heap_4.c...
compiling croutine.c...
compiling event_groups.c...
compiling tasks.c...
compiling queue.c...
compiling list.c...
compiling port.c...
compiling cmsis_os.c...
linking...
Program Size: Code=39764 RO-data=880 RW-data=324 ZI-data=44452  
"STM32F746ZGTx Configuration\STM32F746ZGTx Configuration.axf" - 0 Error(s), 1 Warning(s).

<h2>Software Packages used:</h2>

Package Vendor: ARM
                http://www.keil.com/pack/ARM.CMSIS.4.5.0.pack
                ARM::CMSIS:CORE:4.3.0
                CMSIS (Cortex Microcontroller Software Interface Standard)
   * Component: CORE Version: 4.3.0

<h2>Collection of Component include folders:</h2>
  C:\Users\Vergil\Documents\Projects\STM32F746ZGTx\MDK-ARM\RTE
  C:\Keil_v5\ARM\PACK\ARM\CMSIS\4.5.0\CMSIS\Include
  C:\Keil_v5\ARM\PACK\Keil\STM32F7xx_DFP\2.4.0\Drivers\CMSIS\Device\ST\STM32F7xx\Include

<h2>Collection of Component Files used:</h2>

   * Component: ARM::CMSIS:CORE:4.3.0
Build Time Elapsed:  00:01:09
</pre>
</body>
</html>
