Component: ARM Compiler 5.06 (build 20) Tool: armlink [4d35a3]

==============================================================================

Section Cross References

    syscall.o(i.ff_cre_syncobj) refers to cmsis_os.o(i.osSemaphoreCreate) for osSemaphoreCreate
    syscall.o(i.ff_del_syncobj) refers to cmsis_os.o(i.osSemaphoreDelete) for osSemaphoreDelete
    syscall.o(i.ff_rel_grant) refers to cmsis_os.o(i.osSemaphoreRelease) for osSemaphoreRelease
    syscall.o(i.ff_req_grant) refers to cmsis_os.o(i.osSemaphoreWait) for osSemaphoreWait
    diskio.o(i.disk_initialize) refers to ff_gen_drv.o(.bss) for disk
    diskio.o(i.disk_ioctl) refers to ff_gen_drv.o(.bss) for disk
    diskio.o(i.disk_read) refers to ff_gen_drv.o(.bss) for disk
    diskio.o(i.disk_status) refers to ff_gen_drv.o(.bss) for disk
    diskio.o(i.disk_write) refers to ff_gen_drv.o(.bss) for disk
    ff.o(i.check_fs) refers to ff.o(i.move_window) for move_window
    ff.o(i.chk_lock) refers to ff.o(.bss) for .bss
    ff.o(i.clear_lock) refers to ff.o(.bss) for .bss
    ff.o(i.create_chain) refers to ff.o(i.get_fat) for get_fat
    ff.o(i.create_chain) refers to ff.o(i.put_fat) for put_fat
    ff.o(i.create_name) refers to ff.o(i.mem_set) for mem_set
    ff.o(i.create_name) refers to ff.o(.constdata) for .constdata
    ff.o(i.dec_lock) refers to ff.o(.bss) for .bss
    ff.o(i.dir_next) refers to ff.o(i.get_fat) for get_fat
    ff.o(i.dir_next) refers to ff.o(i.create_chain) for create_chain
    ff.o(i.dir_next) refers to ff.o(i.sync_window) for sync_window
    ff.o(i.dir_next) refers to ff.o(i.mem_set) for mem_set
    ff.o(i.dir_next) refers to ff.o(i.clust2sect) for clust2sect
    ff.o(i.dir_read) refers to ff.o(i.move_window) for move_window
    ff.o(i.dir_read) refers to ff.o(i.dir_next) for dir_next
    ff.o(i.dir_register) refers to ff.o(i.dir_sdi) for dir_sdi
    ff.o(i.dir_register) refers to ff.o(i.move_window) for move_window
    ff.o(i.dir_register) refers to ff.o(i.dir_next) for dir_next
    ff.o(i.dir_register) refers to ff.o(i.mem_set) for mem_set
    ff.o(i.dir_register) refers to ff.o(i.mem_cpy) for mem_cpy
    ff.o(i.dir_remove) refers to ff.o(i.dir_sdi) for dir_sdi
    ff.o(i.dir_remove) refers to ff.o(i.move_window) for move_window
    ff.o(i.dir_remove) refers to ff.o(i.mem_set) for mem_set
    ff.o(i.dir_sdi) refers to ff.o(i.get_fat) for get_fat
    ff.o(i.dir_sdi) refers to ff.o(i.clust2sect) for clust2sect
    ff.o(i.f_chmod) refers to ff.o(i.find_volume) for find_volume
    ff.o(i.f_chmod) refers to ff.o(i.follow_path) for follow_path
    ff.o(i.f_chmod) refers to ff.o(i.sync_fs) for sync_fs
    ff.o(i.f_chmod) refers to ff.o(i.unlock_fs) for unlock_fs
    ff.o(i.f_close) refers to ff.o(i.f_sync) for f_sync
    ff.o(i.f_close) refers to ff.o(i.validate) for validate
    ff.o(i.f_close) refers to ff.o(i.dec_lock) for dec_lock
    ff.o(i.f_close) refers to ff.o(i.unlock_fs) for unlock_fs
    ff.o(i.f_closedir) refers to ff.o(i.validate) for validate
    ff.o(i.f_closedir) refers to ff.o(i.dec_lock) for dec_lock
    ff.o(i.f_closedir) refers to ff.o(i.unlock_fs) for unlock_fs
    ff.o(i.f_getfree) refers to ff.o(i.find_volume) for find_volume
    ff.o(i.f_getfree) refers to ff.o(i.get_fat) for get_fat
    ff.o(i.f_getfree) refers to ff.o(i.move_window) for move_window
    ff.o(i.f_getfree) refers to ff.o(i.unlock_fs) for unlock_fs
    ff.o(i.f_gets) refers to ff.o(i.f_read) for f_read
    ff.o(i.f_lseek) refers to ff.o(i.validate) for validate
    ff.o(i.f_lseek) refers to ff.o(i.unlock_fs) for unlock_fs
    ff.o(i.f_lseek) refers to ff.o(i.clmt_clust) for clmt_clust
    ff.o(i.f_lseek) refers to ff.o(i.clust2sect) for clust2sect
    ff.o(i.f_lseek) refers to diskio.o(i.disk_write) for disk_write
    ff.o(i.f_lseek) refers to ff.o(i.get_fat) for get_fat
    ff.o(i.f_lseek) refers to diskio.o(i.disk_read) for disk_read
    ff.o(i.f_lseek) refers to ff.o(i.create_chain) for create_chain
    ff.o(i.f_mkdir) refers to fatfs.o(i.get_fattime) for get_fattime
    ff.o(i.f_mkdir) refers to ff.o(i.find_volume) for find_volume
    ff.o(i.f_mkdir) refers to ff.o(i.follow_path) for follow_path
    ff.o(i.f_mkdir) refers to ff.o(i.create_chain) for create_chain
    ff.o(i.f_mkdir) refers to ff.o(i.sync_window) for sync_window
    ff.o(i.f_mkdir) refers to ff.o(i.clust2sect) for clust2sect
    ff.o(i.f_mkdir) refers to ff.o(i.mem_set) for mem_set
    ff.o(i.f_mkdir) refers to ff.o(i.st_clust) for st_clust
    ff.o(i.f_mkdir) refers to ff.o(i.mem_cpy) for mem_cpy
    ff.o(i.f_mkdir) refers to ff.o(i.dir_register) for dir_register
    ff.o(i.f_mkdir) refers to ff.o(i.remove_chain) for remove_chain
    ff.o(i.f_mkdir) refers to ff.o(i.sync_fs) for sync_fs
    ff.o(i.f_mkdir) refers to ff.o(i.unlock_fs) for unlock_fs
    ff.o(i.f_mkfs) refers to ff.o(i.get_ldnumber) for get_ldnumber
    ff.o(i.f_mkfs) refers to diskio.o(i.disk_initialize) for disk_initialize
    ff.o(i.f_mkfs) refers to diskio.o(i.disk_ioctl) for disk_ioctl
[...]
    i.HAL_GPIO_TogglePin                     0x08000d2e   Section        0  stm32f4xx_hal_gpio.o(i.HAL_GPIO_TogglePin)
    i.HAL_GPIO_WritePin                      0x08000d36   Section        0  stm32f4xx_hal_gpio.o(i.HAL_GPIO_WritePin)
    i.HAL_GetTick                            0x08000d40   Section        0  stm32f4xx_hal.o(i.HAL_GetTick)
    i.HAL_I2C_Init                           0x08000d4c   Section        0  stm32f4xx_hal_i2c.o(i.HAL_I2C_Init)
    i.HAL_I2C_MspInit                        0x08000e4c   Section        0  i2c.o(i.HAL_I2C_MspInit)
    i.HAL_Init                               0x08000e98   Section        0  stm32f4xx_hal.o(i.HAL_Init)
    i.HAL_InitTick                           0x08000ecc   Section        0  stm32f4xx_hal.o(i.HAL_InitTick)
    i.HAL_MspInit                            0x08000eee   Section        0  stm32f4xx_hal_msp.o(i.HAL_MspInit)
    i.HAL_NVIC_EnableIRQ                     0x08000f04   Section        0  stm32f4xx_hal_cortex.o(i.HAL_NVIC_EnableIRQ)
    i.HAL_NVIC_SetPriority                   0x08000f1c   Section        0  stm32f4xx_hal_cortex.o(i.HAL_NVIC_SetPriority)
    i.HAL_NVIC_SetPriorityGrouping           0x08000f5c   Section        0  stm32f4xx_hal_cortex.o(i.HAL_NVIC_SetPriorityGrouping)
    i.HAL_RCC_ClockConfig                    0x08000f80   Section        0  stm32f4xx_hal_rcc.o(i.HAL_RCC_ClockConfig)
    i.HAL_RCC_GetHCLKFreq                    0x0800118c   Section        0  stm32f4xx_hal_rcc.o(i.HAL_RCC_GetHCLKFreq)
    i.HAL_RCC_GetPCLK1Freq                   0x080011c0   Section        0  stm32f4xx_hal_rcc.o(i.HAL_RCC_GetPCLK1Freq)
    i.HAL_RCC_GetPCLK2Freq                   0x080011ec   Section        0  stm32f4xx_hal_rcc.o(i.HAL_RCC_GetPCLK2Freq)
    i.HAL_RCC_GetSysClockFreq                0x08001218   Section        0  stm32f4xx_hal_rcc.o(i.HAL_RCC_GetSysClockFreq)
    i.HAL_RCC_OscConfig                      0x08001288   Section        0  stm32f4xx_hal_rcc.o(i.HAL_RCC_OscConfig)
    i.HAL_SD_GetStatus                       0x080015c0   Section        0  stm32f4xx_hal_sd.o(i.HAL_SD_GetStatus)
    i.HAL_SD_Get_CardInfo                    0x0800160e   Section        0  stm32f4xx_hal_sd.o(i.HAL_SD_Get_CardInfo)
    i.HAL_SD_Init                            0x080018c6   Section        0  stm32f4xx_hal_sd.o(i.HAL_SD_Init)
    i.HAL_SD_MspInit                         0x08001968   Section        0  sdio.o(i.HAL_SD_MspInit)
    i.HAL_SD_ReadBlocks                      0x080019cc   Section        0  stm32f4xx_hal_sd.o(i.HAL_SD_ReadBlocks)
    i.HAL_SD_StopTransfer                    0x08001b48   Section        0  stm32f4xx_hal_sd.o(i.HAL_SD_StopTransfer)
    i.HAL_SD_WideBusOperation_Config         0x08001b74   Section        0  stm32f4xx_hal_sd.o(i.HAL_SD_WideBusOperation_Config)
    i.HAL_SD_WriteBlocks                     0x08001bd4   Section        0  stm32f4xx_hal_sd.o(i.HAL_SD_WriteBlocks)
    i.HAL_SPI_Init                           0x08001dac   Section        0  stm32f4xx_hal_spi.o(i.HAL_SPI_Init)
    i.HAL_SPI_MspInit                        0x08001e30   Section        0  spi.o(i.HAL_SPI_MspInit)
    i.HAL_SRAM_Init                          0x08001e94   Section        0  stm32f4xx_hal_sram.o(i.HAL_SRAM_Init)
    i.HAL_SRAM_MspInit                       0x08001eea   Section        0  fsmc.o(i.HAL_SRAM_MspInit)
    i.HAL_SYSTICK_CLKSourceConfig            0x08001eee   Section        0  stm32f4xx_hal_cortex.o(i.HAL_SYSTICK_CLKSourceConfig)
    i.HAL_SYSTICK_Config                     0x08001f06   Section        0  stm32f4xx_hal_cortex.o(i.HAL_SYSTICK_Config)
    i.HAL_UART_Init                          0x08001f2e   Section        0  stm32f4xx_hal_uart.o(i.HAL_UART_Init)
    i.HAL_UART_MspInit                       0x08001f8c   Section        0  usart.o(i.HAL_UART_MspInit)
    i.HAL_UART_Receive                       0x08001fd8   Section        0  stm32f4xx_hal_uart.o(i.HAL_UART_Receive)
    i.HAL_UART_Transmit                      0x080020a4   Section        0  stm32f4xx_hal_uart.o(i.HAL_UART_Transmit)
    i.LCD_Clear                              0x08002170   Section        0  sd2119.o(i.LCD_Clear)
    i.LCD_DisplayChar                        0x0800219c   Section        0  sd2119.o(i.LCD_DisplayChar)
    i.LCD_DisplayStringLine                  0x080021bc   Section        0  sd2119.o(i.LCD_DisplayStringLine)
    i.LCD_DrawChar                           0x080021f4   Section        0  sd2119.o(i.LCD_DrawChar)
    i.LCD_GetFont                            0x08002280   Section        0  sd2119.o(i.LCD_GetFont)
    i.LCD_Init                               0x0800228c   Section        0  sd2119.o(i.LCD_Init)
    i.LCD_SetCursor                          0x08002400   Section        0  sd2119.o(i.LCD_SetCursor)
    i.LCD_WriteReg                           0x08002418   Section        0  sd2119.o(i.LCD_WriteReg)
    i.LcdTestThread                          0x08002428   Section        0  freertos.o(i.LcdTestThread)
    i.MX_DCMI_Init                           0x08002468   Section        0  dcmi.o(i.MX_DCMI_Init)
    i.MX_DMA_Init                            0x08002490   Section        0  dma.o(i.MX_DMA_Init)
    i.MX_FATFS_Init                          0x080024bc   Section        0  fatfs.o(i.MX_FATFS_Init)
    i.MX_FREERTOS_Init                       0x080024d8   Section        0  freertos.o(i.MX_FREERTOS_Init)
    i.MX_FSMC_Init                           0x08002558   Section        0  fsmc.o(i.MX_FSMC_Init)
    i.MX_GPIO_Init                           0x080025b4   Section        0  gpio.o(i.MX_GPIO_Init)
    i.MX_I2C1_Init                           0x080026a8   Section        0  i2c.o(i.MX_I2C1_Init)
    i.MX_SDIO_SD_Init                        0x080026d8   Section        0  sdio.o(i.MX_SDIO_SD_Init)
    i.MX_SPI2_Init                           0x080026f8   Section        0  spi.o(i.MX_SPI2_Init)
    i.MX_USART3_UART_Init                    0x0800272c   Section        0  usart.o(i.MX_USART3_UART_Init)
    i.NVIC_SetPriority                       0x08002754   Section        0  stm32f4xx_hal_cortex.o(i.NVIC_SetPriority)
    NVIC_SetPriority                         0x08002755   Thumb Code    32  stm32f4xx_hal_cortex.o(i.NVIC_SetPriority)
    i.PC0_LED_Toggle                         0x08002774   Section        0  gpio.o(i.PC0_LED_Toggle)
    i.SDIO_DataConfig                        0x08002780   Section        0  stm32f4xx_ll_sdmmc.o(i.SDIO_DataConfig)
    i.SDIO_GetCommandResponse                0x080027a4   Section        0  stm32f4xx_ll_sdmmc.o(i.SDIO_GetCommandResponse)
    i.SDIO_GetPowerState                     0x080027aa   Section        0  stm32f4xx_ll_sdmmc.o(i.SDIO_GetPowerState)
    i.SDIO_GetResponse                       0x080027b4   Section        0  stm32f4xx_ll_sdmmc.o(i.SDIO_GetResponse)
    i.SDIO_Init                              0x080027c4   Section        0  stm32f4xx_ll_sdmmc.o(i.SDIO_Init)
    i.SDIO_PowerState_ON                     0x080027e8   Section        0  stm32f4xx_ll_sdmmc.o(i.SDIO_PowerState_ON)
    i.SDIO_ReadFIFO                          0x080027f0   Section        0  stm32f4xx_ll_sdmmc.o(i.SDIO_ReadFIFO)
    i.SDIO_SendCommand                       0x080027f6   Section        0  stm32f4xx_ll_sdmmc.o(i.SDIO_SendCommand)
    i.SDIO_WriteFIFO                         0x08002816   Section        0  stm32f4xx_ll_sdmmc.o(i.SDIO_WriteFIFO)
    i.SD_CmdResp1Error                       0x08002820   Section        0  stm32f4xx_hal_sd.o(i.SD_CmdResp1Error)
    SD_CmdResp1Error                         0x08002821   Thumb Code   230  stm32f4xx_hal_sd.o(i.SD_CmdResp1Error)
    i.SD_CmdResp2Error                       0x0800290c   Section        0  stm32f4xx_hal_sd.o(i.SD_CmdResp2Error)
    SD_CmdResp2Error                         0x0800290d   Thumb Code    46  stm32f4xx_hal_sd.o(i.SD_CmdResp2Error)
    i.SD_CmdResp6Error                       0x0800293a   Section        0  stm32f4xx_hal_sd.o(i.SD_CmdResp6Error)
    SD_CmdResp6Error                         0x0800293b   Thumb Code   114  stm32f4xx_hal_sd.o(i.SD_CmdResp6Error)
    i.SD_CmdResp7Error                       0x080029ac   Section        0  stm32f4xx_hal_sd.o(i.SD_CmdResp7Error)
    SD_CmdResp7Error                         0x080029ad   Thumb Code    64  stm32f4xx_hal_sd.o(i.SD_CmdResp7Error)
    i.SD_FindSCR                             0x080029ec   Section        0  stm32f4xx_hal_sd.o(i.SD_FindSCR)
    SD_FindSCR                               0x080029ed   Thumb Code   266  stm32f4xx_hal_sd.o(i.SD_FindSCR)
    i.SD_Initialize_Cards                    0x08002af6   Section        0  stm32f4xx_hal_sd.o(i.SD_Initialize_Cards)
    SD_Initialize_Cards                      0x08002af7   Thumb Code   220  stm32f4xx_hal_sd.o(i.SD_Initialize_Cards)
    i.SD_IsCardProgramming                   0x08002bd4   Section        0  stm32f4xx_hal_sd.o(i.SD_IsCardProgramming)
    SD_IsCardProgramming                     0x08002bd5   Thumb Code   310  stm32f4xx_hal_sd.o(i.SD_IsCardProgramming)
    i.SD_PowerON                             0x08002d10   Section        0  stm32f4xx_hal_sd.o(i.SD_PowerON)
    SD_PowerON                               0x08002d11   Thumb Code   364  stm32f4xx_hal_sd.o(i.SD_PowerON)
    i.SD_WideBus_Disable                     0x08002e84   Section        0  stm32f4xx_hal_sd.o(i.SD_WideBus_Disable)
    SD_WideBus_Disable                       0x08002e85   Thumb Code   114  stm32f4xx_hal_sd.o(i.SD_WideBus_Disable)
    i.SD_WideBus_Enable                      0x08002ef6   Section        0  stm32f4xx_hal_sd.o(i.SD_WideBus_Enable)
    SD_WideBus_Enable                        0x08002ef7   Thumb Code   116  stm32f4xx_hal_sd.o(i.SD_WideBus_Enable)
    i.SD_initialize                          0x08002f6c   Section        0  sd_diskio.o(i.SD_initialize)
    i.SD_ioctl                               0x08002f8c   Section        0  sd_diskio.o(i.SD_ioctl)
    i.SD_read                                0x08002fdc   Section        0  sd_diskio.o(i.SD_read)
    i.SD_status                              0x08002ffc   Section        0  sd_diskio.o(i.SD_status)
    i.SD_write                               0x0800301c   Section        0  sd_diskio.o(i.SD_write)
    i.Send_Char                              0x0800303c   Section        0  usart.o(i.Send_Char)
    i.StartDefaultTask                       0x08003060   Section        0  freertos.o(i.StartDefaultTask)
    i.SysTick_Handler                        0x0800306c   Section        0  stm32f4xx_it.o(i.SysTick_Handler)
    i.SystemClock_Config                     0x08003070   Section        0  main.o(i.SystemClock_Config)
    i.SystemInit                             0x08003104   Section        0  system_stm32f4xx.o(i.SystemInit)
    i.UART_SetConfig                         0x08003158   Section        0  stm32f4xx_hal_uart.o(i.UART_SetConfig)
    UART_SetConfig                           0x08003159   Thumb Code   366  stm32f4xx_hal_uart.o(i.UART_SetConfig)
    i.UART_WaitOnFlagUntilTimeout            0x080032d0   Section        0  stm32f4xx_hal_uart.o(i.UART_WaitOnFlagUntilTimeout)
    UART_WaitOnFlagUntilTimeout              0x080032d1   Thumb Code   146  stm32f4xx_hal_uart.o(i.UART_WaitOnFlagUntilTimeout)
    i.__0printf$3                            0x08003364   Section        0  printf3.o(i.__0printf$3)
    i.__0sprintf$3                           0x08003384   Section        0  printf3.o(i.__0sprintf$3)
    i.__scatterload_copy                     0x080033ac   Section       14  handlers.o(i.__scatterload_copy)
    i.__scatterload_null                     0x080033ba   Section        2  handlers.o(i.__scatterload_null)
    i.__scatterload_zeroinit                 0x080033bc   Section       14  handlers.o(i.__scatterload_zeroinit)
    i._delay                                 0x080033ca   Section        0  sd2119.o(i._delay)
    _delay                                   0x080033cb   Thumb Code    12  sd2119.o(i._delay)
    i._printf_core                           0x080033d8   Section        0  printf3.o(i._printf_core)
    _printf_core                             0x080033d9   Thumb Code   436  printf3.o(i._printf_core)
    i._sputc                                 0x08003590   Section        0  printf3.o(i._sputc)
    _sputc                                   0x08003591   Thumb Code    10  printf3.o(i._sputc)
    i._strtok                                0x0800359a   Section        0  utility.o(i._strtok)
    i.cmd_info                               0x080035d4   Section        0  shell.o(i.cmd_info)
    cmd_info                                 0x080035d5   Thumb Code    52  shell.o(i.cmd_info)
    i.cmd_tasks                              0x08003680   Section        0  shell.o(i.cmd_tasks)
    cmd_tasks                                0x08003681   Thumb Code    54  shell.o(i.cmd_tasks)
    i.cmdexec                                0x080036f8   Section        0  shell.o(i.cmdexec)
    cmdexec                                  0x080036f9   Thumb Code    48  shell.o(i.cmdexec)
    i.fputc                                  0x08003728   Section        0  mdkretarget.o(i.fputc)
    i.list_commands                          0x08003730   Section        0  shell.o(i.list_commands)
    list_commands                            0x08003731   Thumb Code    22  shell.o(i.list_commands)
    i.main                                   0x0800374c   Section        0  main.o(i.main)
    i.makeFreeRtosPriority                   0x0800377e   Section        0  cmsis_os.o(i.makeFreeRtosPriority)
    makeFreeRtosPriority                     0x0800377f   Thumb Code    12  cmsis_os.o(i.makeFreeRtosPriority)
    i.osDelay                                0x0800378a   Section        0  cmsis_os.o(i.osDelay)
    i.osKernelStart                          0x08003798   Section        0  cmsis_os.o(i.osKernelStart)
    i.osSemaphoreCreate                      0x080037a2   Section        0  cmsis_os.o(i.osSemaphoreCreate)
    i.osSystickHandler                       0x080037d0   Section        0  cmsis_os.o(i.osSystickHandler)
    i.osThreadCreate                         0x080037e4   Section        0  cmsis_os.o(i.osThreadCreate)
    i.prvAddCurrentTaskToDelayedList         0x0800381c   Section        0  tasks.o(i.prvAddCurrentTaskToDelayedList)
    prvAddCurrentTaskToDelayedList           0x0800381d   Thumb Code    48  tasks.o(i.prvAddCurrentTaskToDelayedList)
    i.prvCheckTasksWaitingTermination        0x08003850   Section        0  tasks.o(i.prvCheckTasksWaitingTermination)
    prvCheckTasksWaitingTermination          0x08003851   Thumb Code    76  tasks.o(i.prvCheckTasksWaitingTermination)
    i.prvCopyDataToQueue                     0x080038a4   Section        0  queue.o(i.prvCopyDataToQueue)
    prvCopyDataToQueue                       0x080038a5   Thumb Code   110  queue.o(i.prvCopyDataToQueue)
    i.prvHeapInit                            0x08003914   Section        0  heap_4.o(i.prvHeapInit)
    prvHeapInit                              0x08003915   Thumb Code    66  heap_4.o(i.prvHeapInit)
    i.prvIdleTask                            0x08003960   Section        0  tasks.o(i.prvIdleTask)
    prvIdleTask                              0x08003961   Thumb Code    30  tasks.o(i.prvIdleTask)
    i.prvInsertBlockIntoFreeList             0x08003988   Section        0  heap_4.o(i.prvInsertBlockIntoFreeList)
    prvInsertBlockIntoFreeList               0x08003989   Thumb Code    72  heap_4.o(i.prvInsertBlockIntoFreeList)
    i.prvListTaskWithinSingleList            0x080039d4   Section        0  tasks.o(i.prvListTaskWithinSingleList)
    prvListTaskWithinSingleList              0x080039d5   Thumb Code   138  tasks.o(i.prvListTaskWithinSingleList)
    i.prvResetNextTaskUnblockTime            0x08003a60   Section        0  tasks.o(i.prvResetNextTaskUnblockTime)
    prvResetNextTaskUnblockTime              0x08003a61   Thumb Code    26  tasks.o(i.prvResetNextTaskUnblockTime)
    i.prvTaskExitError                       0x08003a80   Section        0  port.o(i.prvTaskExitError)
    prvTaskExitError                         0x08003a81   Thumb Code    36  port.o(i.prvTaskExitError)
    i.prvUnlockQueue                         0x08003aa8   Section        0  queue.o(i.prvUnlockQueue)
    prvUnlockQueue                           0x08003aa9   Thumb Code   100  queue.o(i.prvUnlockQueue)
    i.pvPortMalloc                           0x08003b0c   Section        0  heap_4.o(i.pvPortMalloc)
    i.pxPortInitialiseStack                  0x08003be4   Section        0  port.o(i.pxPortInitialiseStack)
    i.shellGetLine                           0x08003c0c   Section        0  shell.o(i.shellGetLine)
    i.shellStart                             0x08003c80   Section        0  shell.o(i.shellStart)
    i.shellUsage                             0x08003e0c   Section        0  shell.o(i.shellUsage)
    i.uxListRemove                           0x08003e20   Section        0  list.o(i.uxListRemove)
    i.uxTaskGetSystemState                   0x08003e44   Section        0  tasks.o(i.uxTaskGetSystemState)
    i.vListInitialise                        0x08003ed8   Section        0  list.o(i.vListInitialise)
    i.vListInitialiseItem                    0x08003eee   Section        0  list.o(i.vListInitialiseItem)
    i.vListInsert                            0x08003ef4   Section        0  list.o(i.vListInsert)
    i.vListInsertEnd                         0x08003f24   Section        0  list.o(i.vListInsertEnd)
    i.vPortEnterCritical                     0x08003f3c   Section        0  port.o(i.vPortEnterCritical)
    i.vPortExitCritical                      0x08003f7c   Section        0  port.o(i.vPortExitCritical)
    i.vPortFree                              0x08003fa4   Section        0  heap_4.o(i.vPortFree)
    i.vPortSetupTimerInterrupt               0x08004000   Section        0  port.o(i.vPortSetupTimerInterrupt)
    i.vTaskDelay                             0x08004020   Section        0  tasks.o(i.vTaskDelay)
    i.vTaskList                              0x08004088   Section        0  tasks.o(i.vTaskList)
    i.vTaskMissedYield                       0x08004150   Section        0  tasks.o(i.vTaskMissedYield)
    i.vTaskPlaceOnEventList                  0x0800415c   Section        0  tasks.o(i.vTaskPlaceOnEventList)
    i.vTaskSetTimeOutState                   0x080041c0   Section        0  tasks.o(i.vTaskSetTimeOutState)
    i.vTaskStartScheduler                    0x080041e4   Section        0  tasks.o(i.vTaskStartScheduler)
    i.vTaskSuspendAll                        0x08004244   Section        0  tasks.o(i.vTaskSuspendAll)
    i.vTaskSwitchContext                     0x08004254   Section        0  tasks.o(i.vTaskSwitchContext)
    i.xPortGetFreeHeapSize                   0x080042b0   Section        0  heap_4.o(i.xPortGetFreeHeapSize)
    i.xPortStartScheduler                    0x080042bc   Section        0  port.o(i.xPortStartScheduler)
    i.xPortSysTickHandler                    0x0800439c   Section        0  port.o(i.xPortSysTickHandler)
    i.xQueueCreateCountingSemaphore          0x080043c8   Section        0  queue.o(i.xQueueCreateCountingSemaphore)
    i.xQueueGenericCreate                    0x08004410   Section        0  queue.o(i.xQueueGenericCreate)
    i.xQueueGenericReset                     0x08004474   Section        0  queue.o(i.xQueueGenericReset)
    i.xQueueGenericSend                      0x080044f8   Section        0  queue.o(i.xQueueGenericSend)
    i.xTaskCheckForTimeOut                   0x08004658   Section        0  tasks.o(i.xTaskCheckForTimeOut)
    i.xTaskGenericCreate                     0x080046c4   Section        0  tasks.o(i.xTaskGenericCreate)
    i.xTaskGetSchedulerState                 0x08004880   Section        0  tasks.o(i.xTaskGetSchedulerState)
    i.xTaskIncrementTick                     0x0800489c   Section        0  tasks.o(i.xTaskIncrementTick)
    i.xTaskPriorityDisinherit                0x08004968   Section        0  tasks.o(i.xTaskPriorityDisinherit)
    i.xTaskRemoveFromEventList               0x08004a00   Section        0  tasks.o(i.xTaskRemoveFromEventList)
    i.xTaskResumeAll                         0x08004a74   Section        0  tasks.o(i.xTaskResumeAll)
    .constdata                               0x08004b38   Section       20  sd_diskio.o(.constdata)
    .constdata                               0x08004b4c   Section       16  stm32f4xx_hal_rcc.o(.constdata)
    .constdata                               0x08004b5c   Section        8  stm32f4xx_hal_dma.o(.constdata)
    flagBitshiftOffset                       0x08004b5c   Data           8  stm32f4xx_hal_dma.o(.constdata)
    .constdata                               0x08004b64   Section       80  freertos.o(.constdata)
    .constdata                               0x08004bb4   Section     4560  fonts.o(.constdata)
    .conststring                             0x08005d84   Section       56  freertos.o(.conststring)
    .conststring                             0x08005dbc   Section       14  shell.o(.conststring)
    .ARM.__AT_0x10000000                     0x10000000   Section    32768  rtosheap.o(.ARM.__AT_0x10000000)
    .data                                    0x20000000   Section        1  sd_diskio.o(.data)
    Stat                                     0x20000000   Data           1  sd_diskio.o(.data)
    .data                                    0x20000004   Section       56  tasks.o(.data)
    uxTasksDeleted                           0x20000008   Data           4  tasks.o(.data)
    uxCurrentNumberOfTasks                   0x2000000c   Data           4  tasks.o(.data)
    xTickCount                               0x20000010   Data           4  tasks.o(.data)
    uxTopReadyPriority                       0x20000014   Data           4  tasks.o(.data)
    xSchedulerRunning                        0x20000018   Data           4  tasks.o(.data)
    uxPendedTicks                            0x2000001c   Data           4  tasks.o(.data)
    xYieldPending                            0x20000020   Data           4  tasks.o(.data)
    xNumOfOverflows                          0x20000024   Data           4  tasks.o(.data)
    uxTaskNumber                             0x20000028   Data           4  tasks.o(.data)
    xNextTaskUnblockTime                     0x2000002c   Data           4  tasks.o(.data)
    uxSchedulerSuspended                     0x20000030   Data           4  tasks.o(.data)
    pxDelayedTaskList                        0x20000034   Data           4  tasks.o(.data)
    pxOverflowDelayedTaskList                0x20000038   Data           4  tasks.o(.data)
    .data                                    0x2000003c   Section       12  port.o(.data)
    ucMaxSysCallPriority                     0x2000003c   Data           1  port.o(.data)
    uxCriticalNesting                        0x20000040   Data           4  port.o(.data)
    ulMaxPRIGROUPValue                       0x20000044   Data           4  port.o(.data)
    .data                                    0x20000048   Section       24  heap_4.o(.data)
    pxEnd                                    0x20000048   Data           4  heap_4.o(.data)
    xFreeBytesRemaining                      0x2000004c   Data           4  heap_4.o(.data)
    xMinimumEverFreeBytesRemaining           0x20000050   Data           4  heap_4.o(.data)
    xBlockAllocatedBit                       0x20000054   Data           4  heap_4.o(.data)
    xStart                                   0x20000058   Data           8  heap_4.o(.data)
    .data                                    0x20000060   Section        4  system_stm32f4xx.o(.data)
    .data                                    0x20000064   Section        4  stm32f4xx_hal.o(.data)
    uwTick                                   0x20000064   Data           4  stm32f4xx_hal.o(.data)
    .data                                    0x20000068   Section        5  fatfs.o(.data)
    .data                                    0x20000070   Section       20  freertos.o(.data)
    .data                                    0x20000084   Section        8  fsmc.o(.data)
    FSMC_Initialized                         0x20000084   Data           4  fsmc.o(.data)
    FSMC_DeInitialized                       0x20000088   Data           4  fsmc.o(.data)
    .data                                    0x2000008c   Section        4  mdkretarget.o(.data)
    .data                                    0x20000090   Section        8  sd2119.o(.data)
    TextColor                                0x20000090   Data           2  sd2119.o(.data)
    BackColor                                0x20000092   Data           2  sd2119.o(.data)
    LCD_Currentfonts                         0x20000094   Data           4  sd2119.o(.data)
    .data                                    0x20000098   Section       24  shell.o(.data)
    local_commands                           0x20000098   Data          24  shell.o(.data)
    .data                                    0x200000b0   Section        8  fonts.o(.data)
    .bss                                     0x200000b8   Section       12  ff_gen_drv.o(.bss)
    .bss                                     0x200000c4   Section      240  tasks.o(.bss)
    pxReadyTasksLists                        0x200000c4   Data         140  tasks.o(.bss)
    xDelayedTaskList1                        0x20000150   Data          20  tasks.o(.bss)
    xDelayedTaskList2                        0x20000164   Data          20  tasks.o(.bss)
    xPendingReadyList                        0x20000178   Data          20  tasks.o(.bss)
    xTasksWaitingTermination                 0x2000018c   Data          20  tasks.o(.bss)
    xSuspendedTaskList                       0x200001a0   Data          20  tasks.o(.bss)
    .bss                                     0x200001b4   Section       64  usart.o(.bss)
    .bss                                     0x200001f4   Section      152  dcmi.o(.bss)
    .bss                                     0x2000028c   Section       60  i2c.o(.bss)
    .bss                                     0x200002c8   Section       72  fsmc.o(.bss)
    .bss                                     0x20000310   Section       96  sdio.o(.bss)
    .bss                                     0x20000370   Section       88  sdio.o(.bss)
    .bss                                     0x200003c8   Section       88  spi.o(.bss)
    STACK                                    0x20000420   Section     1024  startup_stm32f407xx.o(STACK)

    Global Symbols

    Symbol Name                              Value     Ov Type        Size  Object(Section)

    BuildAttributes$$THM_ISAv4$E$P$D$K$B$S$7EM$VFPi3$EXTD16$VFPS$VFMA$PE$A:L22UL41UL21$X:L11$S22US41US21$IEEE1$IW$USESV6$~STKCKD$USESV7$~SHL$OSPACE$ROPI$EBA8$MICROLIB$REQ8$PRES8$EABIv2 0x00000000   Number         0  anon$$obj.o ABSOLUTE
    __ARM_use_no_argv                        0x00000000   Number         0  main.o ABSOLUTE
    __use_no_errno                           0x00000000   Number         0  useno.o ABSOLUTE
    __use_no_exception_handling              0x00000000   Number         0  useno.o ABSOLUTE
    __use_no_fp                              0x00000000   Number         0  useno.o ABSOLUTE
    __use_no_heap                            0x00000000   Number         0  useno.o ABSOLUTE
    __use_no_heap_region                     0x00000000   Number         0  useno.o ABSOLUTE
    __use_no_semihosting                     0x00000000   Number         0  useno.o ABSOLUTE
    __use_no_semihosting_swi                 0x00000000   Number         0  useno.o ABSOLUTE
    __use_no_signal_handling                 0x00000000   Number         0  useno.o ABSOLUTE
    _printf_a                                0x00000000   Number         0  stubs.o ABSOLUTE
    _printf_c                                0x00000000   Number         0  stubs.o ABSOLUTE
    _printf_charcount                        0x00000000   Number         0  stubs.o ABSOLUTE
    _printf_d                                0x00000000   Number         0  stubs.o ABSOLUTE
    _printf_e                                0x00000000   Number         0  stubs.o ABSOLUTE
    _printf_f                                0x00000000   Number         0  stubs.o ABSOLUTE
    _printf_flags                            0x00000000   Number         0  stubs.o ABSOLUTE
    _printf_fp_dec                           0x00000000   Number         0  stubs.o ABSOLUTE
    _printf_fp_hex                           0x00000000   Number         0  stubs.o ABSOLUTE
    _printf_g                                0x00000000   Number         0  stubs.o ABSOLUTE
    _printf_i                                0x00000000   Number         0  stubs.o ABSOLUTE
    _printf_int_dec                          0x00000000   Number         0  stubs.o ABSOLUTE
    _printf_l                                0x00000000   Number         0  stubs.o ABSOLUTE
    _printf_lc                               0x00000000   Number         0  stubs.o ABSOLUTE
    _printf_ll                               0x00000000   Number         0  stubs.o ABSOLUTE
    _printf_lld                              0x00000000   Number         0  stubs.o ABSOLUTE
    _printf_lli                              0x00000000   Number         0  stubs.o ABSOLUTE
    _printf_llo                              0x00000000   Number         0  stubs.o ABSOLUTE
    _printf_llu                              0x00000000   Number         0  stubs.o ABSOLUTE
    _printf_llx                              0x00000000   Number         0  stubs.o ABSOLUTE
    _printf_longlong_dec                     0x00000000   Number         0  stubs.o ABSOLUTE
    _printf_longlong_hex                     0x00000000   Number         0  stubs.o ABSOLUTE
    _printf_longlong_oct                     0x00000000   Number         0  stubs.o ABSOLUTE
    _printf_ls                               0x00000000   Number         0  stubs.o ABSOLUTE
    _printf_mbtowc                           0x00000000   Number         0  stubs.o ABSOLUTE
    _printf_n                                0x00000000   Number         0  stubs.o ABSOLUTE
    _printf_o                                0x00000000   Number         0  stubs.o ABSOLUTE
    _printf_p                                0x00000000   Number         0  stubs.o ABSOLUTE
    _printf_percent                          0x00000000   Number         0  stubs.o ABSOLUTE
    _printf_pre_padding                      0x00000000   Number         0  stubs.o ABSOLUTE
    _printf_return_value                     0x00000000   Number         0  stubs.o ABSOLUTE
    _printf_s                                0x00000000   Number         0  stubs.o ABSOLUTE
    _printf_sizespec                         0x00000000   Number         0  stubs.o ABSOLUTE
    _printf_str                              0x00000000   Number         0  stubs.o ABSOLUTE
    _printf_truncate_signed                  0x00000000   Number         0  stubs.o ABSOLUTE
    _printf_truncate_unsigned                0x00000000   Number         0  stubs.o ABSOLUTE
    _printf_u                                0x00000000   Number         0  stubs.o ABSOLUTE
    _printf_wc                               0x00000000   Number         0  stubs.o ABSOLUTE
    _printf_wctomb                           0x00000000   Number         0  stubs.o ABSOLUTE
    _printf_widthprec                        0x00000000   Number         0  stubs.o ABSOLUTE
    _printf_x                                0x00000000   Number         0  stubs.o ABSOLUTE
    __cpp_initialize__aeabi_                  - Undefined Weak Reference
    __cxa_finalize                            - Undefined Weak Reference
    __decompress                              - Undefined Weak Reference
    _clock_init                               - Undefined Weak Reference
    _microlib_exit                            - Undefined Weak Reference
    __Vectors_Size                           0x00000188   Number         0  startup_stm32f407xx.o ABSOLUTE
    __Vectors                                0x08000000   Data           4  startup_stm32f407xx.o(RESET)
    __Vectors_End                            0x08000188   Data           0  startup_stm32f407xx.o(RESET)
    __main                                   0x08000189   Thumb Code     0  entry.o(.ARM.Collect$$$$00000000)
    _main_stk                                0x08000189   Thumb Code     0  entry2.o(.ARM.Collect$$$$00000001)
    _main_scatterload                        0x0800018d   Thumb Code     0  entry5.o(.ARM.Collect$$$$00000004)
    __main_after_scatterload                 0x08000191   Thumb Code     0  entry5.o(.ARM.Collect$$$$00000004)
    _main_clock                              0x08000191   Thumb Code     0  entry7b.o(.ARM.Collect$$$$00000008)
    _main_cpp_init                           0x08000191   Thumb Code     0  entry8b.o(.ARM.Collect$$$$0000000A)
    _main_init                               0x08000191   Thumb Code     0  entry9a.o(.ARM.Collect$$$$0000000B)
    __rt_final_cpp                           0x08000199   Thumb Code     0  entry10a.o(.ARM.Collect$$$$0000000D)
    __rt_final_exit                          0x08000199   Thumb Code     0  entry11a.o(.ARM.Collect$$$$0000000F)
    SVC_Handler                              0x0800019d   Thumb Code    28  port.o(.emb_text)
    __asm___6_port_c_39a90d8d__prvStartFirstTask 0x080001bd   Thumb Code    28  port.o(.emb_text)
    __asm___6_port_c_39a90d8d__prvEnableVFP  0x080001dd   Thumb Code    16  port.o(.emb_text)
    PendSV_Handler                           0x080001f1   Thumb Code    92  port.o(.emb_text)
    vPortGetIPSR                             0x08000251   Thumb Code     6  port.o(.emb_text)
    Reset_Handler                            0x08000259   Thumb Code     8  startup_stm32f407xx.o(.text)
    NMI_Handler                              0x08000261   Thumb Code     2  startup_stm32f407xx.o(.text)
    HardFault_Handler                        0x08000263   Thumb Code     2  startup_stm32f407xx.o(.text)
    MemManage_Handler                        0x08000265   Thumb Code     2  startup_stm32f407xx.o(.text)
    BusFault_Handler                         0x08000267   Thumb Code     2  startup_stm32f407xx.o(.text)
    UsageFault_Handler                       0x08000269   Thumb Code     2  startup_stm32f407xx.o(.text)
    DebugMon_Handler                         0x0800026d   Thumb Code     2  startup_stm32f407xx.o(.text)
    ADC_IRQHandler                           0x08000273   Thumb Code     0  startup_stm32f407xx.o(.text)
    CAN1_RX0_IRQHandler                      0x08000273   Thumb Code     0  startup_stm32f407xx.o(.text)
    CAN1_RX1_IRQHandler                      0x08000273   Thumb Code     0  startup_stm32f407xx.o(.text)
    CAN1_SCE_IRQHandler                      0x08000273   Thumb Code     0  startup_stm32f407xx.o(.text)
    CAN1_TX_IRQHandler                       0x08000273   Thumb Code     0  startup_stm32f407xx.o(.text)
    CAN2_RX0_IRQHandler                      0x08000273   Thumb Code     0  startup_stm32f407xx.o(.text)
    CAN2_RX1_IRQHandler                      0x08000273   Thumb Code     0  startup_stm32f407xx.o(.text)
    CAN2_SCE_IRQHandler                      0x08000273   Thumb Code     0  startup_stm32f407xx.o(.text)
    CAN2_TX_IRQHandler                       0x08000273   Thumb Code     0  startup_stm32f407xx.o(.text)
    DMA1_Stream0_IRQHandler                  0x08000273   Thumb Code     0  startup_stm32f407xx.o(.text)
    DMA1_Stream1_IRQHandler                  0x08000273   Thumb Code     0  startup_stm32f407xx.o(.text)
    DMA1_Stream2_IRQHandler                  0x08000273   Thumb Code     0  startup_stm32f407xx.o(.text)
    DMA1_Stream3_IRQHandler                  0x08000273   Thumb Code     0  startup_stm32f407xx.o(.text)
    DMA1_Stream4_IRQHandler                  0x08000273   Thumb Code     0  startup_stm32f407xx.o(.text)
    DMA1_Stream5_IRQHandler                  0x08000273   Thumb Code     0  startup_stm32f407xx.o(.text)
    DMA1_Stream6_IRQHandler                  0x08000273   Thumb Code     0  startup_stm32f407xx.o(.text)
    DMA1_Stream7_IRQHandler                  0x08000273   Thumb Code     0  startup_stm32f407xx.o(.text)
    DMA2_Stream0_IRQHandler                  0x08000273   Thumb Code     0  startup_stm32f407xx.o(.text)
    DMA2_Stream2_IRQHandler                  0x08000273   Thumb Code     0  startup_stm32f407xx.o(.text)
    DMA2_Stream3_IRQHandler                  0x08000273   Thumb Code     0  startup_stm32f407xx.o(.text)
    DMA2_Stream4_IRQHandler                  0x08000273   Thumb Code     0  startup_stm32f407xx.o(.text)
    DMA2_Stream5_IRQHandler                  0x08000273   Thumb Code     0  startup_stm32f407xx.o(.text)
    DMA2_Stream6_IRQHandler                  0x08000273   Thumb Code     0  startup_stm32f407xx.o(.text)
    DMA2_Stream7_IRQHandler                  0x08000273   Thumb Code     0  startup_stm32f407xx.o(.text)
    ETH_IRQHandler                           0x08000273   Thumb Code     0  startup_stm32f407xx.o(.text)
    ETH_WKUP_IRQHandler                      0x08000273   Thumb Code     0  startup_stm32f407xx.o(.text)
    EXTI0_IRQHandler                         0x08000273   Thumb Code     0  startup_stm32f407xx.o(.text)
    EXTI15_10_IRQHandler                     0x08000273   Thumb Code     0  startup_stm32f407xx.o(.text)
    EXTI1_IRQHandler                         0x08000273   Thumb Code     0  startup_stm32f407xx.o(.text)
    EXTI2_IRQHandler                         0x08000273   Thumb Code     0  startup_stm32f407xx.o(.text)
    EXTI3_IRQHandler                         0x08000273   Thumb Code     0  startup_stm32f407xx.o(.text)
    EXTI4_IRQHandler                         0x08000273   Thumb Code     0  startup_stm32f407xx.o(.text)
    EXTI9_5_IRQHandler                       0x08000273   Thumb Code     0  startup_stm32f407xx.o(.text)
    FLASH_IRQHandler                         0x08000273   Thumb Code     0  startup_stm32f407xx.o(.text)
    FMC_IRQHandler                           0x08000273   Thumb Code     0  startup_stm32f407xx.o(.text)
    FPU_IRQHandler                           0x08000273   Thumb Code     0  startup_stm32f407xx.o(.text)
    HASH_RNG_IRQHandler                      0x08000273   Thumb Code     0  startup_stm32f407xx.o(.text)
    I2C1_ER_IRQHandler                       0x08000273   Thumb Code     0  startup_stm32f407xx.o(.text)
    I2C1_EV_IRQHandler                       0x08000273   Thumb Code     0  startup_stm32f407xx.o(.text)
    I2C2_ER_IRQHandler                       0x08000273   Thumb Code     0  startup_stm32f407xx.o(.text)
    I2C2_EV_IRQHandler                       0x08000273   Thumb Code     0  startup_stm32f407xx.o(.text)
    I2C3_ER_IRQHandler                       0x08000273   Thumb Code     0  startup_stm32f407xx.o(.text)
    I2C3_EV_IRQHandler                       0x08000273   Thumb Code     0  startup_stm32f407xx.o(.text)
    OTG_FS_IRQHandler                        0x08000273   Thumb Code     0  startup_stm32f407xx.o(.text)
    OTG_FS_WKUP_IRQHandler                   0x08000273   Thumb Code     0  startup_stm32f407xx.o(.text)
    OTG_HS_EP1_IN_IRQHandler                 0x08000273   Thumb Code     0  startup_stm32f407xx.o(.text)
    OTG_HS_EP1_OUT_IRQHandler                0x08000273   Thumb Code     0  startup_stm32f407xx.o(.text)
    OTG_HS_IRQHandler                        0x08000273   Thumb Code     0  startup_stm32f407xx.o(.text)
    OTG_HS_WKUP_IRQHandler                   0x08000273   Thumb Code     0  startup_stm32f407xx.o(.text)
    PVD_IRQHandler                           0x08000273   Thumb Code     0  startup_stm32f407xx.o(.text)
    RCC_IRQHandler                           0x08000273   Thumb Code     0  startup_stm32f407xx.o(.text)
    RTC_Alarm_IRQHandler                     0x08000273   Thumb Code     0  startup_stm32f407xx.o(.text)
    RTC_WKUP_IRQHandler                      0x08000273   Thumb Code     0  startup_stm32f407xx.o(.text)
    SDIO_IRQHandler                          0x08000273   Thumb Code     0  startup_stm32f407xx.o(.text)
    SPI1_IRQHandler                          0x08000273   Thumb Code     0  startup_stm32f407xx.o(.text)
    SPI2_IRQHandler                          0x08000273   Thumb Code     0  startup_stm32f407xx.o(.text)
    SPI3_IRQHandler                          0x08000273   Thumb Code     0  startup_stm32f407xx.o(.text)
    TAMP_STAMP_IRQHandler                    0x08000273   Thumb Code     0  startup_stm32f407xx.o(.text)
    TIM1_BRK_TIM9_IRQHandler                 0x08000273   Thumb Code     0  startup_stm32f407xx.o(.text)
    TIM1_CC_IRQHandler                       0x08000273   Thumb Code     0  startup_stm32f407xx.o(.text)
    TIM1_TRG_COM_TIM11_IRQHandler            0x08000273   Thumb Code     0  startup_stm32f407xx.o(.text)
    TIM1_UP_TIM10_IRQHandler                 0x08000273   Thumb Code     0  startup_stm32f407xx.o(.text)
    TIM2_IRQHandler                          0x08000273   Thumb Code     0  startup_stm32f407xx.o(.text)
    TIM3_IRQHandler                          0x08000273   Thumb Code     0  startup_stm32f407xx.o(.text)
    TIM4_IRQHandler                          0x08000273   Thumb Code     0  startup_stm32f407xx.o(.text)
    TIM5_IRQHandler                          0x08000273   Thumb Code     0  startup_stm32f407xx.o(.text)
    TIM6_DAC_IRQHandler                      0x08000273   Thumb Code     0  startup_stm32f407xx.o(.text)
    TIM7_IRQHandler                          0x08000273   Thumb Code     0  startup_stm32f407xx.o(.text)
    TIM8_BRK_TIM12_IRQHandler                0x08000273   Thumb Code     0  startup_stm32f407xx.o(.text)
    TIM8_CC_IRQHandler                       0x08000273   Thumb Code     0  startup_stm32f407xx.o(.text)
    TIM8_TRG_COM_TIM14_IRQHandler            0x08000273   Thumb Code     0  startup_stm32f407xx.o(.text)
    TIM8_UP_TIM13_IRQHandler                 0x08000273   Thumb Code     0  startup_stm32f407xx.o(.text)
    UART4_IRQHandler                         0x08000273   Thumb Code     0  startup_stm32f407xx.o(.text)
    UART5_IRQHandler                         0x08000273   Thumb Code     0  startup_stm32f407xx.o(.text)
    USART1_IRQHandler                        0x08000273   Thumb Code     0  startup_stm32f407xx.o(.text)
    USART2_IRQHandler                        0x08000273   Thumb Code     0  startup_stm32f407xx.o(.text)
    USART3_IRQHandler                        0x08000273   Thumb Code     0  startup_stm32f407xx.o(.text)
    USART6_IRQHandler                        0x08000273   Thumb Code     0  startup_stm32f407xx.o(.text)
    WWDG_IRQHandler                          0x08000273   Thumb Code     0  startup_stm32f407xx.o(.text)
    __aeabi_memcpy                           0x0800027d   Thumb Code    36  memcpya.o(.text)
    __aeabi_memcpy4                          0x0800027d   Thumb Code     0  memcpya.o(.text)
    __aeabi_memcpy8                          0x0800027d   Thumb Code     0  memcpya.o(.text)
    __aeabi_memset                           0x080002a1   Thumb Code    14  memseta.o(.text)
    __aeabi_memset4                          0x080002a1   Thumb Code     0  memseta.o(.text)
    __aeabi_memset8                          0x080002a1   Thumb Code     0  memseta.o(.text)
    __aeabi_memclr                           0x080002af   Thumb Code     4  memseta.o(.text)
    __aeabi_memclr4                          0x080002af   Thumb Code     0  memseta.o(.text)
    __aeabi_memclr8                          0x080002af   Thumb Code     0  memseta.o(.text)
    _memset$wrapper                          0x080002b3   Thumb Code    18  memseta.o(.text)
    strlen                                   0x080002c5   Thumb Code    14  strlen.o(.text)
    strcpy                                   0x080002d3   Thumb Code    18  strcpy.o(.text)
    strspn                                   0x080002e5   Thumb Code    28  strspn.o(.text)
    strpbrk                                  0x08000301   Thumb Code    32  strpbrk.o(.text)
    strcasecmp                               0x08000321   Thumb Code    42  strcasecmp.o(.text)
    __aeabi_uidiv                            0x0800034b   Thumb Code     0  uidiv.o(.text)
    __aeabi_uidivmod                         0x0800034b   Thumb Code    44  uidiv.o(.text)
    tolower                                  0x08000377   Thumb Code    12  tolower.o(.text)
    __scatterload                            0x08000385   Thumb Code    28  init.o(.text)
    __scatterload_rt2                        0x08000385   Thumb Code     0  init.o(.text)
    BSP_SD_GetCardInfo                       0x080003a9   Thumb Code     8  bsp_driver_sd.o(i.BSP_SD_GetCardInfo)
    BSP_SD_GetStatus                         0x080003b5   Thumb Code     6  bsp_driver_sd.o(i.BSP_SD_GetStatus)
    BSP_SD_Init                              0x080003c1   Thumb Code    44  bsp_driver_sd.o(i.BSP_SD_Init)
    BSP_SD_IsDetected                        0x080003f5   Thumb Code    30  bsp_driver_sd.o(i.BSP_SD_IsDetected)
    BSP_SD_ReadBlocks                        0x08000419   Thumb Code    26  bsp_driver_sd.o(i.BSP_SD_ReadBlocks)
    BSP_SD_WriteBlocks                       0x08000439   Thumb Code    26  bsp_driver_sd.o(i.BSP_SD_WriteBlocks)
    DCMI_IRQHandler                          0x08000459   Thumb Code     6  stm32f4xx_it.o(i.DCMI_IRQHandler)
    DMA2_Stream1_IRQHandler                  0x08000465   Thumb Code     6  stm32f4xx_it.o(i.DMA2_Stream1_IRQHandler)
    FATFS_LinkDriver                         0x08000499   Thumb Code     6  ff_gen_drv.o(i.FATFS_LinkDriver)
    FATFS_LinkDriverEx                       0x080004a1   Thumb Code    60  ff_gen_drv.o(i.FATFS_LinkDriverEx)
    FSMC_NORSRAM_Extended_Timing_Init        0x080004e1   Thumb Code    60  stm32f4xx_ll_fsmc.o(i.FSMC_NORSRAM_Extended_Timing_Init)
    FSMC_NORSRAM_Init                        0x08000521   Thumb Code    80  stm32f4xx_ll_fsmc.o(i.FSMC_NORSRAM_Init)
    FSMC_NORSRAM_Timing_Init                 0x08000575   Thumb Code    64  stm32f4xx_ll_fsmc.o(i.FSMC_NORSRAM_Timing_Init)
    Get_Char                                 0x080005b9   Thumb Code    32  usart.o(i.Get_Char)
    GpioToggleLedTest                        0x080005dd   Thumb Code    16  freertos.o(i.GpioToggleLedTest)
    HAL_DCMI_ErrorCallback                   0x080005ed   Thumb Code     2  stm32f4xx_hal_dcmi.o(i.HAL_DCMI_ErrorCallback)
    HAL_DCMI_FrameEventCallback              0x080005ef   Thumb Code     2  stm32f4xx_hal_dcmi.o(i.HAL_DCMI_FrameEventCallback)
    HAL_DCMI_IRQHandler                      0x080005f1   Thumb Code   228  stm32f4xx_hal_dcmi.o(i.HAL_DCMI_IRQHandler)
    HAL_DCMI_Init                            0x080006d5   Thumb Code   168  stm32f4xx_hal_dcmi_ex.o(i.HAL_DCMI_Init)
    HAL_DCMI_LineEventCallback               0x08000781   Thumb Code     2  stm32f4xx_hal_dcmi.o(i.HAL_DCMI_LineEventCallback)
    HAL_DCMI_MspInit                         0x08000785   Thumb Code   202  dcmi.o(i.HAL_DCMI_MspInit)
    HAL_DCMI_VsyncEventCallback              0x08000871   Thumb Code     2  stm32f4xx_hal_dcmi.o(i.HAL_DCMI_VsyncEventCallback)
    HAL_DMA_Abort                            0x08000875   Thumb Code    84  stm32f4xx_hal_dma.o(i.HAL_DMA_Abort)
    HAL_DMA_IRQHandler                       0x080008c9   Thumb Code   412  stm32f4xx_hal_dma.o(i.HAL_DMA_IRQHandler)
    HAL_DMA_Init                             0x08000a69   Thumb Code   116  stm32f4xx_hal_dma.o(i.HAL_DMA_Init)
    HAL_Delay                                0x08000ae1   Thumb Code    22  stm32f4xx_hal.o(i.HAL_Delay)
    HAL_GPIO_Init                            0x08000b65   Thumb Code   398  stm32f4xx_hal_gpio.o(i.HAL_GPIO_Init)
    HAL_GPIO_ReadPin                         0x08000d25   Thumb Code    10  stm32f4xx_hal_gpio.o(i.HAL_GPIO_ReadPin)
    HAL_GPIO_TogglePin                       0x08000d2f   Thumb Code     8  stm32f4xx_hal_gpio.o(i.HAL_GPIO_TogglePin)
    HAL_GPIO_WritePin                        0x08000d37   Thumb Code    10  stm32f4xx_hal_gpio.o(i.HAL_GPIO_WritePin)
    HAL_GetTick                              0x08000d41   Thumb Code     6  stm32f4xx_hal.o(i.HAL_GetTick)
    HAL_I2C_Init                             0x08000d4d   Thumb Code   246  stm32f4xx_hal_i2c.o(i.HAL_I2C_Init)
    HAL_I2C_MspInit                          0x08000e4d   Thumb Code    64  i2c.o(i.HAL_I2C_MspInit)
    HAL_Init                                 0x08000e99   Thumb Code    48  stm32f4xx_hal.o(i.HAL_Init)
    HAL_InitTick                             0x08000ecd   Thumb Code    34  stm32f4xx_hal.o(i.HAL_InitTick)
    HAL_MspInit                              0x08000eef   Thumb Code    22  stm32f4xx_hal_msp.o(i.HAL_MspInit)
    HAL_NVIC_EnableIRQ                       0x08000f05   Thumb Code    22  stm32f4xx_hal_cortex.o(i.HAL_NVIC_EnableIRQ)
    HAL_NVIC_SetPriority                     0x08000f1d   Thumb Code    60  stm32f4xx_hal_cortex.o(i.HAL_NVIC_SetPriority)
    HAL_NVIC_SetPriorityGrouping             0x08000f5d   Thumb Code    26  stm32f4xx_hal_cortex.o(i.HAL_NVIC_SetPriorityGrouping)
    HAL_RCC_ClockConfig                      0x08000f81   Thumb Code   514  stm32f4xx_hal_rcc.o(i.HAL_RCC_ClockConfig)
    HAL_RCC_GetHCLKFreq                      0x0800118d   Thumb Code    38  stm32f4xx_hal_rcc.o(i.HAL_RCC_GetHCLKFreq)
    HAL_RCC_GetPCLK1Freq                     0x080011c1   Thumb Code    36  stm32f4xx_hal_rcc.o(i.HAL_RCC_GetPCLK1Freq)
    HAL_RCC_GetPCLK2Freq                     0x080011ed   Thumb Code    36  stm32f4xx_hal_rcc.o(i.HAL_RCC_GetPCLK2Freq)
    HAL_RCC_GetSysClockFreq                  0x08001219   Thumb Code   104  stm32f4xx_hal_rcc.o(i.HAL_RCC_GetSysClockFreq)
    HAL_RCC_OscConfig                        0x08001289   Thumb Code   802  stm32f4xx_hal_rcc.o(i.HAL_RCC_OscConfig)
    HAL_SD_GetStatus                         0x080015c1   Thumb Code    78  stm32f4xx_hal_sd.o(i.HAL_SD_GetStatus)
    HAL_SD_Get_CardInfo                      0x0800160f   Thumb Code   696  stm32f4xx_hal_sd.o(i.HAL_SD_Get_CardInfo)
    HAL_SD_Init                              0x080018c7   Thumb Code   160  stm32f4xx_hal_sd.o(i.HAL_SD_Init)
    HAL_SD_MspInit                           0x08001969   Thumb Code    84  sdio.o(i.HAL_SD_MspInit)
    HAL_SD_ReadBlocks                        0x080019cd   Thumb Code   380  stm32f4xx_hal_sd.o(i.HAL_SD_ReadBlocks)
    HAL_SD_StopTransfer                      0x08001b49   Thumb Code    44  stm32f4xx_hal_sd.o(i.HAL_SD_StopTransfer)
    HAL_SD_WideBusOperation_Config           0x08001b75   Thumb Code    94  stm32f4xx_hal_sd.o(i.HAL_SD_WideBusOperation_Config)
    HAL_SD_WriteBlocks                       0x08001bd5   Thumb Code   472  stm32f4xx_hal_sd.o(i.HAL_SD_WriteBlocks)
    HAL_SPI_Init                             0x08001dad   Thumb Code   132  stm32f4xx_hal_spi.o(i.HAL_SPI_Init)
    HAL_SPI_MspInit                          0x08001e31   Thumb Code    82  spi.o(i.HAL_SPI_MspInit)
    HAL_SRAM_Init                            0x08001e95   Thumb Code    86  stm32f4xx_hal_sram.o(i.HAL_SRAM_Init)
    HAL_SRAM_MspInit                         0x08001eeb   Thumb Code     4  fsmc.o(i.HAL_SRAM_MspInit)
    HAL_SYSTICK_CLKSourceConfig              0x08001eef   Thumb Code    24  stm32f4xx_hal_cortex.o(i.HAL_SYSTICK_CLKSourceConfig)
    HAL_SYSTICK_Config                       0x08001f07   Thumb Code    40  stm32f4xx_hal_cortex.o(i.HAL_SYSTICK_Config)
    HAL_UART_Init                            0x08001f2f   Thumb Code    94  stm32f4xx_hal_uart.o(i.HAL_UART_Init)
    HAL_UART_MspInit                         0x08001f8d   Thumb Code    64  usart.o(i.HAL_UART_MspInit)
    HAL_UART_Receive                         0x08001fd9   Thumb Code   204  stm32f4xx_hal_uart.o(i.HAL_UART_Receive)
    HAL_UART_Transmit                        0x080020a5   Thumb Code   204  stm32f4xx_hal_uart.o(i.HAL_UART_Transmit)
    LCD_Clear                                0x08002171   Thumb Code    38  sd2119.o(i.LCD_Clear)
    LCD_DisplayChar                          0x0800219d   Thumb Code    26  sd2119.o(i.LCD_DisplayChar)
    LCD_DisplayStringLine                    0x080021bd   Thumb Code    50  sd2119.o(i.LCD_DisplayStringLine)
    LCD_DrawChar                             0x080021f5   Thumb Code   132  sd2119.o(i.LCD_DrawChar)
    LCD_GetFont                              0x08002281   Thumb Code     6  sd2119.o(i.LCD_GetFont)
    LCD_Init                                 0x0800228d   Thumb Code   352  sd2119.o(i.LCD_Init)
    LCD_SetCursor                            0x08002401   Thumb Code    24  sd2119.o(i.LCD_SetCursor)
    LCD_WriteReg                             0x08002419   Thumb Code    12  sd2119.o(i.LCD_WriteReg)
    LcdTestThread                            0x08002429   Thumb Code    56  freertos.o(i.LcdTestThread)
    MX_DCMI_Init                             0x08002469   Thumb Code    30  dcmi.o(i.MX_DCMI_Init)
    MX_DMA_Init                              0x08002491   Thumb Code    40  dma.o(i.MX_DMA_Init)
    MX_FATFS_Init                            0x080024bd   Thumb Code    18  fatfs.o(i.MX_FATFS_Init)
    MX_FREERTOS_Init                         0x080024d9   Thumb Code   120  freertos.o(i.MX_FREERTOS_Init)
    MX_FSMC_Init                             0x08002559   Thumb Code    84  fsmc.o(i.MX_FSMC_Init)
    MX_GPIO_Init                             0x080025b5   Thumb Code   220  gpio.o(i.MX_GPIO_Init)
    MX_I2C1_Init                             0x080026a9   Thumb Code    34  i2c.o(i.MX_I2C1_Init)
    MX_SDIO_SD_Init                          0x080026d9   Thumb Code    22  sdio.o(i.MX_SDIO_SD_Init)
    MX_SPI2_Init                             0x080026f9   Thumb Code    44  spi.o(i.MX_SPI2_Init)
    MX_USART3_UART_Init                      0x0800272d   Thumb Code    32  usart.o(i.MX_USART3_UART_Init)
    PC0_LED_Toggle                           0x08002775   Thumb Code     8  gpio.o(i.PC0_LED_Toggle)
    SDIO_DataConfig                          0x08002781   Thumb Code    36  stm32f4xx_ll_sdmmc.o(i.SDIO_DataConfig)
    SDIO_GetCommandResponse                  0x080027a5   Thumb Code     6  stm32f4xx_ll_sdmmc.o(i.SDIO_GetCommandResponse)
    SDIO_GetPowerState                       0x080027ab   Thumb Code     8  stm32f4xx_ll_sdmmc.o(i.SDIO_GetPowerState)
    SDIO_GetResponse                         0x080027b5   Thumb Code    12  stm32f4xx_ll_sdmmc.o(i.SDIO_GetResponse)
    SDIO_Init                                0x080027c5   Thumb Code    36  stm32f4xx_ll_sdmmc.o(i.SDIO_Init)
    SDIO_PowerState_ON                       0x080027e9   Thumb Code     8  stm32f4xx_ll_sdmmc.o(i.SDIO_PowerState_ON)
    SDIO_ReadFIFO                            0x080027f1   Thumb Code     6  stm32f4xx_ll_sdmmc.o(i.SDIO_ReadFIFO)
    SDIO_SendCommand                         0x080027f7   Thumb Code    32  stm32f4xx_ll_sdmmc.o(i.SDIO_SendCommand)
    SDIO_WriteFIFO                           0x08002817   Thumb Code    10  stm32f4xx_ll_sdmmc.o(i.SDIO_WriteFIFO)
    SD_initialize                            0x08002f6d   Thumb Code    26  sd_diskio.o(i.SD_initialize)
    SD_ioctl                                 0x08002f8d   Thumb Code    74  sd_diskio.o(i.SD_ioctl)
    SD_read                                  0x08002fdd   Thumb Code    30  sd_diskio.o(i.SD_read)
    SD_status                                0x08002ffd   Thumb Code    26  sd_diskio.o(i.SD_status)
    SD_write                                 0x0800301d   Thumb Code    30  sd_diskio.o(i.SD_write)
    Send_Char                                0x0800303d   Thumb Code    30  usart.o(i.Send_Char)
    StartDefaultTask                         0x08003061   Thumb Code    12  freertos.o(i.StartDefaultTask)
    SysTick_Handler                          0x0800306d   Thumb Code     4  stm32f4xx_it.o(i.SysTick_Handler)
    SystemClock_Config                       0x08003071   Thumb Code   140  main.o(i.SystemClock_Config)
    SystemInit                               0x08003105   Thumb Code    66  system_stm32f4xx.o(i.SystemInit)
    __0printf$3                              0x08003365   Thumb Code    22  printf3.o(i.__0printf$3)
    __1printf$3                              0x08003365   Thumb Code     0  printf3.o(i.__0printf$3)
    __2printf                                0x08003365   Thumb Code     0  printf3.o(i.__0printf$3)
    __0sprintf$3                             0x08003385   Thumb Code    34  printf3.o(i.__0sprintf$3)
    __1sprintf$3                             0x08003385   Thumb Code     0  printf3.o(i.__0sprintf$3)
    __2sprintf                               0x08003385   Thumb Code     0  printf3.o(i.__0sprintf$3)
    __scatterload_copy                       0x080033ad   Thumb Code    14  handlers.o(i.__scatterload_copy)
    __scatterload_null                       0x080033bb   Thumb Code     2  handlers.o(i.__scatterload_null)
    __scatterload_zeroinit                   0x080033bd   Thumb Code    14  handlers.o(i.__scatterload_zeroinit)
    _strtok                                  0x0800359b   Thumb Code    56  utility.o(i._strtok)
    fputc                                    0x08003729   Thumb Code     6  mdkretarget.o(i.fputc)
    main                                     0x0800374d   Thumb Code    50  main.o(i.main)
    osDelay                                  0x0800378b   Thumb Code    14  cmsis_os.o(i.osDelay)
    osKernelStart                            0x08003799   Thumb Code    10  cmsis_os.o(i.osKernelStart)
    osSemaphoreCreate                        0x080037a3   Thumb Code    46  cmsis_os.o(i.osSemaphoreCreate)
    osSystickHandler                         0x080037d1   Thumb Code    20  cmsis_os.o(i.osSystickHandler)
    osThreadCreate                           0x080037e5   Thumb Code    56  cmsis_os.o(i.osThreadCreate)
    pvPortMalloc                             0x08003b0d   Thumb Code   210  heap_4.o(i.pvPortMalloc)
    pxPortInitialiseStack                    0x08003be5   Thumb Code    36  port.o(i.pxPortInitialiseStack)
    shellGetLine                             0x08003c0d   Thumb Code   110  shell.o(i.shellGetLine)
    shellStart                               0x08003c81   Thumb Code   246  shell.o(i.shellStart)
    shellUsage                               0x08003e0d   Thumb Code     8  shell.o(i.shellUsage)
    uxListRemove                             0x08003e21   Thumb Code    36  list.o(i.uxListRemove)
    uxTaskGetSystemState                     0x08003e45   Thumb Code   140  tasks.o(i.uxTaskGetSystemState)
    vListInitialise                          0x08003ed9   Thumb Code    22  list.o(i.vListInitialise)
    vListInitialiseItem                      0x08003eef   Thumb Code     6  list.o(i.vListInitialiseItem)
    vListInsert                              0x08003ef5   Thumb Code    48  list.o(i.vListInsert)
    vListInsertEnd                           0x08003f25   Thumb Code    24  list.o(i.vListInsertEnd)
    vPortEnterCritical                       0x08003f3d   Thumb Code    54  port.o(i.vPortEnterCritical)
    vPortExitCritical                        0x08003f7d   Thumb Code    34  port.o(i.vPortExitCritical)
    vPortFree                                0x08003fa5   Thumb Code    88  heap_4.o(i.vPortFree)
    vPortSetupTimerInterrupt                 0x08004001   Thumb Code    26  port.o(i.vPortSetupTimerInterrupt)
    vTaskDelay                               0x08004021   Thumb Code    94  tasks.o(i.vTaskDelay)
    vTaskList                                0x08004089   Thumb Code   178  tasks.o(i.vTaskList)
    vTaskMissedYield                         0x08004151   Thumb Code     8  tasks.o(i.vTaskMissedYield)
    vTaskPlaceOnEventList                    0x0800415d   Thumb Code    90  tasks.o(i.vTaskPlaceOnEventList)
    vTaskSetTimeOutState                     0x080041c1   Thumb Code    30  tasks.o(i.vTaskSetTimeOutState)
    vTaskStartScheduler                      0x080041e5   Thumb Code    80  tasks.o(i.vTaskStartScheduler)
    vTaskSuspendAll                          0x08004245   Thumb Code    10  tasks.o(i.vTaskSuspendAll)
    vTaskSwitchContext                       0x08004255   Thumb Code    82  tasks.o(i.vTaskSwitchContext)
    xPortGetFreeHeapSize                     0x080042b1   Thumb Code     6  heap_4.o(i.xPortGetFreeHeapSize)
    xPortStartScheduler                      0x080042bd   Thumb Code   202  port.o(i.xPortStartScheduler)
    xPortSysTickHandler                      0x0800439d   Thumb Code    38  port.o(i.xPortSysTickHandler)
    xQueueCreateCountingSemaphore            0x080043c9   Thumb Code    72  queue.o(i.xQueueCreateCountingSemaphore)
    xQueueGenericCreate                      0x08004411   Thumb Code   100  queue.o(i.xQueueGenericCreate)
    xQueueGenericReset                       0x08004475   Thumb Code   126  queue.o(i.xQueueGenericReset)
    xQueueGenericSend                        0x080044f9   Thumb Code   348  queue.o(i.xQueueGenericSend)
    xTaskCheckForTimeOut                     0x08004659   Thumb Code   102  tasks.o(i.xTaskCheckForTimeOut)
    xTaskGenericCreate                       0x080046c5   Thumb Code   430  tasks.o(i.xTaskGenericCreate)
    xTaskGetSchedulerState                   0x08004881   Thumb Code    22  tasks.o(i.xTaskGetSchedulerState)
    xTaskIncrementTick                       0x0800489d   Thumb Code   194  tasks.o(i.xTaskIncrementTick)
    xTaskPriorityDisinherit                  0x08004969   Thumb Code   144  tasks.o(i.xTaskPriorityDisinherit)
    xTaskRemoveFromEventList                 0x08004a01   Thumb Code   108  tasks.o(i.xTaskRemoveFromEventList)
    xTaskResumeAll                           0x08004a75   Thumb Code   182  tasks.o(i.xTaskResumeAll)
    SD_Driver                                0x08004b38   Data          20  sd_diskio.o(.constdata)
    APBAHBPrescTable                         0x08004b4c   Data          16  stm32f4xx_hal_rcc.o(.constdata)
    ASCII16x24_Table                         0x08004bb4   Data        4560  fonts.o(.constdata)
    Region$$Table$$Base                      0x08005dcc   Number         0  anon$$obj.o(Region$$Table)
    Region$$Table$$Limit                     0x08005dfc   Number         0  anon$$obj.o(Region$$Table)
    ucHeap                                   0x10000000   Data       32768  rtosheap.o(.ARM.__AT_0x10000000)
    pxCurrentTCB                             0x20000004   Data           4  tasks.o(.data)
    SystemCoreClock                          0x20000060   Data           4  system_stm32f4xx.o(.data)
    retSD                                    0x20000068   Data           1  fatfs.o(.data)
    SD_Path                                  0x20000069   Data           4  fatfs.o(.data)
    defaultTaskHandle                        0x20000070   Data           4  freertos.o(.data)
    dcmiBinarySemaphoreHandle                0x20000074   Data           4  freertos.o(.data)
    shellThreadHandle                        0x20000078   Data           4  freertos.o(.data)
    gpioToggleLedTestHandle                  0x2000007c   Data           4  freertos.o(.data)
    lcdTestThreadHandle                      0x20000080   Data           4  freertos.o(.data)
    __stdout                                 0x2000008c   Data           4  mdkretarget.o(.data)
    Font16x24                                0x200000b0   Data           8  fonts.o(.data)
    disk                                     0x200000b8   Data          12  ff_gen_drv.o(.bss)
    huart3                                   0x200001b4   Data          64  usart.o(.bss)
    hdcmi                                    0x200001f4   Data          64  dcmi.o(.bss)
    hdma_dcmi                                0x20000234   Data          88  dcmi.o(.bss)
    hi2c1                                    0x2000028c   Data          60  i2c.o(.bss)
    hsram1                                   0x200002c8   Data          72  fsmc.o(.bss)
    hsd                                      0x20000310   Data          96  sdio.o(.bss)
    SDCardInfo                               0x20000370   Data          88  sdio.o(.bss)
    hspi2                                    0x200003c8   Data          88  spi.o(.bss)
    __initial_sp                             0x20000820   Data           0  startup_stm32f407xx.o(STACK)



==============================================================================

Memory Map of the image

  Image Entry point : 0x08000189

  Load Region LR_IROM1 (Base: 0x08000000, Size: 0x00005eb4, Max: 0x00100000, ABSOLUTE)

    Execution Region ER_IROM1 (Base: 0x08000000, Size: 0x00005dfc, Max: 0x00100000, ABSOLUTE)

    Base Addr    Size         Type   Attr      Idx    E Section Name        Object

    0x08000000   0x00000188   Data   RO         1800    RESET               startup_stm32f407xx.o
    0x08000188   0x00000000   Code   RO         5454  * .ARM.Collect$$$$00000000  mc_w.l(entry.o)
    0x08000188   0x00000004   Code   RO         5744    .ARM.Collect$$$$00000001  mc_w.l(entry2.o)
    0x0800018c   0x00000004   Code   RO         5747    .ARM.Collect$$$$00000004  mc_w.l(entry5.o)
    0x08000190   0x00000000   Code   RO         5749    .ARM.Collect$$$$00000008  mc_w.l(entry7b.o)
    0x08000190   0x00000000   Code   RO         5751    .ARM.Collect$$$$0000000A  mc_w.l(entry8b.o)
    0x08000190   0x00000008   Code   RO         5752    .ARM.Collect$$$$0000000B  mc_w.l(entry9a.o)
    0x08000198   0x00000000   Code   RO         5754    .ARM.Collect$$$$0000000D  mc_w.l(entry10a.o)
    0x08000198   0x00000000   Code   RO         5756    .ARM.Collect$$$$0000000F  mc_w.l(entry11a.o)
    0x08000198   0x00000004   Code   RO         5745    .ARM.Collect$$$$00002712  mc_w.l(entry2.o)
    0x0800019c   0x000000ba   Code   RO         1121    .emb_text           port.o
    0x08000256   0x00000002   PAD
    0x08000258   0x00000024   Code   RO         1801    .text               startup_stm32f407xx.o
    0x0800027c   0x00000024   Code   RO         5459    .text               mc_w.l(memcpya.o)
    0x080002a0   0x00000024   Code   RO         5461    .text               mc_w.l(memseta.o)
    0x080002c4   0x0000000e   Code   RO         5463    .text               mc_w.l(strlen.o)
    0x080002d2   0x00000012   Code   RO         5465    .text               mc_w.l(strcpy.o)
    0x080002e4   0x0000001c   Code   RO         5467    .text               mc_w.l(strspn.o)
    0x08000300   0x00000020   Code   RO         5469    .text               mc_w.l(strpbrk.o)
    0x08000320   0x0000002a   Code   RO         5473    .text               mc_w.l(strcasecmp.o)
    0x0800034a   0x0000002c   Code   RO         5758    .text               mc_w.l(uidiv.o)
    0x08000376   0x0000000c   Code   RO         5762    .text               mc_w.l(tolower.o)
    0x08000382   0x00000002   PAD
    0x08000384   0x00000024   Code   RO         5775    .text               mc_w.l(init.o)
    0x080003a8   0x0000000c   Code   RO         4880    i.BSP_SD_GetCardInfo  bsp_driver_sd.o
    0x080003b4   0x0000000c   Code   RO         4881    i.BSP_SD_GetStatus  bsp_driver_sd.o
    0x080003c0   0x00000034   Code   RO         4884    i.BSP_SD_Init       bsp_driver_sd.o
    0x080003f4   0x00000024   Code   RO         4885    i.BSP_SD_IsDetected  bsp_driver_sd.o
    0x08000418   0x00000020   Code   RO         4886    i.BSP_SD_ReadBlocks  bsp_driver_sd.o
    0x08000438   0x00000020   Code   RO         4888    i.BSP_SD_WriteBlocks  bsp_driver_sd.o
    0x08000458   0x0000000c   Code   RO         4792    i.DCMI_IRQHandler   stm32f4xx_it.o
    0x08000464   0x0000000c   Code   RO         4793    i.DMA2_Stream1_IRQHandler  stm32f4xx_it.o
    0x08000470   0x00000028   Code   RO         3697    i.DMA_CalcBaseAndBitshift  stm32f4xx_hal_dma.o
    0x08000498   0x00000006   Code   RO          634    i.FATFS_LinkDriver  ff_gen_drv.o
    0x0800049e   0x00000002   PAD
    0x080004a0   0x00000040   Code   RO          635    i.FATFS_LinkDriverEx  ff_gen_drv.o
    0x080004e0   0x00000040   Code   RO         3459    i.FSMC_NORSRAM_Extended_Timing_Init  stm32f4xx_ll_fsmc.o
    0x08000520   0x00000054   Code   RO         3460    i.FSMC_NORSRAM_Init  stm32f4xx_ll_fsmc.o
    0x08000574   0x00000044   Code   RO         3461    i.FSMC_NORSRAM_Timing_Init  stm32f4xx_ll_fsmc.o
    0x080005b8   0x00000024   Code   RO         4339    i.Get_Char          usart.o
    0x080005dc   0x00000010   Code   RO         4676    i.GpioToggleLedTest  freertos.o
    0x080005ec   0x00000002   Code   RO         2945    i.HAL_DCMI_ErrorCallback  stm32f4xx_hal_dcmi.o
    0x080005ee   0x00000002   Code   RO         2946    i.HAL_DCMI_FrameEventCallback  stm32f4xx_hal_dcmi.o
    0x080005f0   0x000000e4   Code   RO         2949    i.HAL_DCMI_IRQHandler  stm32f4xx_hal_dcmi.o
    0x080006d4   0x000000ac   Code   RO         3673    i.HAL_DCMI_Init     stm32f4xx_hal_dcmi_ex.o
    0x08000780   0x00000002   Code   RO         2951    i.HAL_DCMI_LineEventCallback  stm32f4xx_hal_dcmi.o
    0x08000782   0x00000002   PAD
    0x08000784   0x000000ec   Code   RO         4466    i.HAL_DCMI_MspInit  dcmi.o
    0x08000870   0x00000002   Code   RO         2956    i.HAL_DCMI_VsyncEventCallback  stm32f4xx_hal_dcmi.o
    0x08000872   0x00000002   PAD
    0x08000874   0x00000054   Code   RO         3699    i.HAL_DMA_Abort     stm32f4xx_hal_dma.o
    0x080008c8   0x000001a0   Code   RO         3703    i.HAL_DMA_IRQHandler  stm32f4xx_hal_dma.o
    0x08000a68   0x00000078   Code   RO         3704    i.HAL_DMA_Init      stm32f4xx_hal_dma.o
    0x08000ae0   0x00000016   Code   RO         3271    i.HAL_Delay         stm32f4xx_hal.o
    0x08000af6   0x00000002   PAD
    0x08000af8   0x0000006c   Code   RO         4744    i.HAL_FSMC_MspInit  fsmc.o
    0x08000b64   0x000001c0   Code   RO         2756    i.HAL_GPIO_Init     stm32f4xx_hal_gpio.o
    0x08000d24   0x0000000a   Code   RO         2758    i.HAL_GPIO_ReadPin  stm32f4xx_hal_gpio.o
    0x08000d2e   0x00000008   Code   RO         2759    i.HAL_GPIO_TogglePin  stm32f4xx_hal_gpio.o
    0x08000d36   0x0000000a   Code   RO         2760    i.HAL_GPIO_WritePin  stm32f4xx_hal_gpio.o
    0x08000d40   0x0000000c   Code   RO         3277    i.HAL_GetTick       stm32f4xx_hal.o
    0x08000d4c   0x00000100   Code   RO         3786    i.HAL_I2C_Init      stm32f4xx_hal_i2c.o
    0x08000e4c   0x0000004c   Code   RO         4600    i.HAL_I2C_MspInit   i2c.o
    0x08000e98   0x00000034   Code   RO         3279    i.HAL_Init          stm32f4xx_hal.o
    0x08000ecc   0x00000022   Code   RO         3280    i.HAL_InitTick      stm32f4xx_hal.o
    0x08000eee   0x00000016   Code   RO         4507    i.HAL_MspInit       stm32f4xx_hal_msp.o
    0x08000f04   0x00000016   Code   RO         2633    i.HAL_NVIC_EnableIRQ  stm32f4xx_hal_cortex.o
    0x08000f1a   0x00000002   PAD
    0x08000f1c   0x00000040   Code   RO         2639    i.HAL_NVIC_SetPriority  stm32f4xx_hal_cortex.o
    0x08000f5c   0x00000024   Code   RO         2640    i.HAL_NVIC_SetPriorityGrouping  stm32f4xx_hal_cortex.o
    0x08000f80   0x0000020c   Code   RO         3064    i.HAL_RCC_ClockConfig  stm32f4xx_hal_rcc.o
    0x0800118c   0x00000034   Code   RO         3069    i.HAL_RCC_GetHCLKFreq  stm32f4xx_hal_rcc.o
    0x080011c0   0x0000002c   Code   RO         3071    i.HAL_RCC_GetPCLK1Freq  stm32f4xx_hal_rcc.o
    0x080011ec   0x0000002c   Code   RO         3072    i.HAL_RCC_GetPCLK2Freq  stm32f4xx_hal_rcc.o
    0x08001218   0x00000070   Code   RO         3073    i.HAL_RCC_GetSysClockFreq  stm32f4xx_hal_rcc.o
    0x08001288   0x00000338   Code   RO         3076    i.HAL_RCC_OscConfig  stm32f4xx_hal_rcc.o
    0x080015c0   0x0000004e   Code   RO         2109    i.HAL_SD_GetStatus  stm32f4xx_hal_sd.o
    0x0800160e   0x000002b8   Code   RO         2110    i.HAL_SD_Get_CardInfo  stm32f4xx_hal_sd.o
    0x080018c6   0x000000a0   Code   RO         2113    i.HAL_SD_Init       stm32f4xx_hal_sd.o
    0x08001966   0x00000002   PAD
    0x08001968   0x00000064   Code   RO         4833    i.HAL_SD_MspInit    sdio.o
    0x080019cc   0x0000017c   Code   RO         2116    i.HAL_SD_ReadBlocks  stm32f4xx_hal_sd.o
    0x08001b48   0x0000002c   Code   RO         2119    i.HAL_SD_StopTransfer  stm32f4xx_hal_sd.o
    0x08001b74   0x0000005e   Code   RO         2120    i.HAL_SD_WideBusOperation_Config  stm32f4xx_hal_sd.o
    0x08001bd2   0x00000002   PAD
    0x08001bd4   0x000001d8   Code   RO         2121    i.HAL_SD_WriteBlocks  stm32f4xx_hal_sd.o
    0x08001dac   0x00000084   Code   RO         4103    i.HAL_SPI_Init      stm32f4xx_hal_spi.o
    0x08001e30   0x00000064   Code   RO         5046    i.HAL_SPI_MspInit   spi.o
    0x08001e94   0x00000056   Code   RO         2460    i.HAL_SRAM_Init     stm32f4xx_hal_sram.o
    0x08001eea   0x00000004   Code   RO         4746    i.HAL_SRAM_MspInit  fsmc.o
    0x08001eee   0x00000018   Code   RO         2642    i.HAL_SYSTICK_CLKSourceConfig  stm32f4xx_hal_cortex.o
    0x08001f06   0x00000028   Code   RO         2644    i.HAL_SYSTICK_Config  stm32f4xx_hal_cortex.o
    0x08001f2e   0x0000005e   Code   RO         1879    i.HAL_UART_Init     stm32f4xx_hal_uart.o
    0x08001f8c   0x0000004c   Code   RO         4341    i.HAL_UART_MspInit  usart.o
    0x08001fd8   0x000000cc   Code   RO         1882    i.HAL_UART_Receive  stm32f4xx_hal_uart.o
    0x080020a4   0x000000cc   Code   RO         1887    i.HAL_UART_Transmit  stm32f4xx_hal_uart.o
    0x08002170   0x0000002c   Code   RO         5104    i.LCD_Clear         sd2119.o
    0x0800219c   0x00000020   Code   RO         5108    i.LCD_DisplayChar   sd2119.o
    0x080021bc   0x00000038   Code   RO         5111    i.LCD_DisplayStringLine  sd2119.o
    0x080021f4   0x0000008c   Code   RO         5112    i.LCD_DrawChar      sd2119.o
    0x08002280   0x0000000c   Code   RO         5122    i.LCD_GetFont       sd2119.o
    0x0800228c   0x00000174   Code   RO         5123    i.LCD_Init          sd2119.o
    0x08002400   0x00000018   Code   RO         5132    i.LCD_SetCursor     sd2119.o
    0x08002418   0x00000010   Code   RO         5140    i.LCD_WriteReg      sd2119.o
    0x08002428   0x00000040   Code   RO         4677    i.LcdTestThread     freertos.o
    0x08002468   0x00000028   Code   RO         4467    i.MX_DCMI_Init      dcmi.o
    0x08002490   0x0000002c   Code   RO         4438    i.MX_DMA_Init       dma.o
    0x080024bc   0x0000001c   Code   RO         4641    i.MX_FATFS_Init     fatfs.o
    0x080024d8   0x00000080   Code   RO         4678    i.MX_FREERTOS_Init  freertos.o
    0x08002558   0x0000005c   Code   RO         4747    i.MX_FSMC_Init      fsmc.o
    0x080025b4   0x000000f4   Code   RO         4396    i.MX_GPIO_Init      gpio.o
    0x080026a8   0x00000030   Code   RO         4601    i.MX_I2C1_Init      i2c.o
    0x080026d8   0x00000020   Code   RO         4834    i.MX_SDIO_SD_Init   sdio.o
    0x080026f8   0x00000034   Code   RO         5047    i.MX_SPI2_Init      spi.o
    0x0800272c   0x00000028   Code   RO         4342    i.MX_USART3_UART_Init  usart.o
    0x08002754   0x00000020   Code   RO         2646    i.NVIC_SetPriority  stm32f4xx_hal_cortex.o
    0x08002774   0x0000000c   Code   RO         4399    i.PC0_LED_Toggle    gpio.o
    0x08002780   0x00000024   Code   RO         3168    i.SDIO_DataConfig   stm32f4xx_ll_sdmmc.o
    0x080027a4   0x00000006   Code   RO         3169    i.SDIO_GetCommandResponse  stm32f4xx_ll_sdmmc.o
    0x080027aa   0x00000008   Code   RO         3172    i.SDIO_GetPowerState  stm32f4xx_ll_sdmmc.o
    0x080027b2   0x00000002   PAD
    0x080027b4   0x00000010   Code   RO         3173    i.SDIO_GetResponse  stm32f4xx_ll_sdmmc.o
    0x080027c4   0x00000024   Code   RO         3174    i.SDIO_Init         stm32f4xx_ll_sdmmc.o
    0x080027e8   0x00000008   Code   RO         3176    i.SDIO_PowerState_ON  stm32f4xx_ll_sdmmc.o
    0x080027f0   0x00000006   Code   RO         3177    i.SDIO_ReadFIFO     stm32f4xx_ll_sdmmc.o
    0x080027f6   0x00000020   Code   RO         3178    i.SDIO_SendCommand  stm32f4xx_ll_sdmmc.o
    0x08002816   0x0000000a   Code   RO         3180    i.SDIO_WriteFIFO    stm32f4xx_ll_sdmmc.o
    0x08002820   0x000000ec   Code   RO         2125    i.SD_CmdResp1Error  stm32f4xx_hal_sd.o
    0x0800290c   0x0000002e   Code   RO         2126    i.SD_CmdResp2Error  stm32f4xx_hal_sd.o
    0x0800293a   0x00000072   Code   RO         2127    i.SD_CmdResp6Error  stm32f4xx_hal_sd.o
    0x080029ac   0x00000040   Code   RO         2128    i.SD_CmdResp7Error  stm32f4xx_hal_sd.o
    0x080029ec   0x0000010a   Code   RO         2133    i.SD_FindSCR        stm32f4xx_hal_sd.o
    0x08002af6   0x000000dc   Code   RO         2134    i.SD_Initialize_Cards  stm32f4xx_hal_sd.o
    0x08002bd2   0x00000002   PAD
    0x08002bd4   0x0000013c   Code   RO         2135    i.SD_IsCardProgramming  stm32f4xx_hal_sd.o
    0x08002d10   0x00000174   Code   RO         2136    i.SD_PowerON        stm32f4xx_hal_sd.o
    0x08002e84   0x00000072   Code   RO         2137    i.SD_WideBus_Disable  stm32f4xx_hal_sd.o
    0x08002ef6   0x00000074   Code   RO         2138    i.SD_WideBus_Enable  stm32f4xx_hal_sd.o
    0x08002f6a   0x00000002   PAD
    0x08002f6c   0x00000020   Code   RO          684    i.SD_initialize     sd_diskio.o
    0x08002f8c   0x00000050   Code   RO          685    i.SD_ioctl          sd_diskio.o
    0x08002fdc   0x0000001e   Code   RO          686    i.SD_read           sd_diskio.o
    0x08002ffa   0x00000002   PAD
    0x08002ffc   0x00000020   Code   RO          687    i.SD_status         sd_diskio.o
    0x0800301c   0x0000001e   Code   RO          688    i.SD_write          sd_diskio.o
    0x0800303a   0x00000002   PAD
    0x0800303c   0x00000024   Code   RO         4343    i.Send_Char         usart.o
    0x08003060   0x0000000c   Code   RO         4679    i.StartDefaultTask  freertos.o
    0x0800306c   0x00000004   Code   RO         4794    i.SysTick_Handler   stm32f4xx_it.o
    0x08003070   0x00000094   Code   RO         4531    i.SystemClock_Config  main.o
    0x08003104   0x00000054   Code   RO         1809    i.SystemInit        system_stm32f4xx.o
    0x08003158   0x00000178   Code   RO         1898    i.UART_SetConfig    stm32f4xx_hal_uart.o
    0x080032d0   0x00000092   Code   RO         1900    i.UART_WaitOnFlagUntilTimeout  stm32f4xx_hal_uart.o
    0x08003362   0x00000002   PAD
    0x08003364   0x00000020   Code   RO         5564    i.__0printf$3       mc_w.l(printf3.o)
    0x08003384   0x00000028   Code   RO         5566    i.__0sprintf$3      mc_w.l(printf3.o)
    0x080033ac   0x0000000e   Code   RO         5785    i.__scatterload_copy  mc_w.l(handlers.o)
    0x080033ba   0x00000002   Code   RO         5786    i.__scatterload_null  mc_w.l(handlers.o)
    0x080033bc   0x0000000e   Code   RO         5787    i.__scatterload_zeroinit  mc_w.l(handlers.o)
    0x080033ca   0x0000000c   Code   RO         5142    i._delay            sd2119.o
    0x080033d6   0x00000002   PAD
    0x080033d8   0x000001b8   Code   RO         5571    i._printf_core      mc_w.l(printf3.o)
    0x08003590   0x0000000a   Code   RO         5573    i._sputc            mc_w.l(printf3.o)
    0x0800359a   0x00000038   Code   RO         5415    i._strtok           utility.o
    0x080035d2   0x00000002   PAD
    0x080035d4   0x000000ac   Code   RO         5349    i.cmd_info          shell.o
    0x08003680   0x00000078   Code   RO         5350    i.cmd_tasks         shell.o
    0x080036f8   0x00000030   Code   RO         5351    i.cmdexec           shell.o
    0x08003728   0x00000006   Code   RO         4987    i.fputc             mdkretarget.o
    0x0800372e   0x00000002   PAD
    0x08003730   0x0000001c   Code   RO         5352    i.list_commands     shell.o
    0x0800374c   0x00000032   Code   RO         4532    i.main              main.o
    0x0800377e   0x0000000c   Code   RO         1196    i.makeFreeRtosPriority  cmsis_os.o
    0x0800378a   0x0000000e   Code   RO         1197    i.osDelay           cmsis_os.o
    0x08003798   0x0000000a   Code   RO         1200    i.osKernelStart     cmsis_os.o
    0x080037a2   0x0000002e   Code   RO         1223    i.osSemaphoreCreate  cmsis_os.o
    0x080037d0   0x00000014   Code   RO         1229    i.osSystickHandler  cmsis_os.o
    0x080037e4   0x00000038   Code   RO         1230    i.osThreadCreate    cmsis_os.o
    0x0800381c   0x00000034   Code   RO          836    i.prvAddCurrentTaskToDelayedList  tasks.o
    0x08003850   0x00000054   Code   RO          837    i.prvCheckTasksWaitingTermination  tasks.o
    0x080038a4   0x0000006e   Code   RO         1528    i.prvCopyDataToQueue  queue.o
    0x08003912   0x00000002   PAD
    0x08003914   0x0000004c   Code   RO         1731    i.prvHeapInit       heap_4.o
    0x08003960   0x00000028   Code   RO          838    i.prvIdleTask       tasks.o
    0x08003988   0x0000004c   Code   RO         1732    i.prvInsertBlockIntoFreeList  heap_4.o
    0x080039d4   0x0000008a   Code   RO          839    i.prvListTaskWithinSingleList  tasks.o
    0x08003a5e   0x00000002   PAD
    0x08003a60   0x00000020   Code   RO          840    i.prvResetNextTaskUnblockTime  tasks.o
    0x08003a80   0x00000028   Code   RO         1122    i.prvTaskExitError  port.o
    0x08003aa8   0x00000064   Code   RO         1529    i.prvUnlockQueue    queue.o
    0x08003b0c   0x000000d8   Code   RO         1733    i.pvPortMalloc      heap_4.o
    0x08003be4   0x00000028   Code   RO         1123    i.pxPortInitialiseStack  port.o
    0x08003c0c   0x00000074   Code   RO         5353    i.shellGetLine      shell.o
    0x08003c80   0x0000018c   Code   RO         5354    i.shellStart        shell.o
    0x08003e0c   0x00000014   Code   RO         5355    i.shellUsage        shell.o
    0x08003e20   0x00000024   Code   RO         1695    i.uxListRemove      list.o
    0x08003e44   0x00000094   Code   RO          845    i.uxTaskGetSystemState  tasks.o
    0x08003ed8   0x00000016   Code   RO         1696    i.vListInitialise   list.o
    0x08003eee   0x00000006   Code   RO         1697    i.vListInitialiseItem  list.o
    0x08003ef4   0x00000030   Code   RO         1698    i.vListInsert       list.o
    0x08003f24   0x00000018   Code   RO         1699    i.vListInsertEnd    list.o
    0x08003f3c   0x00000040   Code   RO         1125    i.vPortEnterCritical  port.o
    0x08003f7c   0x00000028   Code   RO         1126    i.vPortExitCritical  port.o
    0x08003fa4   0x0000005c   Code   RO         1734    i.vPortFree         heap_4.o
    0x08004000   0x00000020   Code   RO         1127    i.vPortSetupTimerInterrupt  port.o
    0x08004020   0x00000068   Code   RO          850    i.vTaskDelay        tasks.o
    0x08004088   0x000000c8   Code   RO          853    i.vTaskList         tasks.o
    0x08004150   0x0000000c   Code   RO          854    i.vTaskMissedYield  tasks.o
    0x0800415c   0x00000064   Code   RO          856    i.vTaskPlaceOnEventList  tasks.o
    0x080041c0   0x00000024   Code   RO          862    i.vTaskSetTimeOutState  tasks.o
    0x080041e4   0x00000060   Code   RO          863    i.vTaskStartScheduler  tasks.o
    0x08004244   0x00000010   Code   RO          865    i.vTaskSuspendAll   tasks.o
    0x08004254   0x0000005c   Code   RO          866    i.vTaskSwitchContext  tasks.o
    0x080042b0   0x0000000c   Code   RO         1736    i.xPortGetFreeHeapSize  heap_4.o
    0x080042bc   0x000000e0   Code   RO         1129    i.xPortStartScheduler  port.o
    0x0800439c   0x0000002c   Code   RO         1130    i.xPortSysTickHandler  port.o
    0x080043c8   0x00000048   Code   RO         1539    i.xQueueCreateCountingSemaphore  queue.o
    0x08004410   0x00000064   Code   RO         1541    i.xQueueGenericCreate  queue.o
    0x08004474   0x00000084   Code   RO         1543    i.xQueueGenericReset  queue.o
    0x080044f8   0x00000160   Code   RO         1544    i.xQueueGenericSend  queue.o
    0x08004658   0x0000006c   Code   RO          867    i.xTaskCheckForTimeOut  tasks.o
    0x080046c4   0x000001bc   Code   RO          868    i.xTaskGenericCreate  tasks.o
    0x08004880   0x0000001c   Code   RO          871    i.xTaskGetSchedulerState  tasks.o
    0x0800489c   0x000000cc   Code   RO          874    i.xTaskIncrementTick  tasks.o
    0x08004968   0x00000098   Code   RO          877    i.xTaskPriorityDisinherit  tasks.o
    0x08004a00   0x00000074   Code   RO          878    i.xTaskRemoveFromEventList  tasks.o
    0x08004a74   0x000000c4   Code   RO          880    i.xTaskResumeAll    tasks.o
    0x08004b38   0x00000014   Data   RO          689    .constdata          sd_diskio.o
    0x08004b4c   0x00000010   Data   RO         3077    .constdata          stm32f4xx_hal_rcc.o
    0x08004b5c   0x00000008   Data   RO         3708    .constdata          stm32f4xx_hal_dma.o
    0x08004b64   0x00000050   Data   RO         4681    .constdata          freertos.o
    0x08004bb4   0x000011d0   Data   RO         5435    .constdata          fonts.o
    0x08005d84   0x00000038   Data   RO         4682    .conststring        freertos.o
    0x08005dbc   0x0000000e   Data   RO         5356    .conststring        shell.o
    0x08005dca   0x00000002   PAD
    0x08005dcc   0x00000030   Data   RO         5783    Region$$Table       anon$$obj.o


    Execution Region RW_IRAM2 (Base: 0x10000000, Size: 0x00008000, Max: 0x00010000, ABSOLUTE)

    Base Addr    Size         Type   Attr      Idx    E Section Name        Object

    0x10000000   0x00008000   Zero   RW         5086    .ARM.__AT_0x10000000  rtosheap.o


    Execution Region RW_IRAM1 (Base: 0x20000000, Size: 0x00000820, Max: 0x00020000, ABSOLUTE)

    Base Addr    Size         Type   Attr      Idx    E Section Name        Object

    0x20000000   0x00000001   Data   RW          690    .data               sd_diskio.o
    0x20000001   0x00000003   PAD
    0x20000004   0x00000038   Data   RW          883    .data               tasks.o
    0x2000003c   0x0000000c   Data   RW         1131    .data               port.o
    0x20000048   0x00000018   Data   RW         1738    .data               heap_4.o
    0x20000060   0x00000004   Data   RW         1811    .data               system_stm32f4xx.o
    0x20000064   0x00000004   Data   RW         3285    .data               stm32f4xx_hal.o
    0x20000068   0x00000005   Data   RW         4643    .data               fatfs.o
    0x2000006d   0x00000003   PAD
    0x20000070   0x00000014   Data   RW         4683    .data               freertos.o
    0x20000084   0x00000008   Data   RW         4749    .data               fsmc.o
    0x2000008c   0x00000004   Data   RW         4988    .data               mdkretarget.o
    0x20000090   0x00000008   Data   RW         5143    .data               sd2119.o
    0x20000098   0x00000018   Data   RW         5357    .data               shell.o
    0x200000b0   0x00000008   Data   RW         5439    .data               fonts.o
    0x200000b8   0x0000000c   Zero   RW          638    .bss                ff_gen_drv.o
    0x200000c4   0x000000f0   Zero   RW          882    .bss                tasks.o
    0x200001b4   0x00000040   Zero   RW         4344    .bss                usart.o
    0x200001f4   0x00000098   Zero   RW         4468    .bss                dcmi.o
    0x2000028c   0x0000003c   Zero   RW         4602    .bss                i2c.o
    0x200002c8   0x00000048   Zero   RW         4748    .bss                fsmc.o
    0x20000310   0x00000060   Zero   RW         4835    .bss                sdio.o
    0x20000370   0x00000058   Zero   RW         4836    .bss                sdio.o
    0x200003c8   0x00000058   Zero   RW         5048    .bss                spi.o
    0x20000420   0x00000400   Zero   RW         1798    STACK               startup_stm32f407xx.o


==============================================================================

Image component sizes


      Code (inc. data)   RO Data    RW Data    ZI Data      Debug   Object Name

       176         36          0          0          0       3726   bsp_driver_sd.o
       158          0          0          0          0      14056   cmsis_os.o
       276         44          0          0        152       1704   dcmi.o
         0          0          0          0          0       2032   diskio.o
        44          4          0          0          0        766   dma.o
         0          0          0          0          0       7900   event_groups.o
        28         10          0          5          0        968   fatfs.o
        70          4          0          0         12       1651   ff_gen_drv.o
         0          0       4560          8          0       1220   fonts.o
       220         16        136         20          0       4423   freertos.o
       204         26          0          8         72       2207   fsmc.o
       256         28          0          0          0       1496   gpio.o
       472         30          0         24          0       7875   heap_4.o
       124         26          0          0         60       1553   i2c.o
       136          0          0          0          0       3578   list.o
       198          8          0          0          0       1708   main.o
         6          0          0          4          0       2286   mdkretarget.o
       670         74          0         12          0       8488   port.o
       866         10          0          0          0       8519   queue.o
         0          0          0          0      32768        605   rtosheap.o
       708         56          0          8          0       6864   sd2119.o
       204         18         20          1          0       4296   sd_diskio.o
       132         26          0          0        184       1612   sdio.o
       900        360         14         24          0       5425   shell.o
       152         26          0          0         88       1581   spi.o
        36          8        392          0       1024        928   startup_stm32f407xx.o
       120         10          0          4          0       3676   stm32f4xx_hal.o
       218         14          0          0          0      31077   stm32f4xx_hal_cortex.o
       236          0          0          0          0       3464   stm32f4xx_hal_dcmi.o
       172          4          0          0          0       1140   stm32f4xx_hal_dcmi_ex.o
       660         14          8          0          0       3740   stm32f4xx_hal_dma.o
       476         50          0          0          0       3824   stm32f4xx_hal_gpio.o
       256         10          0          0          0       2155   stm32f4xx_hal_i2c.o
        22          0          0          0          0        506   stm32f4xx_hal_msp.o
      1600         70         16          0          0       6183   stm32f4xx_hal_rcc.o
      3788         20          0          0          0      21399   stm32f4xx_hal_sd.o
       132          0          0          0          0       1179   stm32f4xx_hal_spi.o
        86          0          0          0          0       1220   stm32f4xx_hal_sram.o
      1024         10          0          0          0       5479   stm32f4xx_hal_uart.o
        28         12          0          0          0       1390   stm32f4xx_it.o
       216         12          0          0          0       2719   stm32f4xx_ll_fsmc.o
       158          4          0          0          0       6117   stm32f4xx_ll_sdmmc.o
         0          0          0          0          0     410956   syscall.o
        84         18          0          4          0       1353   system_stm32f4xx.o
      2398        186          0         56        240      22752   tasks.o
       188         30          0          0         64       2845   usart.o
        56          0          0          0          0        734   utility.o

    ----------------------------------------------------------------------
     17992       1274       5196        184      34664     631375   Object Totals
         0          0         48          0          0          0   (incl. Generated)
        38          0          2          6          0          0   (incl. Padding)

    ----------------------------------------------------------------------

      Code (inc. data)   RO Data    RW Data    ZI Data      Debug   Library Member Name

         0          0          0          0          0          0   entry.o
         0          0          0          0          0          0   entry10a.o
         0          0          0          0          0          0   entry11a.o
         8          4          0          0          0          0   entry2.o
         4          0          0          0          0          0   entry5.o
         0          0          0          0          0          0   entry7b.o
         0          0          0          0          0          0   entry8b.o
         8          4          0          0          0          0   entry9a.o
        30          0          0          0          0          0   handlers.o
        36          8          0          0          0         68   init.o
        36          0          0          0          0         68   memcpya.o
        36          0          0          0          0        108   memseta.o
       522         20          0          0          0        336   printf3.o
        42          0          0          0          0         84   strcasecmp.o
        18          0          0          0          0         68   strcpy.o
        14          0          0          0          0         68   strlen.o
        32          0          0          0          0         76   strpbrk.o
        28          0          0          0          0         80   strspn.o
        12          0          0          0          0         68   tolower.o
        44          0          0          0          0         80   uidiv.o

    ----------------------------------------------------------------------
       872         36          0          0          0       1104   Library Totals
         2          0          0          0          0          0   (incl. Padding)

    ----------------------------------------------------------------------

      Code (inc. data)   RO Data    RW Data    ZI Data      Debug   Library Name

       870         36          0          0          0       1104   mc_w.l

    ----------------------------------------------------------------------
       872         36          0          0          0       1104   Library Totals

    ----------------------------------------------------------------------

==============================================================================


      Code (inc. data)   RO Data    RW Data    ZI Data      Debug   

     18864       1310       5196        184      34664     615015   Grand Totals
     18864       1310       5196        184      34664     615015   ELF Image Totals
     18864       1310       5196        184          0          0   ROM Totals

==============================================================================

    Total RO  Size (Code + RO Data)                24060 (  23.50kB)
    Total RW  Size (RW Data + ZI Data)             34848 (  34.03kB)
    Total ROM Size (Code + RO Data + RW Data)      24244 (  23.68kB)

==============================================================================

