Component: ARM Compiler 5.06 (build 20) Tool: armlink [4d35a3]

==============================================================================

Section Cross References

    syscall.o(i.ff_cre_syncobj) refers to cmsis_os.o(i.osSemaphoreCreate) for osSemaphoreCreate
    syscall.o(i.ff_del_syncobj) refers to cmsis_os.o(i.osSemaphoreDelete) for osSemaphoreDelete
    syscall.o(i.ff_rel_grant) refers to cmsis_os.o(i.osSemaphoreRelease) for osSemaphoreRelease
    syscall.o(i.ff_req_grant) refers to cmsis_os.o(i.osSemaphoreWait) for osSemaphoreWait
    diskio.o(i.disk_initialize) refers to ff_gen_drv.o(.bss) for disk
    diskio.o(i.disk_ioctl) refers to ff_gen_drv.o(.bss) for disk
    diskio.o(i.disk_read) refers to ff_gen_drv.o(.bss) for disk
    diskio.o(i.disk_status) refers to ff_gen_drv.o(.bss) for disk
    diskio.o(i.disk_write) refers to ff_gen_drv.o(.bss) for disk
    ff.o(i.check_fs) refers to ff.o(i.move_window) for move_window
    ff.o(i.chk_lock) refers to ff.o(.bss) for .bss
    ff.o(i.clear_lock) refers to ff.o(.bss) for .bss
    ff.o(i.create_chain) refers to ff.o(i.get_fat) for get_fat
    ff.o(i.create_chain) refers to ff.o(i.put_fat) for put_fat
    ff.o(i.create_name) refers to ff.o(i.mem_set) for mem_set
    ff.o(i.create_name) refers to ff.o(.constdata) for .constdata
    ff.o(i.dec_lock) refers to ff.o(.bss) for .bss
    ff.o(i.dir_next) refers to ff.o(i.get_fat) for get_fat
    ff.o(i.dir_next) refers to ff.o(i.create_chain) for create_chain
    ff.o(i.dir_next) refers to ff.o(i.sync_window) for sync_window
    ff.o(i.dir_next) refers to ff.o(i.mem_set) for mem_set
    ff.o(i.dir_next) refers to ff.o(i.clust2sect) for clust2sect
    ff.o(i.dir_read) refers to ff.o(i.move_window) for move_window
    ff.o(i.dir_read) refers to ff.o(i.dir_next) for dir_next
    ff.o(i.dir_register) refers to ff.o(i.dir_sdi) for dir_sdi
    ff.o(i.dir_register) refers to ff.o(i.move_window) for move_window
    ff.o(i.dir_register) refers to ff.o(i.dir_next) for dir_next
    ff.o(i.dir_register) refers to ff.o(i.mem_set) for mem_set
    ff.o(i.dir_register) refers to ff.o(i.mem_cpy) for mem_cpy
    ff.o(i.dir_remove) refers to ff.o(i.dir_sdi) for dir_sdi
    ff.o(i.dir_remove) refers to ff.o(i.move_window) for move_window
    ff.o(i.dir_remove) refers to ff.o(i.mem_set) for mem_set
    ff.o(i.dir_sdi) refers to ff.o(i.get_fat) for get_fat
    ff.o(i.dir_sdi) refers to ff.o(i.clust2sect) for clust2sect
    ff.o(i.f_chmod) refers to ff.o(i.find_volume) for find_volume
    ff.o(i.f_chmod) refers to ff.o(i.follow_path) for follow_path
    ff.o(i.f_chmod) refers to ff.o(i.sync_fs) for sync_fs
    ff.o(i.f_chmod) refers to ff.o(i.unlock_fs) for unlock_fs
    ff.o(i.f_close) refers to ff.o(i.f_sync) for f_sync
    ff.o(i.f_close) refers to ff.o(i.validate) for validate
    ff.o(i.f_close) refers to ff.o(i.dec_lock) for dec_lock
    ff.o(i.f_close) refers to ff.o(i.unlock_fs) for unlock_fs
    ff.o(i.f_closedir) refers to ff.o(i.validate) for validate
    ff.o(i.f_closedir) refers to ff.o(i.dec_lock) for dec_lock
    ff.o(i.f_closedir) refers to ff.o(i.unlock_fs) for unlock_fs
    ff.o(i.f_getfree) refers to ff.o(i.find_volume) for find_volume
    ff.o(i.f_getfree) refers to ff.o(i.get_fat) for get_fat
    ff.o(i.f_getfree) refers to ff.o(i.move_window) for move_window
    ff.o(i.f_getfree) refers to ff.o(i.unlock_fs) for unlock_fs
    ff.o(i.f_gets) refers to ff.o(i.f_read) for f_read
    ff.o(i.f_lseek) refers to ff.o(i.validate) for validate
    ff.o(i.f_lseek) refers to ff.o(i.unlock_fs) for unlock_fs
    ff.o(i.f_lseek) refers to ff.o(i.clmt_clust) for clmt_clust
    ff.o(i.f_lseek) refers to ff.o(i.clust2sect) for clust2sect
    ff.o(i.f_lseek) refers to diskio.o(i.disk_write) for disk_write
    ff.o(i.f_lseek) refers to ff.o(i.get_fat) for get_fat
    ff.o(i.f_lseek) refers to diskio.o(i.disk_read) for disk_read
    ff.o(i.f_lseek) refers to ff.o(i.create_chain) for create_chain
    ff.o(i.f_mkdir) refers to fatfs.o(i.get_fattime) for get_fattime
    ff.o(i.f_mkdir) refers to ff.o(i.find_volume) for find_volume
    ff.o(i.f_mkdir) refers to ff.o(i.follow_path) for follow_path
    ff.o(i.f_mkdir) refers to ff.o(i.create_chain) for create_chain
    ff.o(i.f_mkdir) refers to ff.o(i.sync_window) for sync_window
    ff.o(i.f_mkdir) refers to ff.o(i.clust2sect) for clust2sect
    ff.o(i.f_mkdir) refers to ff.o(i.mem_set) for mem_set
    ff.o(i.f_mkdir) refers to ff.o(i.st_clust) for st_clust
    ff.o(i.f_mkdir) refers to ff.o(i.mem_cpy) for mem_cpy
    ff.o(i.f_mkdir) refers to ff.o(i.dir_register) for dir_register
    ff.o(i.f_mkdir) refers to ff.o(i.remove_chain) for remove_chain
    ff.o(i.f_mkdir) refers to ff.o(i.sync_fs) for sync_fs
    ff.o(i.f_mkdir) refers to ff.o(i.unlock_fs) for unlock_fs
    ff.o(i.f_mkfs) refers to ff.o(i.get_ldnumber) for get_ldnumber
    ff.o(i.f_mkfs) refers to diskio.o(i.disk_initialize) for disk_initialize
    ff.o(i.f_mkfs) refers to diskio.o(i.disk_ioctl) for disk_ioctl
[...]
    ../Src/fsmc.c                            0x00000000   Number         0  fsmc.o ABSOLUTE
    ../Src/gpio.c                            0x00000000   Number         0  gpio.o ABSOLUTE
    ../Src/i2c.c                             0x00000000   Number         0  i2c.o ABSOLUTE
    ../Src/main.c                            0x00000000   Number         0  main.o ABSOLUTE
    ../Src/sdio.c                            0x00000000   Number         0  sdio.o ABSOLUTE
    ../Src/spi.c                             0x00000000   Number         0  spi.o ABSOLUTE
    ../Src/stm32f4xx_hal_msp.c               0x00000000   Number         0  stm32f4xx_hal_msp.o ABSOLUTE
    ../Src/stm32f4xx_it.c                    0x00000000   Number         0  stm32f4xx_it.o ABSOLUTE
    ../Src/usart.c                           0x00000000   Number         0  usart.o ABSOLUTE
    ../clib/microlib/division.c              0x00000000   Number         0  uldiv.o ABSOLUTE
    ../clib/microlib/division.c              0x00000000   Number         0  uidiv.o ABSOLUTE
    ../clib/microlib/init/entry.s            0x00000000   Number         0  entry8a.o ABSOLUTE
    ../clib/microlib/init/entry.s            0x00000000   Number         0  entry8b.o ABSOLUTE
    ../clib/microlib/init/entry.s            0x00000000   Number         0  entry9a.o ABSOLUTE
    ../clib/microlib/init/entry.s            0x00000000   Number         0  entry.o ABSOLUTE
    ../clib/microlib/init/entry.s            0x00000000   Number         0  entry5.o ABSOLUTE
    ../clib/microlib/init/entry.s            0x00000000   Number         0  entry2.o ABSOLUTE
    ../clib/microlib/init/entry.s            0x00000000   Number         0  entry7a.o ABSOLUTE
    ../clib/microlib/init/entry.s            0x00000000   Number         0  entry7b.o ABSOLUTE
    ../clib/microlib/init/entry.s            0x00000000   Number         0  entry11b.o ABSOLUTE
    ../clib/microlib/init/entry.s            0x00000000   Number         0  entry11a.o ABSOLUTE
    ../clib/microlib/init/entry.s            0x00000000   Number         0  entry10b.o ABSOLUTE
    ../clib/microlib/init/entry.s            0x00000000   Number         0  entry10a.o ABSOLUTE
    ../clib/microlib/init/entry.s            0x00000000   Number         0  entry9b.o ABSOLUTE
    ../clib/microlib/longlong.c              0x00000000   Number         0  llsshr.o ABSOLUTE
    ../clib/microlib/longlong.c              0x00000000   Number         0  llushr.o ABSOLUTE
    ../clib/microlib/longlong.c              0x00000000   Number         0  llshl.o ABSOLUTE
    ../clib/microlib/printf/printf.c         0x00000000   Number         0  printf8.o ABSOLUTE
    ../clib/microlib/printf/printf.c         0x00000000   Number         0  printf7.o ABSOLUTE
    ../clib/microlib/printf/printf.c         0x00000000   Number         0  printf6.o ABSOLUTE
    ../clib/microlib/printf/printf.c         0x00000000   Number         0  printf5.o ABSOLUTE
    ../clib/microlib/printf/printf.c         0x00000000   Number         0  printf4.o ABSOLUTE
    ../clib/microlib/printf/printf.c         0x00000000   Number         0  printf2.o ABSOLUTE
    ../clib/microlib/printf/printf.c         0x00000000   Number         0  printf1.o ABSOLUTE
    ../clib/microlib/printf/printf.c         0x00000000   Number         0  printf0.o ABSOLUTE
    ../clib/microlib/printf/printf.c         0x00000000   Number         0  printf3.o ABSOLUTE
    ../clib/microlib/printf/printf.c         0x00000000   Number         0  printfb.o ABSOLUTE
    ../clib/microlib/printf/printf.c         0x00000000   Number         0  printfa.o ABSOLUTE
    ../clib/microlib/printf/stubs.s          0x00000000   Number         0  stubs.o ABSOLUTE
    ../clib/microlib/string/memcpy.c         0x00000000   Number         0  memcpyb.o ABSOLUTE
    ../clib/microlib/string/memcpy.c         0x00000000   Number         0  memcpya.o ABSOLUTE
    ../clib/microlib/string/memset.c         0x00000000   Number         0  memseta.o ABSOLUTE
    ../clib/microlib/stubs.s                 0x00000000   Number         0  iusefp.o ABSOLUTE
    ../clib/microlib/stubs.s                 0x00000000   Number         0  useno.o ABSOLUTE
    ../fplib/microlib/fpadd.c                0x00000000   Number         0  dadd.o ABSOLUTE
    ../fplib/microlib/fpdiv.c                0x00000000   Number         0  ddiv.o ABSOLUTE
    ../fplib/microlib/fpepilogue.c           0x00000000   Number         0  depilogue.o ABSOLUTE
    ../fplib/microlib/fpfix.c                0x00000000   Number         0  dfixul.o ABSOLUTE
    ../fplib/microlib/fpmul.c                0x00000000   Number         0  dmul.o ABSOLUTE
    ..\Drivers\CMSIS\Device\ST\STM32F4xx\Source\Templates\system_stm32f4xx.c 0x00000000   Number         0  system_stm32f4xx.o ABSOLUTE
    ..\Drivers\STM32F4xx_HAL_Driver\Src\stm32f4xx_hal.c 0x00000000   Number         0  stm32f4xx_hal.o ABSOLUTE
    ..\Drivers\STM32F4xx_HAL_Driver\Src\stm32f4xx_hal_cortex.c 0x00000000   Number         0  stm32f4xx_hal_cortex.o ABSOLUTE
    ..\Drivers\STM32F4xx_HAL_Driver\Src\stm32f4xx_hal_dcmi.c 0x00000000   Number         0  stm32f4xx_hal_dcmi.o ABSOLUTE
    ..\Drivers\STM32F4xx_HAL_Driver\Src\stm32f4xx_hal_dcmi_ex.c 0x00000000   Number         0  stm32f4xx_hal_dcmi_ex.o ABSOLUTE
    ..\Drivers\STM32F4xx_HAL_Driver\Src\stm32f4xx_hal_dma.c 0x00000000   Number         0  stm32f4xx_hal_dma.o ABSOLUTE
    ..\Drivers\STM32F4xx_HAL_Driver\Src\stm32f4xx_hal_dma_ex.c 0x00000000   Number         0  stm32f4xx_hal_dma_ex.o ABSOLUTE
    ..\Drivers\STM32F4xx_HAL_Driver\Src\stm32f4xx_hal_flash.c 0x00000000   Number         0  stm32f4xx_hal_flash.o ABSOLUTE
    ..\Drivers\STM32F4xx_HAL_Driver\Src\stm32f4xx_hal_flash_ex.c 0x00000000   Number         0  stm32f4xx_hal_flash_ex.o ABSOLUTE
    ..\Drivers\STM32F4xx_HAL_Driver\Src\stm32f4xx_hal_flash_ramfunc.c 0x00000000   Number         0  stm32f4xx_hal_flash_ramfunc.o ABSOLUTE
    ..\Drivers\STM32F4xx_HAL_Driver\Src\stm32f4xx_hal_gpio.c 0x00000000   Number         0  stm32f4xx_hal_gpio.o ABSOLUTE
    ..\Drivers\STM32F4xx_HAL_Driver\Src\stm32f4xx_hal_i2c.c 0x00000000   Number         0  stm32f4xx_hal_i2c.o ABSOLUTE
    ..\Drivers\STM32F4xx_HAL_Driver\Src\stm32f4xx_hal_i2c_ex.c 0x00000000   Number         0  stm32f4xx_hal_i2c_ex.o ABSOLUTE
    ..\Drivers\STM32F4xx_HAL_Driver\Src\stm32f4xx_hal_pwr.c 0x00000000   Number         0  stm32f4xx_hal_pwr.o ABSOLUTE
    ..\Drivers\STM32F4xx_HAL_Driver\Src\stm32f4xx_hal_pwr_ex.c 0x00000000   Number         0  stm32f4xx_hal_pwr_ex.o ABSOLUTE
    ..\Drivers\STM32F4xx_HAL_Driver\Src\stm32f4xx_hal_rcc.c 0x00000000   Number         0  stm32f4xx_hal_rcc.o ABSOLUTE
    ..\Drivers\STM32F4xx_HAL_Driver\Src\stm32f4xx_hal_rcc_ex.c 0x00000000   Number         0  stm32f4xx_hal_rcc_ex.o ABSOLUTE
    ..\Drivers\STM32F4xx_HAL_Driver\Src\stm32f4xx_hal_sd.c 0x00000000   Number         0  stm32f4xx_hal_sd.o ABSOLUTE
    ..\Drivers\STM32F4xx_HAL_Driver\Src\stm32f4xx_hal_spi.c 0x00000000   Number         0  stm32f4xx_hal_spi.o ABSOLUTE
    ..\Drivers\STM32F4xx_HAL_Driver\Src\stm32f4xx_hal_sram.c 0x00000000   Number         0  stm32f4xx_hal_sram.o ABSOLUTE
    ..\Drivers\STM32F4xx_HAL_Driver\Src\stm32f4xx_hal_uart.c 0x00000000   Number         0  stm32f4xx_hal_uart.o ABSOLUTE
    ..\Drivers\STM32F4xx_HAL_Driver\Src\stm32f4xx_ll_fsmc.c 0x00000000   Number         0  stm32f4xx_ll_fsmc.o ABSOLUTE
    ..\Drivers\STM32F4xx_HAL_Driver\Src\stm32f4xx_ll_sdmmc.c 0x00000000   Number         0  stm32f4xx_ll_sdmmc.o ABSOLUTE
    ..\Middlewares\Third_Party\FatFs\src\diskio.c 0x00000000   Number         0  diskio.o ABSOLUTE
    ..\Middlewares\Third_Party\FatFs\src\drivers\sd_diskio.c 0x00000000   Number         0  sd_diskio.o ABSOLUTE
    ..\Middlewares\Third_Party\FatFs\src\ff.c 0x00000000   Number         0  ff.o ABSOLUTE
    ..\Middlewares\Third_Party\FatFs\src\ff_gen_drv.c 0x00000000   Number         0  ff_gen_drv.o ABSOLUTE
    ..\Middlewares\Third_Party\FatFs\src\option\syscall.c 0x00000000   Number         0  syscall.o ABSOLUTE
    ..\Middlewares\Third_Party\FreeRTOS\Source\CMSIS_RTOS\cmsis_os.c 0x00000000   Number         0  cmsis_os.o ABSOLUTE
    ..\Middlewares\Third_Party\FreeRTOS\Source\portable\RVDS\ARM_CM4F\port.c 0x00000000   Number         0  port.o ABSOLUTE
    ..\Src\bsp_driver_sd.c                   0x00000000   Number         0  bsp_driver_sd.o ABSOLUTE
    ..\Src\dcmi.c                            0x00000000   Number         0  dcmi.o ABSOLUTE
    ..\Src\dma.c                             0x00000000   Number         0  dma.o ABSOLUTE
    ..\Src\fatfs.c                           0x00000000   Number         0  fatfs.o ABSOLUTE
    ..\Src\freertos.c                        0x00000000   Number         0  freertos.o ABSOLUTE
    ..\Src\fsmc.c                            0x00000000   Number         0  fsmc.o ABSOLUTE
    ..\Src\gpio.c                            0x00000000   Number         0  gpio.o ABSOLUTE
    ..\Src\i2c.c                             0x00000000   Number         0  i2c.o ABSOLUTE
    ..\Src\main.c                            0x00000000   Number         0  main.o ABSOLUTE
    ..\Src\mdkretarget.c                     0x00000000   Number         0  mdkretarget.o ABSOLUTE
    ..\Src\sdio.c                            0x00000000   Number         0  sdio.o ABSOLUTE
    ..\Src\spi.c                             0x00000000   Number         0  spi.o ABSOLUTE
    ..\Src\stm32f4xx_hal_msp.c               0x00000000   Number         0  stm32f4xx_hal_msp.o ABSOLUTE
    ..\Src\stm32f4xx_it.c                    0x00000000   Number         0  stm32f4xx_it.o ABSOLUTE
    ..\Src\usart.c                           0x00000000   Number         0  usart.o ABSOLUTE
    ..\\Src\\mdkretarget.c                   0x00000000   Number         0  mdkretarget.o ABSOLUTE
    cdrcmple.s                               0x00000000   Number         0  cdrcmple.o ABSOLUTE
    dc.s                                     0x00000000   Number         0  dc.o ABSOLUTE
    handlers.s                               0x00000000   Number         0  handlers.o ABSOLUTE
    init.s                                   0x00000000   Number         0  init.o ABSOLUTE
    RESET                                    0x08000000   Section      392  startup_stm32f407xx.o(RESET)
    .ARM.Collect$$$$00000000                 0x08000188   Section        0  entry.o(.ARM.Collect$$$$00000000)
    .ARM.Collect$$$$00000001                 0x08000188   Section        4  entry2.o(.ARM.Collect$$$$00000001)
    .ARM.Collect$$$$00000004                 0x0800018c   Section        4  entry5.o(.ARM.Collect$$$$00000004)
    .ARM.Collect$$$$00000008                 0x08000190   Section        0  entry7b.o(.ARM.Collect$$$$00000008)
    .ARM.Collect$$$$0000000A                 0x08000190   Section        0  entry8b.o(.ARM.Collect$$$$0000000A)
    .ARM.Collect$$$$0000000B                 0x08000190   Section        8  entry9a.o(.ARM.Collect$$$$0000000B)
    .ARM.Collect$$$$0000000D                 0x08000198   Section        0  entry10a.o(.ARM.Collect$$$$0000000D)
    .ARM.Collect$$$$0000000F                 0x08000198   Section        0  entry11a.o(.ARM.Collect$$$$0000000F)
    .ARM.Collect$$$$00002712                 0x08000198   Section        4  entry2.o(.ARM.Collect$$$$00002712)
    __lit__00000000                          0x08000198   Data           4  entry2.o(.ARM.Collect$$$$00002712)
    .emb_text                                0x0800019c   Section      186  port.o(.emb_text)
    $v0                                      0x0800019c   Number         0  port.o(.emb_text)
    .text                                    0x08000258   Section       36  startup_stm32f407xx.o(.text)
    $v0                                      0x08000258   Number         0  startup_stm32f407xx.o(.text)
    .text                                    0x0800027c   Section        0  memcpya.o(.text)
    .text                                    0x080002a0   Section        0  memseta.o(.text)
    .text                                    0x080002c4   Section        0  uidiv.o(.text)
    .text                                    0x080002f0   Section       36  init.o(.text)
    i.BSP_SD_GetCardInfo                     0x08000314   Section        0  bsp_driver_sd.o(i.BSP_SD_GetCardInfo)
    i.BSP_SD_GetStatus                       0x08000320   Section        0  bsp_driver_sd.o(i.BSP_SD_GetStatus)
    i.BSP_SD_Init                            0x0800032c   Section        0  bsp_driver_sd.o(i.BSP_SD_Init)
    i.BSP_SD_IsDetected                      0x08000360   Section        0  bsp_driver_sd.o(i.BSP_SD_IsDetected)
    i.BSP_SD_ReadBlocks                      0x08000384   Section        0  bsp_driver_sd.o(i.BSP_SD_ReadBlocks)
    i.BSP_SD_WriteBlocks                     0x080003a4   Section        0  bsp_driver_sd.o(i.BSP_SD_WriteBlocks)
    i.DCMI_IRQHandler                        0x080003c4   Section        0  stm32f4xx_it.o(i.DCMI_IRQHandler)
    i.DMA2_Stream1_IRQHandler                0x080003d0   Section        0  stm32f4xx_it.o(i.DMA2_Stream1_IRQHandler)
    i.DMA_CalcBaseAndBitshift                0x080003dc   Section        0  stm32f4xx_hal_dma.o(i.DMA_CalcBaseAndBitshift)
    DMA_CalcBaseAndBitshift                  0x080003dd   Thumb Code    34  stm32f4xx_hal_dma.o(i.DMA_CalcBaseAndBitshift)
    i.FATFS_LinkDriver                       0x08000404   Section        0  ff_gen_drv.o(i.FATFS_LinkDriver)
    i.FATFS_LinkDriverEx                     0x0800040c   Section        0  ff_gen_drv.o(i.FATFS_LinkDriverEx)
    i.FSMC_NORSRAM_Extended_Timing_Init      0x0800044c   Section        0  stm32f4xx_ll_fsmc.o(i.FSMC_NORSRAM_Extended_Timing_Init)
    i.FSMC_NORSRAM_Init                      0x0800048c   Section        0  stm32f4xx_ll_fsmc.o(i.FSMC_NORSRAM_Init)
    i.FSMC_NORSRAM_Timing_Init               0x080004e0   Section        0  stm32f4xx_ll_fsmc.o(i.FSMC_NORSRAM_Timing_Init)
    i.GpioToggleLedTest                      0x08000524   Section        0  freertos.o(i.GpioToggleLedTest)
    i.HAL_DCMI_ErrorCallback                 0x08000534   Section        0  stm32f4xx_hal_dcmi.o(i.HAL_DCMI_ErrorCallback)
    i.HAL_DCMI_FrameEventCallback            0x08000536   Section        0  stm32f4xx_hal_dcmi.o(i.HAL_DCMI_FrameEventCallback)
    i.HAL_DCMI_IRQHandler                    0x08000538   Section        0  stm32f4xx_hal_dcmi.o(i.HAL_DCMI_IRQHandler)
    i.HAL_DCMI_Init                          0x0800061c   Section        0  stm32f4xx_hal_dcmi_ex.o(i.HAL_DCMI_Init)
    i.HAL_DCMI_LineEventCallback             0x080006c8   Section        0  stm32f4xx_hal_dcmi.o(i.HAL_DCMI_LineEventCallback)
    i.HAL_DCMI_MspInit                       0x080006cc   Section        0  dcmi.o(i.HAL_DCMI_MspInit)
    i.HAL_DCMI_VsyncEventCallback            0x080007b8   Section        0  stm32f4xx_hal_dcmi.o(i.HAL_DCMI_VsyncEventCallback)
    i.HAL_DMA_Abort                          0x080007bc   Section        0  stm32f4xx_hal_dma.o(i.HAL_DMA_Abort)
    i.HAL_DMA_IRQHandler                     0x08000810   Section        0  stm32f4xx_hal_dma.o(i.HAL_DMA_IRQHandler)
    i.HAL_DMA_Init                           0x080009b0   Section        0  stm32f4xx_hal_dma.o(i.HAL_DMA_Init)
    i.HAL_Delay                              0x08000a28   Section        0  stm32f4xx_hal.o(i.HAL_Delay)
    i.HAL_FSMC_MspInit                       0x08000a40   Section        0  fsmc.o(i.HAL_FSMC_MspInit)
    HAL_FSMC_MspInit                         0x08000a41   Thumb Code    90  fsmc.o(i.HAL_FSMC_MspInit)
    i.HAL_GPIO_Init                          0x08000aac   Section        0  stm32f4xx_hal_gpio.o(i.HAL_GPIO_Init)
    i.HAL_GPIO_ReadPin                       0x08000c6c   Section        0  stm32f4xx_hal_gpio.o(i.HAL_GPIO_ReadPin)
    i.HAL_GPIO_TogglePin                     0x08000c76   Section        0  stm32f4xx_hal_gpio.o(i.HAL_GPIO_TogglePin)
    i.HAL_GetTick                            0x08000c80   Section        0  stm32f4xx_hal.o(i.HAL_GetTick)
    i.HAL_I2C_Init                           0x08000c8c   Section        0  stm32f4xx_hal_i2c.o(i.HAL_I2C_Init)
    i.HAL_I2C_MspInit                        0x08000d8c   Section        0  i2c.o(i.HAL_I2C_MspInit)
    i.HAL_Init                               0x08000dd8   Section        0  stm32f4xx_hal.o(i.HAL_Init)
    i.HAL_InitTick                           0x08000e0c   Section        0  stm32f4xx_hal.o(i.HAL_InitTick)
    i.HAL_MspInit                            0x08000e2e   Section        0  stm32f4xx_hal_msp.o(i.HAL_MspInit)
    i.HAL_NVIC_EnableIRQ                     0x08000e44   Section        0  stm32f4xx_hal_cortex.o(i.HAL_NVIC_EnableIRQ)
    i.HAL_NVIC_SetPriority                   0x08000e5c   Section        0  stm32f4xx_hal_cortex.o(i.HAL_NVIC_SetPriority)
    i.HAL_NVIC_SetPriorityGrouping           0x08000e9c   Section        0  stm32f4xx_hal_cortex.o(i.HAL_NVIC_SetPriorityGrouping)
    i.HAL_RCC_ClockConfig                    0x08000ec0   Section        0  stm32f4xx_hal_rcc.o(i.HAL_RCC_ClockConfig)
    i.HAL_RCC_GetHCLKFreq                    0x080010cc   Section        0  stm32f4xx_hal_rcc.o(i.HAL_RCC_GetHCLKFreq)
    i.HAL_RCC_GetPCLK1Freq                   0x08001100   Section        0  stm32f4xx_hal_rcc.o(i.HAL_RCC_GetPCLK1Freq)
    i.HAL_RCC_GetPCLK2Freq                   0x0800112c   Section        0  stm32f4xx_hal_rcc.o(i.HAL_RCC_GetPCLK2Freq)
    i.HAL_RCC_GetSysClockFreq                0x08001158   Section        0  stm32f4xx_hal_rcc.o(i.HAL_RCC_GetSysClockFreq)
    i.HAL_RCC_OscConfig                      0x080011c8   Section        0  stm32f4xx_hal_rcc.o(i.HAL_RCC_OscConfig)
    i.HAL_SD_GetStatus                       0x08001500   Section        0  stm32f4xx_hal_sd.o(i.HAL_SD_GetStatus)
    i.HAL_SD_Get_CardInfo                    0x0800154e   Section        0  stm32f4xx_hal_sd.o(i.HAL_SD_Get_CardInfo)
    i.HAL_SD_Init                            0x08001806   Section        0  stm32f4xx_hal_sd.o(i.HAL_SD_Init)
    i.HAL_SD_MspInit                         0x080018a8   Section        0  sdio.o(i.HAL_SD_MspInit)
    i.HAL_SD_ReadBlocks                      0x0800190c   Section        0  stm32f4xx_hal_sd.o(i.HAL_SD_ReadBlocks)
    i.HAL_SD_StopTransfer                    0x08001a88   Section        0  stm32f4xx_hal_sd.o(i.HAL_SD_StopTransfer)
    i.HAL_SD_WideBusOperation_Config         0x08001ab4   Section        0  stm32f4xx_hal_sd.o(i.HAL_SD_WideBusOperation_Config)
    i.HAL_SD_WriteBlocks                     0x08001b14   Section        0  stm32f4xx_hal_sd.o(i.HAL_SD_WriteBlocks)
    i.HAL_SPI_Init                           0x08001cec   Section        0  stm32f4xx_hal_spi.o(i.HAL_SPI_Init)
    i.HAL_SPI_MspInit                        0x08001d70   Section        0  spi.o(i.HAL_SPI_MspInit)
    i.HAL_SRAM_Init                          0x08001dd4   Section        0  stm32f4xx_hal_sram.o(i.HAL_SRAM_Init)
    i.HAL_SRAM_MspInit                       0x08001e2a   Section        0  fsmc.o(i.HAL_SRAM_MspInit)
    i.HAL_SYSTICK_CLKSourceConfig            0x08001e2e   Section        0  stm32f4xx_hal_cortex.o(i.HAL_SYSTICK_CLKSourceConfig)
    i.HAL_SYSTICK_Config                     0x08001e46   Section        0  stm32f4xx_hal_cortex.o(i.HAL_SYSTICK_Config)
    i.HAL_UART_Init                          0x08001e6e   Section        0  stm32f4xx_hal_uart.o(i.HAL_UART_Init)
    i.HAL_UART_MspInit                       0x08001ecc   Section        0  usart.o(i.HAL_UART_MspInit)
    i.HAL_UART_Transmit                      0x08001f18   Section        0  stm32f4xx_hal_uart.o(i.HAL_UART_Transmit)
    i.MX_DCMI_Init                           0x08001fe4   Section        0  dcmi.o(i.MX_DCMI_Init)
    i.MX_DMA_Init                            0x0800200c   Section        0  dma.o(i.MX_DMA_Init)
    i.MX_FATFS_Init                          0x08002038   Section        0  fatfs.o(i.MX_FATFS_Init)
    i.MX_FREERTOS_Init                       0x08002054   Section        0  freertos.o(i.MX_FREERTOS_Init)
    i.MX_FSMC_Init                           0x080020a8   Section        0  fsmc.o(i.MX_FSMC_Init)
    i.MX_GPIO_Init                           0x08002104   Section        0  gpio.o(i.MX_GPIO_Init)
    i.MX_I2C1_Init                           0x080021f8   Section        0  i2c.o(i.MX_I2C1_Init)
    i.MX_SDIO_SD_Init                        0x08002228   Section        0  sdio.o(i.MX_SDIO_SD_Init)
    i.MX_SPI2_Init                           0x08002248   Section        0  spi.o(i.MX_SPI2_Init)
    i.MX_USART3_UART_Init                    0x0800227c   Section        0  usart.o(i.MX_USART3_UART_Init)
    i.NVIC_SetPriority                       0x080022a4   Section        0  stm32f4xx_hal_cortex.o(i.NVIC_SetPriority)
    NVIC_SetPriority                         0x080022a5   Thumb Code    32  stm32f4xx_hal_cortex.o(i.NVIC_SetPriority)
    i.PC0_LED_Toggle                         0x080022c4   Section        0  gpio.o(i.PC0_LED_Toggle)
    i.SDIO_DataConfig                        0x080022d0   Section        0  stm32f4xx_ll_sdmmc.o(i.SDIO_DataConfig)
    i.SDIO_GetCommandResponse                0x080022f4   Section        0  stm32f4xx_ll_sdmmc.o(i.SDIO_GetCommandResponse)
    i.SDIO_GetPowerState                     0x080022fa   Section        0  stm32f4xx_ll_sdmmc.o(i.SDIO_GetPowerState)
    i.SDIO_GetResponse                       0x08002304   Section        0  stm32f4xx_ll_sdmmc.o(i.SDIO_GetResponse)
    i.SDIO_Init                              0x08002314   Section        0  stm32f4xx_ll_sdmmc.o(i.SDIO_Init)
    i.SDIO_PowerState_ON                     0x08002338   Section        0  stm32f4xx_ll_sdmmc.o(i.SDIO_PowerState_ON)
    i.SDIO_ReadFIFO                          0x08002340   Section        0  stm32f4xx_ll_sdmmc.o(i.SDIO_ReadFIFO)
    i.SDIO_SendCommand                       0x08002346   Section        0  stm32f4xx_ll_sdmmc.o(i.SDIO_SendCommand)
    i.SDIO_WriteFIFO                         0x08002366   Section        0  stm32f4xx_ll_sdmmc.o(i.SDIO_WriteFIFO)
    i.SD_CmdResp1Error                       0x08002370   Section        0  stm32f4xx_hal_sd.o(i.SD_CmdResp1Error)
    SD_CmdResp1Error                         0x08002371   Thumb Code   230  stm32f4xx_hal_sd.o(i.SD_CmdResp1Error)
    i.SD_CmdResp2Error                       0x0800245c   Section        0  stm32f4xx_hal_sd.o(i.SD_CmdResp2Error)
    SD_CmdResp2Error                         0x0800245d   Thumb Code    46  stm32f4xx_hal_sd.o(i.SD_CmdResp2Error)
    i.SD_CmdResp6Error                       0x0800248a   Section        0  stm32f4xx_hal_sd.o(i.SD_CmdResp6Error)
    SD_CmdResp6Error                         0x0800248b   Thumb Code   114  stm32f4xx_hal_sd.o(i.SD_CmdResp6Error)
    i.SD_CmdResp7Error                       0x080024fc   Section        0  stm32f4xx_hal_sd.o(i.SD_CmdResp7Error)
    SD_CmdResp7Error                         0x080024fd   Thumb Code    64  stm32f4xx_hal_sd.o(i.SD_CmdResp7Error)
    i.SD_FindSCR                             0x0800253c   Section        0  stm32f4xx_hal_sd.o(i.SD_FindSCR)
    SD_FindSCR                               0x0800253d   Thumb Code   266  stm32f4xx_hal_sd.o(i.SD_FindSCR)
    i.SD_Initialize_Cards                    0x08002646   Section        0  stm32f4xx_hal_sd.o(i.SD_Initialize_Cards)
    SD_Initialize_Cards                      0x08002647   Thumb Code   220  stm32f4xx_hal_sd.o(i.SD_Initialize_Cards)
    i.SD_IsCardProgramming                   0x08002724   Section        0  stm32f4xx_hal_sd.o(i.SD_IsCardProgramming)
    SD_IsCardProgramming                     0x08002725   Thumb Code   310  stm32f4xx_hal_sd.o(i.SD_IsCardProgramming)
    i.SD_PowerON                             0x08002860   Section        0  stm32f4xx_hal_sd.o(i.SD_PowerON)
    SD_PowerON                               0x08002861   Thumb Code   364  stm32f4xx_hal_sd.o(i.SD_PowerON)
    i.SD_WideBus_Disable                     0x080029d4   Section        0  stm32f4xx_hal_sd.o(i.SD_WideBus_Disable)
    SD_WideBus_Disable                       0x080029d5   Thumb Code   114  stm32f4xx_hal_sd.o(i.SD_WideBus_Disable)
    i.SD_WideBus_Enable                      0x08002a46   Section        0  stm32f4xx_hal_sd.o(i.SD_WideBus_Enable)
    SD_WideBus_Enable                        0x08002a47   Thumb Code   116  stm32f4xx_hal_sd.o(i.SD_WideBus_Enable)
    i.SD_initialize                          0x08002abc   Section        0  sd_diskio.o(i.SD_initialize)
    i.SD_ioctl                               0x08002adc   Section        0  sd_diskio.o(i.SD_ioctl)
    i.SD_read                                0x08002b2c   Section        0  sd_diskio.o(i.SD_read)
    i.SD_status                              0x08002b4c   Section        0  sd_diskio.o(i.SD_status)
    i.SD_write                               0x08002b6c   Section        0  sd_diskio.o(i.SD_write)
    i.Send_Char                              0x08002b8c   Section        0  usart.o(i.Send_Char)
    i.StartDefaultTask                       0x08002bb0   Section        0  freertos.o(i.StartDefaultTask)
    i.SysTick_Handler                        0x08002bbc   Section        0  stm32f4xx_it.o(i.SysTick_Handler)
    i.SystemClock_Config                     0x08002bc0   Section        0  main.o(i.SystemClock_Config)
    i.SystemInit                             0x08002c54   Section        0  system_stm32f4xx.o(i.SystemInit)
    i.UART_SetConfig                         0x08002ca8   Section        0  stm32f4xx_hal_uart.o(i.UART_SetConfig)
    UART_SetConfig                           0x08002ca9   Thumb Code   366  stm32f4xx_hal_uart.o(i.UART_SetConfig)
    i.UART_WaitOnFlagUntilTimeout            0x08002e20   Section        0  stm32f4xx_hal_uart.o(i.UART_WaitOnFlagUntilTimeout)
    UART_WaitOnFlagUntilTimeout              0x08002e21   Thumb Code   146  stm32f4xx_hal_uart.o(i.UART_WaitOnFlagUntilTimeout)
    i.UsartPrintfTest                        0x08002eb4   Section        0  freertos.o(i.UsartPrintfTest)
    i.__0printf$1                            0x08002ee0   Section        0  printf1.o(i.__0printf$1)
    i.__scatterload_copy                     0x08002f00   Section       14  handlers.o(i.__scatterload_copy)
    i.__scatterload_null                     0x08002f0e   Section        2  handlers.o(i.__scatterload_null)
    i.__scatterload_zeroinit                 0x08002f10   Section       14  handlers.o(i.__scatterload_zeroinit)
    i._printf_core                           0x08002f20   Section        0  printf1.o(i._printf_core)
    _printf_core                             0x08002f21   Thumb Code   336  printf1.o(i._printf_core)
    i.fputc                                  0x08003074   Section        0  mdkretarget.o(i.fputc)
    i.main                                   0x0800307a   Section        0  main.o(i.main)
    i.makeFreeRtosPriority                   0x080030ac   Section        0  cmsis_os.o(i.makeFreeRtosPriority)
    makeFreeRtosPriority                     0x080030ad   Thumb Code    12  cmsis_os.o(i.makeFreeRtosPriority)
    i.osDelay                                0x080030b8   Section        0  cmsis_os.o(i.osDelay)
    i.osKernelStart                          0x080030c6   Section        0  cmsis_os.o(i.osKernelStart)
    i.osSystickHandler                       0x080030d0   Section        0  cmsis_os.o(i.osSystickHandler)
    i.osThreadCreate                         0x080030e4   Section        0  cmsis_os.o(i.osThreadCreate)
    i.prvAddCurrentTaskToDelayedList         0x0800311c   Section        0  tasks.o(i.prvAddCurrentTaskToDelayedList)
    prvAddCurrentTaskToDelayedList           0x0800311d   Thumb Code    48  tasks.o(i.prvAddCurrentTaskToDelayedList)
    i.prvCheckTasksWaitingTermination        0x08003150   Section        0  tasks.o(i.prvCheckTasksWaitingTermination)
    prvCheckTasksWaitingTermination          0x08003151   Thumb Code    76  tasks.o(i.prvCheckTasksWaitingTermination)
    i.prvHeapInit                            0x080031a4   Section        0  heap_4.o(i.prvHeapInit)
    prvHeapInit                              0x080031a5   Thumb Code    66  heap_4.o(i.prvHeapInit)
    i.prvIdleTask                            0x080031f0   Section        0  tasks.o(i.prvIdleTask)
    prvIdleTask                              0x080031f1   Thumb Code    30  tasks.o(i.prvIdleTask)
    i.prvInsertBlockIntoFreeList             0x08003218   Section        0  heap_4.o(i.prvInsertBlockIntoFreeList)
    prvInsertBlockIntoFreeList               0x08003219   Thumb Code    72  heap_4.o(i.prvInsertBlockIntoFreeList)
    i.prvResetNextTaskUnblockTime            0x08003264   Section        0  tasks.o(i.prvResetNextTaskUnblockTime)
    prvResetNextTaskUnblockTime              0x08003265   Thumb Code    26  tasks.o(i.prvResetNextTaskUnblockTime)
    i.prvTaskExitError                       0x08003284   Section        0  port.o(i.prvTaskExitError)
    prvTaskExitError                         0x08003285   Thumb Code    36  port.o(i.prvTaskExitError)
    i.pvPortMalloc                           0x080032ac   Section        0  heap_4.o(i.pvPortMalloc)
    i.pxPortInitialiseStack                  0x08003384   Section        0  port.o(i.pxPortInitialiseStack)
    i.uxListRemove                           0x080033ac   Section        0  list.o(i.uxListRemove)
    i.vListInitialise                        0x080033d0   Section        0  list.o(i.vListInitialise)
    i.vListInitialiseItem                    0x080033e6   Section        0  list.o(i.vListInitialiseItem)
    i.vListInsert                            0x080033ec   Section        0  list.o(i.vListInsert)
    i.vListInsertEnd                         0x0800341c   Section        0  list.o(i.vListInsertEnd)
    i.vPortEnterCritical                     0x08003434   Section        0  port.o(i.vPortEnterCritical)
    i.vPortExitCritical                      0x08003474   Section        0  port.o(i.vPortExitCritical)
    i.vPortFree                              0x0800349c   Section        0  heap_4.o(i.vPortFree)
    i.vPortSetupTimerInterrupt               0x080034f8   Section        0  port.o(i.vPortSetupTimerInterrupt)
    i.vTaskDelay                             0x08003518   Section        0  tasks.o(i.vTaskDelay)
    i.vTaskStartScheduler                    0x08003580   Section        0  tasks.o(i.vTaskStartScheduler)
    i.vTaskSuspendAll                        0x080035e0   Section        0  tasks.o(i.vTaskSuspendAll)
    i.vTaskSwitchContext                     0x080035f0   Section        0  tasks.o(i.vTaskSwitchContext)
    i.xPortStartScheduler                    0x0800364c   Section        0  port.o(i.xPortStartScheduler)
    i.xPortSysTickHandler                    0x0800372c   Section        0  port.o(i.xPortSysTickHandler)
    i.xTaskGenericCreate                     0x08003758   Section        0  tasks.o(i.xTaskGenericCreate)
    i.xTaskGetSchedulerState                 0x08003914   Section        0  tasks.o(i.xTaskGetSchedulerState)
    i.xTaskIncrementTick                     0x08003930   Section        0  tasks.o(i.xTaskIncrementTick)
    i.xTaskResumeAll                         0x080039fc   Section        0  tasks.o(i.xTaskResumeAll)
    .constdata                               0x08003ac0   Section       20  sd_diskio.o(.constdata)
    .constdata                               0x08003ad4   Section       16  stm32f4xx_hal_rcc.o(.constdata)
    .constdata                               0x08003ae4   Section        8  stm32f4xx_hal_dma.o(.constdata)
    flagBitshiftOffset                       0x08003ae4   Data           8  stm32f4xx_hal_dma.o(.constdata)
    .constdata                               0x08003aec   Section       60  freertos.o(.constdata)
    .conststring                             0x08003b28   Section       44  freertos.o(.conststring)
    .data                                    0x20000000   Section        1  sd_diskio.o(.data)
    Stat                                     0x20000000   Data           1  sd_diskio.o(.data)
    .data                                    0x20000004   Section       56  tasks.o(.data)
    uxTasksDeleted                           0x20000008   Data           4  tasks.o(.data)
    uxCurrentNumberOfTasks                   0x2000000c   Data           4  tasks.o(.data)
    xTickCount                               0x20000010   Data           4  tasks.o(.data)
    uxTopReadyPriority                       0x20000014   Data           4  tasks.o(.data)
    xSchedulerRunning                        0x20000018   Data           4  tasks.o(.data)
    uxPendedTicks                            0x2000001c   Data           4  tasks.o(.data)
    xYieldPending                            0x20000020   Data           4  tasks.o(.data)
    xNumOfOverflows                          0x20000024   Data           4  tasks.o(.data)
    uxTaskNumber                             0x20000028   Data           4  tasks.o(.data)
    xNextTaskUnblockTime                     0x2000002c   Data           4  tasks.o(.data)
    uxSchedulerSuspended                     0x20000030   Data           4  tasks.o(.data)
    pxDelayedTaskList                        0x20000034   Data           4  tasks.o(.data)
    pxOverflowDelayedTaskList                0x20000038   Data           4  tasks.o(.data)
    .data                                    0x2000003c   Section       12  port.o(.data)
    ucMaxSysCallPriority                     0x2000003c   Data           1  port.o(.data)
    uxCriticalNesting                        0x20000040   Data           4  port.o(.data)
    ulMaxPRIGROUPValue                       0x20000044   Data           4  port.o(.data)
    .data                                    0x20000048   Section       24  heap_4.o(.data)
    pxEnd                                    0x20000048   Data           4  heap_4.o(.data)
    xFreeBytesRemaining                      0x2000004c   Data           4  heap_4.o(.data)
    xMinimumEverFreeBytesRemaining           0x20000050   Data           4  heap_4.o(.data)
    xBlockAllocatedBit                       0x20000054   Data           4  heap_4.o(.data)
    xStart                                   0x20000058   Data           8  heap_4.o(.data)
    .data                                    0x20000060   Section        4  system_stm32f4xx.o(.data)
    .data                                    0x20000064   Section        4  stm32f4xx_hal.o(.data)
    uwTick                                   0x20000064   Data           4  stm32f4xx_hal.o(.data)
    .data                                    0x20000068   Section        5  fatfs.o(.data)
    .data                                    0x20000070   Section       12  freertos.o(.data)
    .data                                    0x2000007c   Section        8  fsmc.o(.data)
    FSMC_Initialized                         0x2000007c   Data           4  fsmc.o(.data)
    FSMC_DeInitialized                       0x20000080   Data           4  fsmc.o(.data)
    .data                                    0x20000084   Section        4  mdkretarget.o(.data)
    .bss                                     0x20000088   Section       12  ff_gen_drv.o(.bss)
    .bss                                     0x20000094   Section      240  tasks.o(.bss)
    pxReadyTasksLists                        0x20000094   Data         140  tasks.o(.bss)
    xDelayedTaskList1                        0x20000120   Data          20  tasks.o(.bss)
    xDelayedTaskList2                        0x20000134   Data          20  tasks.o(.bss)
    xPendingReadyList                        0x20000148   Data          20  tasks.o(.bss)
    xTasksWaitingTermination                 0x2000015c   Data          20  tasks.o(.bss)
    xSuspendedTaskList                       0x20000170   Data          20  tasks.o(.bss)
    .bss                                     0x20000184   Section    15360  heap_4.o(.bss)
    ucHeap                                   0x20000184   Data       15360  heap_4.o(.bss)
    .bss                                     0x20003d84   Section       64  usart.o(.bss)
    .bss                                     0x20003dc4   Section      152  dcmi.o(.bss)
    .bss                                     0x20003e5c   Section       60  i2c.o(.bss)
    .bss                                     0x20003e98   Section       72  fsmc.o(.bss)
    .bss                                     0x20003ee0   Section       96  sdio.o(.bss)
    .bss                                     0x20003f40   Section       88  sdio.o(.bss)
    .bss                                     0x20003f98   Section       88  spi.o(.bss)
    STACK                                    0x20003ff0   Section     1024  startup_stm32f407xx.o(STACK)

    Global Symbols

    Symbol Name                              Value     Ov Type        Size  Object(Section)

    BuildAttributes$$THM_ISAv4$E$P$D$K$B$S$7EM$VFPi3$EXTD16$VFPS$VFMA$PE$A:L22UL41UL21$X:L11$S22US41US21$IEEE1$IW$USESV6$~STKCKD$USESV7$~SHL$OSPACE$ROPI$EBA8$MICROLIB$REQ8$PRES8$EABIv2 0x00000000   Number         0  anon$$obj.o ABSOLUTE
    __ARM_use_no_argv                        0x00000000   Number         0  main.o ABSOLUTE
    __use_no_errno                           0x00000000   Number         0  useno.o ABSOLUTE
    __use_no_exception_handling              0x00000000   Number         0  useno.o ABSOLUTE
    __use_no_fp                              0x00000000   Number         0  useno.o ABSOLUTE
    __use_no_heap                            0x00000000   Number         0  useno.o ABSOLUTE
    __use_no_heap_region                     0x00000000   Number         0  useno.o ABSOLUTE
    __use_no_semihosting                     0x00000000   Number         0  useno.o ABSOLUTE
    __use_no_semihosting_swi                 0x00000000   Number         0  useno.o ABSOLUTE
    __use_no_signal_handling                 0x00000000   Number         0  useno.o ABSOLUTE
    _printf_a                                0x00000000   Number         0  stubs.o ABSOLUTE
    _printf_c                                0x00000000   Number         0  stubs.o ABSOLUTE
    _printf_charcount                        0x00000000   Number         0  stubs.o ABSOLUTE
    _printf_d                                0x00000000   Number         0  stubs.o ABSOLUTE
    _printf_e                                0x00000000   Number         0  stubs.o ABSOLUTE
    _printf_f                                0x00000000   Number         0  stubs.o ABSOLUTE
    _printf_flags                            0x00000000   Number         0  stubs.o ABSOLUTE
    _printf_fp_dec                           0x00000000   Number         0  stubs.o ABSOLUTE
    _printf_fp_hex                           0x00000000   Number         0  stubs.o ABSOLUTE
    _printf_g                                0x00000000   Number         0  stubs.o ABSOLUTE
    _printf_i                                0x00000000   Number         0  stubs.o ABSOLUTE
    _printf_int_dec                          0x00000000   Number         0  stubs.o ABSOLUTE
    _printf_l                                0x00000000   Number         0  stubs.o ABSOLUTE
    _printf_lc                               0x00000000   Number         0  stubs.o ABSOLUTE
    _printf_ll                               0x00000000   Number         0  stubs.o ABSOLUTE
    _printf_lld                              0x00000000   Number         0  stubs.o ABSOLUTE
    _printf_lli                              0x00000000   Number         0  stubs.o ABSOLUTE
    _printf_llo                              0x00000000   Number         0  stubs.o ABSOLUTE
    _printf_llu                              0x00000000   Number         0  stubs.o ABSOLUTE
    _printf_llx                              0x00000000   Number         0  stubs.o ABSOLUTE
    _printf_longlong_dec                     0x00000000   Number         0  stubs.o ABSOLUTE
    _printf_longlong_hex                     0x00000000   Number         0  stubs.o ABSOLUTE
    _printf_longlong_oct                     0x00000000   Number         0  stubs.o ABSOLUTE
    _printf_ls                               0x00000000   Number         0  stubs.o ABSOLUTE
    _printf_mbtowc                           0x00000000   Number         0  stubs.o ABSOLUTE
    _printf_n                                0x00000000   Number         0  stubs.o ABSOLUTE
    _printf_o                                0x00000000   Number         0  stubs.o ABSOLUTE
    _printf_p                                0x00000000   Number         0  stubs.o ABSOLUTE
    _printf_percent                          0x00000000   Number         0  stubs.o ABSOLUTE
    _printf_pre_padding                      0x00000000   Number         0  stubs.o ABSOLUTE
    _printf_return_value                     0x00000000   Number         0  stubs.o ABSOLUTE
    _printf_s                                0x00000000   Number         0  stubs.o ABSOLUTE
    _printf_sizespec                         0x00000000   Number         0  stubs.o ABSOLUTE
    _printf_str                              0x00000000   Number         0  stubs.o ABSOLUTE
    _printf_truncate_signed                  0x00000000   Number         0  stubs.o ABSOLUTE
    _printf_truncate_unsigned                0x00000000   Number         0  stubs.o ABSOLUTE
    _printf_u                                0x00000000   Number         0  stubs.o ABSOLUTE
    _printf_wc                               0x00000000   Number         0  stubs.o ABSOLUTE
    _printf_wctomb                           0x00000000   Number         0  stubs.o ABSOLUTE
    _printf_widthprec                        0x00000000   Number         0  stubs.o ABSOLUTE
    _printf_x                                0x00000000   Number         0  stubs.o ABSOLUTE
    __cpp_initialize__aeabi_                  - Undefined Weak Reference
    __cxa_finalize                            - Undefined Weak Reference
    __decompress                              - Undefined Weak Reference
    _clock_init                               - Undefined Weak Reference
    _microlib_exit                            - Undefined Weak Reference
    __Vectors_Size                           0x00000188   Number         0  startup_stm32f407xx.o ABSOLUTE
    __Vectors                                0x08000000   Data           4  startup_stm32f407xx.o(RESET)
    __Vectors_End                            0x08000188   Data           0  startup_stm32f407xx.o(RESET)
    __main                                   0x08000189   Thumb Code     0  entry.o(.ARM.Collect$$$$00000000)
    _main_stk                                0x08000189   Thumb Code     0  entry2.o(.ARM.Collect$$$$00000001)
    _main_scatterload                        0x0800018d   Thumb Code     0  entry5.o(.ARM.Collect$$$$00000004)
    __main_after_scatterload                 0x08000191   Thumb Code     0  entry5.o(.ARM.Collect$$$$00000004)
    _main_clock                              0x08000191   Thumb Code     0  entry7b.o(.ARM.Collect$$$$00000008)
    _main_cpp_init                           0x08000191   Thumb Code     0  entry8b.o(.ARM.Collect$$$$0000000A)
    _main_init                               0x08000191   Thumb Code     0  entry9a.o(.ARM.Collect$$$$0000000B)
    __rt_final_cpp                           0x08000199   Thumb Code     0  entry10a.o(.ARM.Collect$$$$0000000D)
    __rt_final_exit                          0x08000199   Thumb Code     0  entry11a.o(.ARM.Collect$$$$0000000F)
    SVC_Handler                              0x0800019d   Thumb Code    28  port.o(.emb_text)
    __asm___6_port_c_39a90d8d__prvStartFirstTask 0x080001bd   Thumb Code    28  port.o(.emb_text)
    __asm___6_port_c_39a90d8d__prvEnableVFP  0x080001dd   Thumb Code    16  port.o(.emb_text)
    PendSV_Handler                           0x080001f1   Thumb Code    92  port.o(.emb_text)
    vPortGetIPSR                             0x08000251   Thumb Code     6  port.o(.emb_text)
    Reset_Handler                            0x08000259   Thumb Code     8  startup_stm32f407xx.o(.text)
    NMI_Handler                              0x08000261   Thumb Code     2  startup_stm32f407xx.o(.text)
    HardFault_Handler                        0x08000263   Thumb Code     2  startup_stm32f407xx.o(.text)
    MemManage_Handler                        0x08000265   Thumb Code     2  startup_stm32f407xx.o(.text)
    BusFault_Handler                         0x08000267   Thumb Code     2  startup_stm32f407xx.o(.text)
    UsageFault_Handler                       0x08000269   Thumb Code     2  startup_stm32f407xx.o(.text)
    DebugMon_Handler                         0x0800026d   Thumb Code     2  startup_stm32f407xx.o(.text)
    ADC_IRQHandler                           0x08000273   Thumb Code     0  startup_stm32f407xx.o(.text)
    CAN1_RX0_IRQHandler                      0x08000273   Thumb Code     0  startup_stm32f407xx.o(.text)
    CAN1_RX1_IRQHandler                      0x08000273   Thumb Code     0  startup_stm32f407xx.o(.text)
    CAN1_SCE_IRQHandler                      0x08000273   Thumb Code     0  startup_stm32f407xx.o(.text)
    CAN1_TX_IRQHandler                       0x08000273   Thumb Code     0  startup_stm32f407xx.o(.text)
    CAN2_RX0_IRQHandler                      0x08000273   Thumb Code     0  startup_stm32f407xx.o(.text)
    CAN2_RX1_IRQHandler                      0x08000273   Thumb Code     0  startup_stm32f407xx.o(.text)
    CAN2_SCE_IRQHandler                      0x08000273   Thumb Code     0  startup_stm32f407xx.o(.text)
    CAN2_TX_IRQHandler                       0x08000273   Thumb Code     0  startup_stm32f407xx.o(.text)
    DMA1_Stream0_IRQHandler                  0x08000273   Thumb Code     0  startup_stm32f407xx.o(.text)
    DMA1_Stream1_IRQHandler                  0x08000273   Thumb Code     0  startup_stm32f407xx.o(.text)
    DMA1_Stream2_IRQHandler                  0x08000273   Thumb Code     0  startup_stm32f407xx.o(.text)
    DMA1_Stream3_IRQHandler                  0x08000273   Thumb Code     0  startup_stm32f407xx.o(.text)
    DMA1_Stream4_IRQHandler                  0x08000273   Thumb Code     0  startup_stm32f407xx.o(.text)
    DMA1_Stream5_IRQHandler                  0x08000273   Thumb Code     0  startup_stm32f407xx.o(.text)
    DMA1_Stream6_IRQHandler                  0x08000273   Thumb Code     0  startup_stm32f407xx.o(.text)
    DMA1_Stream7_IRQHandler                  0x08000273   Thumb Code     0  startup_stm32f407xx.o(.text)
    DMA2_Stream0_IRQHandler                  0x08000273   Thumb Code     0  startup_stm32f407xx.o(.text)
    DMA2_Stream2_IRQHandler                  0x08000273   Thumb Code     0  startup_stm32f407xx.o(.text)
    DMA2_Stream3_IRQHandler                  0x08000273   Thumb Code     0  startup_stm32f407xx.o(.text)
    DMA2_Stream4_IRQHandler                  0x08000273   Thumb Code     0  startup_stm32f407xx.o(.text)
    DMA2_Stream5_IRQHandler                  0x08000273   Thumb Code     0  startup_stm32f407xx.o(.text)
    DMA2_Stream6_IRQHandler                  0x08000273   Thumb Code     0  startup_stm32f407xx.o(.text)
    DMA2_Stream7_IRQHandler                  0x08000273   Thumb Code     0  startup_stm32f407xx.o(.text)
    ETH_IRQHandler                           0x08000273   Thumb Code     0  startup_stm32f407xx.o(.text)
    ETH_WKUP_IRQHandler                      0x08000273   Thumb Code     0  startup_stm32f407xx.o(.text)
    EXTI0_IRQHandler                         0x08000273   Thumb Code     0  startup_stm32f407xx.o(.text)
    EXTI15_10_IRQHandler                     0x08000273   Thumb Code     0  startup_stm32f407xx.o(.text)
    EXTI1_IRQHandler                         0x08000273   Thumb Code     0  startup_stm32f407xx.o(.text)
    EXTI2_IRQHandler                         0x08000273   Thumb Code     0  startup_stm32f407xx.o(.text)
    EXTI3_IRQHandler                         0x08000273   Thumb Code     0  startup_stm32f407xx.o(.text)
    EXTI4_IRQHandler                         0x08000273   Thumb Code     0  startup_stm32f407xx.o(.text)
    EXTI9_5_IRQHandler                       0x08000273   Thumb Code     0  startup_stm32f407xx.o(.text)
    FLASH_IRQHandler                         0x08000273   Thumb Code     0  startup_stm32f407xx.o(.text)
    FMC_IRQHandler                           0x08000273   Thumb Code     0  startup_stm32f407xx.o(.text)
    FPU_IRQHandler                           0x08000273   Thumb Code     0  startup_stm32f407xx.o(.text)
    HASH_RNG_IRQHandler                      0x08000273   Thumb Code     0  startup_stm32f407xx.o(.text)
    I2C1_ER_IRQHandler                       0x08000273   Thumb Code     0  startup_stm32f407xx.o(.text)
    I2C1_EV_IRQHandler                       0x08000273   Thumb Code     0  startup_stm32f407xx.o(.text)
    I2C2_ER_IRQHandler                       0x08000273   Thumb Code     0  startup_stm32f407xx.o(.text)
    I2C2_EV_IRQHandler                       0x08000273   Thumb Code     0  startup_stm32f407xx.o(.text)
    I2C3_ER_IRQHandler                       0x08000273   Thumb Code     0  startup_stm32f407xx.o(.text)
    I2C3_EV_IRQHandler                       0x08000273   Thumb Code     0  startup_stm32f407xx.o(.text)
    OTG_FS_IRQHandler                        0x08000273   Thumb Code     0  startup_stm32f407xx.o(.text)
    OTG_FS_WKUP_IRQHandler                   0x08000273   Thumb Code     0  startup_stm32f407xx.o(.text)
    OTG_HS_EP1_IN_IRQHandler                 0x08000273   Thumb Code     0  startup_stm32f407xx.o(.text)
    OTG_HS_EP1_OUT_IRQHandler                0x08000273   Thumb Code     0  startup_stm32f407xx.o(.text)
    OTG_HS_IRQHandler                        0x08000273   Thumb Code     0  startup_stm32f407xx.o(.text)
    OTG_HS_WKUP_IRQHandler                   0x08000273   Thumb Code     0  startup_stm32f407xx.o(.text)
    PVD_IRQHandler                           0x08000273   Thumb Code     0  startup_stm32f407xx.o(.text)
    RCC_IRQHandler                           0x08000273   Thumb Code     0  startup_stm32f407xx.o(.text)
    RTC_Alarm_IRQHandler                     0x08000273   Thumb Code     0  startup_stm32f407xx.o(.text)
    RTC_WKUP_IRQHandler                      0x08000273   Thumb Code     0  startup_stm32f407xx.o(.text)
    SDIO_IRQHandler                          0x08000273   Thumb Code     0  startup_stm32f407xx.o(.text)
    SPI1_IRQHandler                          0x08000273   Thumb Code     0  startup_stm32f407xx.o(.text)
    SPI2_IRQHandler                          0x08000273   Thumb Code     0  startup_stm32f407xx.o(.text)
    SPI3_IRQHandler                          0x08000273   Thumb Code     0  startup_stm32f407xx.o(.text)
    TAMP_STAMP_IRQHandler                    0x08000273   Thumb Code     0  startup_stm32f407xx.o(.text)
    TIM1_BRK_TIM9_IRQHandler                 0x08000273   Thumb Code     0  startup_stm32f407xx.o(.text)
    TIM1_CC_IRQHandler                       0x08000273   Thumb Code     0  startup_stm32f407xx.o(.text)
    TIM1_TRG_COM_TIM11_IRQHandler            0x08000273   Thumb Code     0  startup_stm32f407xx.o(.text)
    TIM1_UP_TIM10_IRQHandler                 0x08000273   Thumb Code     0  startup_stm32f407xx.o(.text)
    TIM2_IRQHandler                          0x08000273   Thumb Code     0  startup_stm32f407xx.o(.text)
    TIM3_IRQHandler                          0x08000273   Thumb Code     0  startup_stm32f407xx.o(.text)
    TIM4_IRQHandler                          0x08000273   Thumb Code     0  startup_stm32f407xx.o(.text)
    TIM5_IRQHandler                          0x08000273   Thumb Code     0  startup_stm32f407xx.o(.text)
    TIM6_DAC_IRQHandler                      0x08000273   Thumb Code     0  startup_stm32f407xx.o(.text)
    TIM7_IRQHandler                          0x08000273   Thumb Code     0  startup_stm32f407xx.o(.text)
    TIM8_BRK_TIM12_IRQHandler                0x08000273   Thumb Code     0  startup_stm32f407xx.o(.text)
    TIM8_CC_IRQHandler                       0x08000273   Thumb Code     0  startup_stm32f407xx.o(.text)
    TIM8_TRG_COM_TIM14_IRQHandler            0x08000273   Thumb Code     0  startup_stm32f407xx.o(.text)
    TIM8_UP_TIM13_IRQHandler                 0x08000273   Thumb Code     0  startup_stm32f407xx.o(.text)
    UART4_IRQHandler                         0x08000273   Thumb Code     0  startup_stm32f407xx.o(.text)
    UART5_IRQHandler                         0x08000273   Thumb Code     0  startup_stm32f407xx.o(.text)
    USART1_IRQHandler                        0x08000273   Thumb Code     0  startup_stm32f407xx.o(.text)
    USART2_IRQHandler                        0x08000273   Thumb Code     0  startup_stm32f407xx.o(.text)
    USART3_IRQHandler                        0x08000273   Thumb Code     0  startup_stm32f407xx.o(.text)
    USART6_IRQHandler                        0x08000273   Thumb Code     0  startup_stm32f407xx.o(.text)
    WWDG_IRQHandler                          0x08000273   Thumb Code     0  startup_stm32f407xx.o(.text)
    __aeabi_memcpy                           0x0800027d   Thumb Code    36  memcpya.o(.text)
    __aeabi_memcpy4                          0x0800027d   Thumb Code     0  memcpya.o(.text)
    __aeabi_memcpy8                          0x0800027d   Thumb Code     0  memcpya.o(.text)
    __aeabi_memset                           0x080002a1   Thumb Code    14  memseta.o(.text)
    __aeabi_memset4                          0x080002a1   Thumb Code     0  memseta.o(.text)
    __aeabi_memset8                          0x080002a1   Thumb Code     0  memseta.o(.text)
    __aeabi_memclr                           0x080002af   Thumb Code     4  memseta.o(.text)
    __aeabi_memclr4                          0x080002af   Thumb Code     0  memseta.o(.text)
    __aeabi_memclr8                          0x080002af   Thumb Code     0  memseta.o(.text)
    _memset$wrapper                          0x080002b3   Thumb Code    18  memseta.o(.text)
    __aeabi_uidiv                            0x080002c5   Thumb Code     0  uidiv.o(.text)
    __aeabi_uidivmod                         0x080002c5   Thumb Code    44  uidiv.o(.text)
    __scatterload                            0x080002f1   Thumb Code    28  init.o(.text)
    __scatterload_rt2                        0x080002f1   Thumb Code     0  init.o(.text)
    BSP_SD_GetCardInfo                       0x08000315   Thumb Code     8  bsp_driver_sd.o(i.BSP_SD_GetCardInfo)
    BSP_SD_GetStatus                         0x08000321   Thumb Code     6  bsp_driver_sd.o(i.BSP_SD_GetStatus)
    BSP_SD_Init                              0x0800032d   Thumb Code    44  bsp_driver_sd.o(i.BSP_SD_Init)
    BSP_SD_IsDetected                        0x08000361   Thumb Code    30  bsp_driver_sd.o(i.BSP_SD_IsDetected)
    BSP_SD_ReadBlocks                        0x08000385   Thumb Code    26  bsp_driver_sd.o(i.BSP_SD_ReadBlocks)
    BSP_SD_WriteBlocks                       0x080003a5   Thumb Code    26  bsp_driver_sd.o(i.BSP_SD_WriteBlocks)
    DCMI_IRQHandler                          0x080003c5   Thumb Code     6  stm32f4xx_it.o(i.DCMI_IRQHandler)
    DMA2_Stream1_IRQHandler                  0x080003d1   Thumb Code     6  stm32f4xx_it.o(i.DMA2_Stream1_IRQHandler)
    FATFS_LinkDriver                         0x08000405   Thumb Code     6  ff_gen_drv.o(i.FATFS_LinkDriver)
    FATFS_LinkDriverEx                       0x0800040d   Thumb Code    60  ff_gen_drv.o(i.FATFS_LinkDriverEx)
    FSMC_NORSRAM_Extended_Timing_Init        0x0800044d   Thumb Code    60  stm32f4xx_ll_fsmc.o(i.FSMC_NORSRAM_Extended_Timing_Init)
    FSMC_NORSRAM_Init                        0x0800048d   Thumb Code    80  stm32f4xx_ll_fsmc.o(i.FSMC_NORSRAM_Init)
    FSMC_NORSRAM_Timing_Init                 0x080004e1   Thumb Code    64  stm32f4xx_ll_fsmc.o(i.FSMC_NORSRAM_Timing_Init)
    GpioToggleLedTest                        0x08000525   Thumb Code    16  freertos.o(i.GpioToggleLedTest)
    HAL_DCMI_ErrorCallback                   0x08000535   Thumb Code     2  stm32f4xx_hal_dcmi.o(i.HAL_DCMI_ErrorCallback)
    HAL_DCMI_FrameEventCallback              0x08000537   Thumb Code     2  stm32f4xx_hal_dcmi.o(i.HAL_DCMI_FrameEventCallback)
    HAL_DCMI_IRQHandler                      0x08000539   Thumb Code   228  stm32f4xx_hal_dcmi.o(i.HAL_DCMI_IRQHandler)
    HAL_DCMI_Init                            0x0800061d   Thumb Code   168  stm32f4xx_hal_dcmi_ex.o(i.HAL_DCMI_Init)
    HAL_DCMI_LineEventCallback               0x080006c9   Thumb Code     2  stm32f4xx_hal_dcmi.o(i.HAL_DCMI_LineEventCallback)
    HAL_DCMI_MspInit                         0x080006cd   Thumb Code   202  dcmi.o(i.HAL_DCMI_MspInit)
    HAL_DCMI_VsyncEventCallback              0x080007b9   Thumb Code     2  stm32f4xx_hal_dcmi.o(i.HAL_DCMI_VsyncEventCallback)
    HAL_DMA_Abort                            0x080007bd   Thumb Code    84  stm32f4xx_hal_dma.o(i.HAL_DMA_Abort)
    HAL_DMA_IRQHandler                       0x08000811   Thumb Code   412  stm32f4xx_hal_dma.o(i.HAL_DMA_IRQHandler)
    HAL_DMA_Init                             0x080009b1   Thumb Code   116  stm32f4xx_hal_dma.o(i.HAL_DMA_Init)
    HAL_Delay                                0x08000a29   Thumb Code    22  stm32f4xx_hal.o(i.HAL_Delay)
    HAL_GPIO_Init                            0x08000aad   Thumb Code   398  stm32f4xx_hal_gpio.o(i.HAL_GPIO_Init)
    HAL_GPIO_ReadPin                         0x08000c6d   Thumb Code    10  stm32f4xx_hal_gpio.o(i.HAL_GPIO_ReadPin)
    HAL_GPIO_TogglePin                       0x08000c77   Thumb Code     8  stm32f4xx_hal_gpio.o(i.HAL_GPIO_TogglePin)
    HAL_GetTick                              0x08000c81   Thumb Code     6  stm32f4xx_hal.o(i.HAL_GetTick)
    HAL_I2C_Init                             0x08000c8d   Thumb Code   246  stm32f4xx_hal_i2c.o(i.HAL_I2C_Init)
    HAL_I2C_MspInit                          0x08000d8d   Thumb Code    64  i2c.o(i.HAL_I2C_MspInit)
    HAL_Init                                 0x08000dd9   Thumb Code    48  stm32f4xx_hal.o(i.HAL_Init)
    HAL_InitTick                             0x08000e0d   Thumb Code    34  stm32f4xx_hal.o(i.HAL_InitTick)
    HAL_MspInit                              0x08000e2f   Thumb Code    22  stm32f4xx_hal_msp.o(i.HAL_MspInit)
    HAL_NVIC_EnableIRQ                       0x08000e45   Thumb Code    22  stm32f4xx_hal_cortex.o(i.HAL_NVIC_EnableIRQ)
    HAL_NVIC_SetPriority                     0x08000e5d   Thumb Code    60  stm32f4xx_hal_cortex.o(i.HAL_NVIC_SetPriority)
    HAL_NVIC_SetPriorityGrouping             0x08000e9d   Thumb Code    26  stm32f4xx_hal_cortex.o(i.HAL_NVIC_SetPriorityGrouping)
    HAL_RCC_ClockConfig                      0x08000ec1   Thumb Code   514  stm32f4xx_hal_rcc.o(i.HAL_RCC_ClockConfig)
    HAL_RCC_GetHCLKFreq                      0x080010cd   Thumb Code    38  stm32f4xx_hal_rcc.o(i.HAL_RCC_GetHCLKFreq)
    HAL_RCC_GetPCLK1Freq                     0x08001101   Thumb Code    36  stm32f4xx_hal_rcc.o(i.HAL_RCC_GetPCLK1Freq)
    HAL_RCC_GetPCLK2Freq                     0x0800112d   Thumb Code    36  stm32f4xx_hal_rcc.o(i.HAL_RCC_GetPCLK2Freq)
    HAL_RCC_GetSysClockFreq                  0x08001159   Thumb Code   104  stm32f4xx_hal_rcc.o(i.HAL_RCC_GetSysClockFreq)
    HAL_RCC_OscConfig                        0x080011c9   Thumb Code   802  stm32f4xx_hal_rcc.o(i.HAL_RCC_OscConfig)
    HAL_SD_GetStatus                         0x08001501   Thumb Code    78  stm32f4xx_hal_sd.o(i.HAL_SD_GetStatus)
    HAL_SD_Get_CardInfo                      0x0800154f   Thumb Code   696  stm32f4xx_hal_sd.o(i.HAL_SD_Get_CardInfo)
    HAL_SD_Init                              0x08001807   Thumb Code   160  stm32f4xx_hal_sd.o(i.HAL_SD_Init)
    HAL_SD_MspInit                           0x080018a9   Thumb Code    84  sdio.o(i.HAL_SD_MspInit)
    HAL_SD_ReadBlocks                        0x0800190d   Thumb Code   380  stm32f4xx_hal_sd.o(i.HAL_SD_ReadBlocks)
    HAL_SD_StopTransfer                      0x08001a89   Thumb Code    44  stm32f4xx_hal_sd.o(i.HAL_SD_StopTransfer)
    HAL_SD_WideBusOperation_Config           0x08001ab5   Thumb Code    94  stm32f4xx_hal_sd.o(i.HAL_SD_WideBusOperation_Config)
    HAL_SD_WriteBlocks                       0x08001b15   Thumb Code   472  stm32f4xx_hal_sd.o(i.HAL_SD_WriteBlocks)
    HAL_SPI_Init                             0x08001ced   Thumb Code   132  stm32f4xx_hal_spi.o(i.HAL_SPI_Init)
    HAL_SPI_MspInit                          0x08001d71   Thumb Code    82  spi.o(i.HAL_SPI_MspInit)
    HAL_SRAM_Init                            0x08001dd5   Thumb Code    86  stm32f4xx_hal_sram.o(i.HAL_SRAM_Init)
    HAL_SRAM_MspInit                         0x08001e2b   Thumb Code     4  fsmc.o(i.HAL_SRAM_MspInit)
    HAL_SYSTICK_CLKSourceConfig              0x08001e2f   Thumb Code    24  stm32f4xx_hal_cortex.o(i.HAL_SYSTICK_CLKSourceConfig)
    HAL_SYSTICK_Config                       0x08001e47   Thumb Code    40  stm32f4xx_hal_cortex.o(i.HAL_SYSTICK_Config)
    HAL_UART_Init                            0x08001e6f   Thumb Code    94  stm32f4xx_hal_uart.o(i.HAL_UART_Init)
    HAL_UART_MspInit                         0x08001ecd   Thumb Code    64  usart.o(i.HAL_UART_MspInit)
    HAL_UART_Transmit                        0x08001f19   Thumb Code   204  stm32f4xx_hal_uart.o(i.HAL_UART_Transmit)
    MX_DCMI_Init                             0x08001fe5   Thumb Code    30  dcmi.o(i.MX_DCMI_Init)
    MX_DMA_Init                              0x0800200d   Thumb Code    40  dma.o(i.MX_DMA_Init)
    MX_FATFS_Init                            0x08002039   Thumb Code    18  fatfs.o(i.MX_FATFS_Init)
    MX_FREERTOS_Init                         0x08002055   Thumb Code    74  freertos.o(i.MX_FREERTOS_Init)
    MX_FSMC_Init                             0x080020a9   Thumb Code    84  fsmc.o(i.MX_FSMC_Init)
    MX_GPIO_Init                             0x08002105   Thumb Code   220  gpio.o(i.MX_GPIO_Init)
    MX_I2C1_Init                             0x080021f9   Thumb Code    34  i2c.o(i.MX_I2C1_Init)
    MX_SDIO_SD_Init                          0x08002229   Thumb Code    22  sdio.o(i.MX_SDIO_SD_Init)
    MX_SPI2_Init                             0x08002249   Thumb Code    44  spi.o(i.MX_SPI2_Init)
    MX_USART3_UART_Init                      0x0800227d   Thumb Code    32  usart.o(i.MX_USART3_UART_Init)
    PC0_LED_Toggle                           0x080022c5   Thumb Code     8  gpio.o(i.PC0_LED_Toggle)
    SDIO_DataConfig                          0x080022d1   Thumb Code    36  stm32f4xx_ll_sdmmc.o(i.SDIO_DataConfig)
    SDIO_GetCommandResponse                  0x080022f5   Thumb Code     6  stm32f4xx_ll_sdmmc.o(i.SDIO_GetCommandResponse)
    SDIO_GetPowerState                       0x080022fb   Thumb Code     8  stm32f4xx_ll_sdmmc.o(i.SDIO_GetPowerState)
    SDIO_GetResponse                         0x08002305   Thumb Code    12  stm32f4xx_ll_sdmmc.o(i.SDIO_GetResponse)
    SDIO_Init                                0x08002315   Thumb Code    36  stm32f4xx_ll_sdmmc.o(i.SDIO_Init)
    SDIO_PowerState_ON                       0x08002339   Thumb Code     8  stm32f4xx_ll_sdmmc.o(i.SDIO_PowerState_ON)
    SDIO_ReadFIFO                            0x08002341   Thumb Code     6  stm32f4xx_ll_sdmmc.o(i.SDIO_ReadFIFO)
    SDIO_SendCommand                         0x08002347   Thumb Code    32  stm32f4xx_ll_sdmmc.o(i.SDIO_SendCommand)
    SDIO_WriteFIFO                           0x08002367   Thumb Code    10  stm32f4xx_ll_sdmmc.o(i.SDIO_WriteFIFO)
    SD_initialize                            0x08002abd   Thumb Code    26  sd_diskio.o(i.SD_initialize)
    SD_ioctl                                 0x08002add   Thumb Code    74  sd_diskio.o(i.SD_ioctl)
    SD_read                                  0x08002b2d   Thumb Code    30  sd_diskio.o(i.SD_read)
    SD_status                                0x08002b4d   Thumb Code    26  sd_diskio.o(i.SD_status)
    SD_write                                 0x08002b6d   Thumb Code    30  sd_diskio.o(i.SD_write)
    Send_Char                                0x08002b8d   Thumb Code    30  usart.o(i.Send_Char)
    StartDefaultTask                         0x08002bb1   Thumb Code    12  freertos.o(i.StartDefaultTask)
    SysTick_Handler                          0x08002bbd   Thumb Code     4  stm32f4xx_it.o(i.SysTick_Handler)
    SystemClock_Config                       0x08002bc1   Thumb Code   140  main.o(i.SystemClock_Config)
    SystemInit                               0x08002c55   Thumb Code    66  system_stm32f4xx.o(i.SystemInit)
    UsartPrintfTest                          0x08002eb5   Thumb Code    24  freertos.o(i.UsartPrintfTest)
    __0printf$1                              0x08002ee1   Thumb Code    22  printf1.o(i.__0printf$1)
    __1printf$1                              0x08002ee1   Thumb Code     0  printf1.o(i.__0printf$1)
    __2printf                                0x08002ee1   Thumb Code     0  printf1.o(i.__0printf$1)
    __scatterload_copy                       0x08002f01   Thumb Code    14  handlers.o(i.__scatterload_copy)
    __scatterload_null                       0x08002f0f   Thumb Code     2  handlers.o(i.__scatterload_null)
    __scatterload_zeroinit                   0x08002f11   Thumb Code    14  handlers.o(i.__scatterload_zeroinit)
    fputc                                    0x08003075   Thumb Code     6  mdkretarget.o(i.fputc)
    main                                     0x0800307b   Thumb Code    50  main.o(i.main)
    osDelay                                  0x080030b9   Thumb Code    14  cmsis_os.o(i.osDelay)
    osKernelStart                            0x080030c7   Thumb Code    10  cmsis_os.o(i.osKernelStart)
    osSystickHandler                         0x080030d1   Thumb Code    20  cmsis_os.o(i.osSystickHandler)
    osThreadCreate                           0x080030e5   Thumb Code    56  cmsis_os.o(i.osThreadCreate)
    pvPortMalloc                             0x080032ad   Thumb Code   210  heap_4.o(i.pvPortMalloc)
    pxPortInitialiseStack                    0x08003385   Thumb Code    36  port.o(i.pxPortInitialiseStack)
    uxListRemove                             0x080033ad   Thumb Code    36  list.o(i.uxListRemove)
    vListInitialise                          0x080033d1   Thumb Code    22  list.o(i.vListInitialise)
    vListInitialiseItem                      0x080033e7   Thumb Code     6  list.o(i.vListInitialiseItem)
    vListInsert                              0x080033ed   Thumb Code    48  list.o(i.vListInsert)
    vListInsertEnd                           0x0800341d   Thumb Code    24  list.o(i.vListInsertEnd)
    vPortEnterCritical                       0x08003435   Thumb Code    54  port.o(i.vPortEnterCritical)
    vPortExitCritical                        0x08003475   Thumb Code    34  port.o(i.vPortExitCritical)
    vPortFree                                0x0800349d   Thumb Code    88  heap_4.o(i.vPortFree)
    vPortSetupTimerInterrupt                 0x080034f9   Thumb Code    26  port.o(i.vPortSetupTimerInterrupt)
    vTaskDelay                               0x08003519   Thumb Code    94  tasks.o(i.vTaskDelay)
    vTaskStartScheduler                      0x08003581   Thumb Code    80  tasks.o(i.vTaskStartScheduler)
    vTaskSuspendAll                          0x080035e1   Thumb Code    10  tasks.o(i.vTaskSuspendAll)
    vTaskSwitchContext                       0x080035f1   Thumb Code    82  tasks.o(i.vTaskSwitchContext)
    xPortStartScheduler                      0x0800364d   Thumb Code   202  port.o(i.xPortStartScheduler)
    xPortSysTickHandler                      0x0800372d   Thumb Code    38  port.o(i.xPortSysTickHandler)
    xTaskGenericCreate                       0x08003759   Thumb Code   430  tasks.o(i.xTaskGenericCreate)
    xTaskGetSchedulerState                   0x08003915   Thumb Code    22  tasks.o(i.xTaskGetSchedulerState)
    xTaskIncrementTick                       0x08003931   Thumb Code   194  tasks.o(i.xTaskIncrementTick)
    xTaskResumeAll                           0x080039fd   Thumb Code   182  tasks.o(i.xTaskResumeAll)
    SD_Driver                                0x08003ac0   Data          20  sd_diskio.o(.constdata)
    APBAHBPrescTable                         0x08003ad4   Data          16  stm32f4xx_hal_rcc.o(.constdata)
    Region$$Table$$Base                      0x08003b54   Number         0  anon$$obj.o(Region$$Table)
    Region$$Table$$Limit                     0x08003b74   Number         0  anon$$obj.o(Region$$Table)
    pxCurrentTCB                             0x20000004   Data           4  tasks.o(.data)
    SystemCoreClock                          0x20000060   Data           4  system_stm32f4xx.o(.data)
    retSD                                    0x20000068   Data           1  fatfs.o(.data)
    SD_Path                                  0x20000069   Data           4  fatfs.o(.data)
    defaultTaskHandle                        0x20000070   Data           4  freertos.o(.data)
    usartPrintfTestHandle                    0x20000074   Data           4  freertos.o(.data)
    gpioToggleLedTestHandle                  0x20000078   Data           4  freertos.o(.data)
    __stdout                                 0x20000084   Data           4  mdkretarget.o(.data)
    disk                                     0x20000088   Data          12  ff_gen_drv.o(.bss)
    huart3                                   0x20003d84   Data          64  usart.o(.bss)
    hdcmi                                    0x20003dc4   Data          64  dcmi.o(.bss)
    hdma_dcmi                                0x20003e04   Data          88  dcmi.o(.bss)
    hi2c1                                    0x20003e5c   Data          60  i2c.o(.bss)
    hsram1                                   0x20003e98   Data          72  fsmc.o(.bss)
    hsd                                      0x20003ee0   Data          96  sdio.o(.bss)
    SDCardInfo                               0x20003f40   Data          88  sdio.o(.bss)
    hspi2                                    0x20003f98   Data          88  spi.o(.bss)
    __initial_sp                             0x200043f0   Data           0  startup_stm32f407xx.o(STACK)



==============================================================================

Memory Map of the image

  Image Entry point : 0x08000189

  Load Region LR_IROM1 (Base: 0x08000000, Size: 0x00003bfc, Max: 0x00100000, ABSOLUTE)

    Execution Region ER_IROM1 (Base: 0x08000000, Size: 0x00003b74, Max: 0x00100000, ABSOLUTE)

    Base Addr    Size         Type   Attr      Idx    E Section Name        Object

    0x08000000   0x00000188   Data   RO         1794    RESET               startup_stm32f407xx.o
    0x08000188   0x00000000   Code   RO         5061  * .ARM.Collect$$$$00000000  mc_w.l(entry.o)
    0x08000188   0x00000004   Code   RO         5331    .ARM.Collect$$$$00000001  mc_w.l(entry2.o)
    0x0800018c   0x00000004   Code   RO         5334    .ARM.Collect$$$$00000004  mc_w.l(entry5.o)
    0x08000190   0x00000000   Code   RO         5336    .ARM.Collect$$$$00000008  mc_w.l(entry7b.o)
    0x08000190   0x00000000   Code   RO         5338    .ARM.Collect$$$$0000000A  mc_w.l(entry8b.o)
    0x08000190   0x00000008   Code   RO         5339    .ARM.Collect$$$$0000000B  mc_w.l(entry9a.o)
    0x08000198   0x00000000   Code   RO         5341    .ARM.Collect$$$$0000000D  mc_w.l(entry10a.o)
    0x08000198   0x00000000   Code   RO         5343    .ARM.Collect$$$$0000000F  mc_w.l(entry11a.o)
    0x08000198   0x00000004   Code   RO         5332    .ARM.Collect$$$$00002712  mc_w.l(entry2.o)
    0x0800019c   0x000000ba   Code   RO         1115    .emb_text           port.o
    0x08000256   0x00000002   PAD
    0x08000258   0x00000024   Code   RO         1795    .text               startup_stm32f407xx.o
    0x0800027c   0x00000024   Code   RO         5064    .text               mc_w.l(memcpya.o)
    0x080002a0   0x00000024   Code   RO         5066    .text               mc_w.l(memseta.o)
    0x080002c4   0x0000002c   Code   RO         5345    .text               mc_w.l(uidiv.o)
    0x080002f0   0x00000024   Code   RO         5360    .text               mc_w.l(init.o)
    0x08000314   0x0000000c   Code   RO         4857    i.BSP_SD_GetCardInfo  bsp_driver_sd.o
    0x08000320   0x0000000c   Code   RO         4858    i.BSP_SD_GetStatus  bsp_driver_sd.o
    0x0800032c   0x00000034   Code   RO         4861    i.BSP_SD_Init       bsp_driver_sd.o
    0x08000360   0x00000024   Code   RO         4862    i.BSP_SD_IsDetected  bsp_driver_sd.o
    0x08000384   0x00000020   Code   RO         4863    i.BSP_SD_ReadBlocks  bsp_driver_sd.o
    0x080003a4   0x00000020   Code   RO         4865    i.BSP_SD_WriteBlocks  bsp_driver_sd.o
    0x080003c4   0x0000000c   Code   RO         4769    i.DCMI_IRQHandler   stm32f4xx_it.o
    0x080003d0   0x0000000c   Code   RO         4770    i.DMA2_Stream1_IRQHandler  stm32f4xx_it.o
    0x080003dc   0x00000028   Code   RO         3691    i.DMA_CalcBaseAndBitshift  stm32f4xx_hal_dma.o
    0x08000404   0x00000006   Code   RO          634    i.FATFS_LinkDriver  ff_gen_drv.o
    0x0800040a   0x00000002   PAD
    0x0800040c   0x00000040   Code   RO          635    i.FATFS_LinkDriverEx  ff_gen_drv.o
    0x0800044c   0x00000040   Code   RO         3453    i.FSMC_NORSRAM_Extended_Timing_Init  stm32f4xx_ll_fsmc.o
    0x0800048c   0x00000054   Code   RO         3454    i.FSMC_NORSRAM_Init  stm32f4xx_ll_fsmc.o
    0x080004e0   0x00000044   Code   RO         3455    i.FSMC_NORSRAM_Timing_Init  stm32f4xx_ll_fsmc.o
    0x08000524   0x00000010   Code   RO         4670    i.GpioToggleLedTest  freertos.o
    0x08000534   0x00000002   Code   RO         2939    i.HAL_DCMI_ErrorCallback  stm32f4xx_hal_dcmi.o
    0x08000536   0x00000002   Code   RO         2940    i.HAL_DCMI_FrameEventCallback  stm32f4xx_hal_dcmi.o
    0x08000538   0x000000e4   Code   RO         2943    i.HAL_DCMI_IRQHandler  stm32f4xx_hal_dcmi.o
    0x0800061c   0x000000ac   Code   RO         3667    i.HAL_DCMI_Init     stm32f4xx_hal_dcmi_ex.o
    0x080006c8   0x00000002   Code   RO         2945    i.HAL_DCMI_LineEventCallback  stm32f4xx_hal_dcmi.o
    0x080006ca   0x00000002   PAD
    0x080006cc   0x000000ec   Code   RO         4460    i.HAL_DCMI_MspInit  dcmi.o
    0x080007b8   0x00000002   Code   RO         2950    i.HAL_DCMI_VsyncEventCallback  stm32f4xx_hal_dcmi.o
    0x080007ba   0x00000002   PAD
    0x080007bc   0x00000054   Code   RO         3693    i.HAL_DMA_Abort     stm32f4xx_hal_dma.o
    0x08000810   0x000001a0   Code   RO         3697    i.HAL_DMA_IRQHandler  stm32f4xx_hal_dma.o
    0x080009b0   0x00000078   Code   RO         3698    i.HAL_DMA_Init      stm32f4xx_hal_dma.o
    0x08000a28   0x00000016   Code   RO         3265    i.HAL_Delay         stm32f4xx_hal.o
    0x08000a3e   0x00000002   PAD
    0x08000a40   0x0000006c   Code   RO         4721    i.HAL_FSMC_MspInit  fsmc.o
    0x08000aac   0x000001c0   Code   RO         2750    i.HAL_GPIO_Init     stm32f4xx_hal_gpio.o
    0x08000c6c   0x0000000a   Code   RO         2752    i.HAL_GPIO_ReadPin  stm32f4xx_hal_gpio.o
    0x08000c76   0x00000008   Code   RO         2753    i.HAL_GPIO_TogglePin  stm32f4xx_hal_gpio.o
    0x08000c7e   0x00000002   PAD
    0x08000c80   0x0000000c   Code   RO         3271    i.HAL_GetTick       stm32f4xx_hal.o
    0x08000c8c   0x00000100   Code   RO         3780    i.HAL_I2C_Init      stm32f4xx_hal_i2c.o
    0x08000d8c   0x0000004c   Code   RO         4594    i.HAL_I2C_MspInit   i2c.o
    0x08000dd8   0x00000034   Code   RO         3273    i.HAL_Init          stm32f4xx_hal.o
    0x08000e0c   0x00000022   Code   RO         3274    i.HAL_InitTick      stm32f4xx_hal.o
    0x08000e2e   0x00000016   Code   RO         4501    i.HAL_MspInit       stm32f4xx_hal_msp.o
    0x08000e44   0x00000016   Code   RO         2627    i.HAL_NVIC_EnableIRQ  stm32f4xx_hal_cortex.o
    0x08000e5a   0x00000002   PAD
    0x08000e5c   0x00000040   Code   RO         2633    i.HAL_NVIC_SetPriority  stm32f4xx_hal_cortex.o
    0x08000e9c   0x00000024   Code   RO         2634    i.HAL_NVIC_SetPriorityGrouping  stm32f4xx_hal_cortex.o
    0x08000ec0   0x0000020c   Code   RO         3058    i.HAL_RCC_ClockConfig  stm32f4xx_hal_rcc.o
    0x080010cc   0x00000034   Code   RO         3063    i.HAL_RCC_GetHCLKFreq  stm32f4xx_hal_rcc.o
    0x08001100   0x0000002c   Code   RO         3065    i.HAL_RCC_GetPCLK1Freq  stm32f4xx_hal_rcc.o
    0x0800112c   0x0000002c   Code   RO         3066    i.HAL_RCC_GetPCLK2Freq  stm32f4xx_hal_rcc.o
    0x08001158   0x00000070   Code   RO         3067    i.HAL_RCC_GetSysClockFreq  stm32f4xx_hal_rcc.o
    0x080011c8   0x00000338   Code   RO         3070    i.HAL_RCC_OscConfig  stm32f4xx_hal_rcc.o
    0x08001500   0x0000004e   Code   RO         2103    i.HAL_SD_GetStatus  stm32f4xx_hal_sd.o
    0x0800154e   0x000002b8   Code   RO         2104    i.HAL_SD_Get_CardInfo  stm32f4xx_hal_sd.o
    0x08001806   0x000000a0   Code   RO         2107    i.HAL_SD_Init       stm32f4xx_hal_sd.o
    0x080018a6   0x00000002   PAD
    0x080018a8   0x00000064   Code   RO         4810    i.HAL_SD_MspInit    sdio.o
    0x0800190c   0x0000017c   Code   RO         2110    i.HAL_SD_ReadBlocks  stm32f4xx_hal_sd.o
    0x08001a88   0x0000002c   Code   RO         2113    i.HAL_SD_StopTransfer  stm32f4xx_hal_sd.o
    0x08001ab4   0x0000005e   Code   RO         2114    i.HAL_SD_WideBusOperation_Config  stm32f4xx_hal_sd.o
    0x08001b12   0x00000002   PAD
    0x08001b14   0x000001d8   Code   RO         2115    i.HAL_SD_WriteBlocks  stm32f4xx_hal_sd.o
    0x08001cec   0x00000084   Code   RO         4097    i.HAL_SPI_Init      stm32f4xx_hal_spi.o
    0x08001d70   0x00000064   Code   RO         5023    i.HAL_SPI_MspInit   spi.o
    0x08001dd4   0x00000056   Code   RO         2454    i.HAL_SRAM_Init     stm32f4xx_hal_sram.o
    0x08001e2a   0x00000004   Code   RO         4723    i.HAL_SRAM_MspInit  fsmc.o
    0x08001e2e   0x00000018   Code   RO         2636    i.HAL_SYSTICK_CLKSourceConfig  stm32f4xx_hal_cortex.o
    0x08001e46   0x00000028   Code   RO         2638    i.HAL_SYSTICK_Config  stm32f4xx_hal_cortex.o
    0x08001e6e   0x0000005e   Code   RO         1873    i.HAL_UART_Init     stm32f4xx_hal_uart.o
    0x08001ecc   0x0000004c   Code   RO         4335    i.HAL_UART_MspInit  usart.o
    0x08001f18   0x000000cc   Code   RO         1881    i.HAL_UART_Transmit  stm32f4xx_hal_uart.o
    0x08001fe4   0x00000028   Code   RO         4461    i.MX_DCMI_Init      dcmi.o
    0x0800200c   0x0000002c   Code   RO         4432    i.MX_DMA_Init       dma.o
    0x08002038   0x0000001c   Code   RO         4635    i.MX_FATFS_Init     fatfs.o
    0x08002054   0x00000054   Code   RO         4671    i.MX_FREERTOS_Init  freertos.o
    0x080020a8   0x0000005c   Code   RO         4724    i.MX_FSMC_Init      fsmc.o
    0x08002104   0x000000f4   Code   RO         4390    i.MX_GPIO_Init      gpio.o
    0x080021f8   0x00000030   Code   RO         4595    i.MX_I2C1_Init      i2c.o
    0x08002228   0x00000020   Code   RO         4811    i.MX_SDIO_SD_Init   sdio.o
    0x08002248   0x00000034   Code   RO         5024    i.MX_SPI2_Init      spi.o
    0x0800227c   0x00000028   Code   RO         4336    i.MX_USART3_UART_Init  usart.o
    0x080022a4   0x00000020   Code   RO         2640    i.NVIC_SetPriority  stm32f4xx_hal_cortex.o
    0x080022c4   0x0000000c   Code   RO         4393    i.PC0_LED_Toggle    gpio.o
    0x080022d0   0x00000024   Code   RO         3162    i.SDIO_DataConfig   stm32f4xx_ll_sdmmc.o
    0x080022f4   0x00000006   Code   RO         3163    i.SDIO_GetCommandResponse  stm32f4xx_ll_sdmmc.o
    0x080022fa   0x00000008   Code   RO         3166    i.SDIO_GetPowerState  stm32f4xx_ll_sdmmc.o
    0x08002302   0x00000002   PAD
    0x08002304   0x00000010   Code   RO         3167    i.SDIO_GetResponse  stm32f4xx_ll_sdmmc.o
    0x08002314   0x00000024   Code   RO         3168    i.SDIO_Init         stm32f4xx_ll_sdmmc.o
    0x08002338   0x00000008   Code   RO         3170    i.SDIO_PowerState_ON  stm32f4xx_ll_sdmmc.o
    0x08002340   0x00000006   Code   RO         3171    i.SDIO_ReadFIFO     stm32f4xx_ll_sdmmc.o
    0x08002346   0x00000020   Code   RO         3172    i.SDIO_SendCommand  stm32f4xx_ll_sdmmc.o
    0x08002366   0x0000000a   Code   RO         3174    i.SDIO_WriteFIFO    stm32f4xx_ll_sdmmc.o
    0x08002370   0x000000ec   Code   RO         2119    i.SD_CmdResp1Error  stm32f4xx_hal_sd.o
    0x0800245c   0x0000002e   Code   RO         2120    i.SD_CmdResp2Error  stm32f4xx_hal_sd.o
    0x0800248a   0x00000072   Code   RO         2121    i.SD_CmdResp6Error  stm32f4xx_hal_sd.o
    0x080024fc   0x00000040   Code   RO         2122    i.SD_CmdResp7Error  stm32f4xx_hal_sd.o
    0x0800253c   0x0000010a   Code   RO         2127    i.SD_FindSCR        stm32f4xx_hal_sd.o
    0x08002646   0x000000dc   Code   RO         2128    i.SD_Initialize_Cards  stm32f4xx_hal_sd.o
    0x08002722   0x00000002   PAD
    0x08002724   0x0000013c   Code   RO         2129    i.SD_IsCardProgramming  stm32f4xx_hal_sd.o
    0x08002860   0x00000174   Code   RO         2130    i.SD_PowerON        stm32f4xx_hal_sd.o
    0x080029d4   0x00000072   Code   RO         2131    i.SD_WideBus_Disable  stm32f4xx_hal_sd.o
    0x08002a46   0x00000074   Code   RO         2132    i.SD_WideBus_Enable  stm32f4xx_hal_sd.o
    0x08002aba   0x00000002   PAD
    0x08002abc   0x00000020   Code   RO          684    i.SD_initialize     sd_diskio.o
    0x08002adc   0x00000050   Code   RO          685    i.SD_ioctl          sd_diskio.o
    0x08002b2c   0x0000001e   Code   RO          686    i.SD_read           sd_diskio.o
    0x08002b4a   0x00000002   PAD
    0x08002b4c   0x00000020   Code   RO          687    i.SD_status         sd_diskio.o
    0x08002b6c   0x0000001e   Code   RO          688    i.SD_write          sd_diskio.o
    0x08002b8a   0x00000002   PAD
    0x08002b8c   0x00000024   Code   RO         4337    i.Send_Char         usart.o
    0x08002bb0   0x0000000c   Code   RO         4672    i.StartDefaultTask  freertos.o
    0x08002bbc   0x00000004   Code   RO         4771    i.SysTick_Handler   stm32f4xx_it.o
    0x08002bc0   0x00000094   Code   RO         4525    i.SystemClock_Config  main.o
    0x08002c54   0x00000054   Code   RO         1803    i.SystemInit        system_stm32f4xx.o
    0x08002ca8   0x00000178   Code   RO         1892    i.UART_SetConfig    stm32f4xx_hal_uart.o
    0x08002e20   0x00000092   Code   RO         1894    i.UART_WaitOnFlagUntilTimeout  stm32f4xx_hal_uart.o
    0x08002eb2   0x00000002   PAD
    0x08002eb4   0x0000002c   Code   RO         4673    i.UsartPrintfTest   freertos.o
    0x08002ee0   0x00000020   Code   RO         5115    i.__0printf$1       mc_w.l(printf1.o)
    0x08002f00   0x0000000e   Code   RO         5372    i.__scatterload_copy  mc_w.l(handlers.o)
    0x08002f0e   0x00000002   Code   RO         5373    i.__scatterload_null  mc_w.l(handlers.o)
    0x08002f10   0x0000000e   Code   RO         5374    i.__scatterload_zeroinit  mc_w.l(handlers.o)
    0x08002f1e   0x00000002   PAD
    0x08002f20   0x00000154   Code   RO         5122    i._printf_core      mc_w.l(printf1.o)
    0x08003074   0x00000006   Code   RO         4964    i.fputc             mdkretarget.o
    0x0800307a   0x00000032   Code   RO         4526    i.main              main.o
    0x080030ac   0x0000000c   Code   RO         1190    i.makeFreeRtosPriority  cmsis_os.o
    0x080030b8   0x0000000e   Code   RO         1191    i.osDelay           cmsis_os.o
    0x080030c6   0x0000000a   Code   RO         1194    i.osKernelStart     cmsis_os.o
    0x080030d0   0x00000014   Code   RO         1223    i.osSystickHandler  cmsis_os.o
    0x080030e4   0x00000038   Code   RO         1224    i.osThreadCreate    cmsis_os.o
    0x0800311c   0x00000034   Code   RO          836    i.prvAddCurrentTaskToDelayedList  tasks.o
    0x08003150   0x00000054   Code   RO          837    i.prvCheckTasksWaitingTermination  tasks.o
    0x080031a4   0x0000004c   Code   RO         1725    i.prvHeapInit       heap_4.o
    0x080031f0   0x00000028   Code   RO          838    i.prvIdleTask       tasks.o
    0x08003218   0x0000004c   Code   RO         1726    i.prvInsertBlockIntoFreeList  heap_4.o
    0x08003264   0x00000020   Code   RO          840    i.prvResetNextTaskUnblockTime  tasks.o
    0x08003284   0x00000028   Code   RO         1116    i.prvTaskExitError  port.o
    0x080032ac   0x000000d8   Code   RO         1727    i.pvPortMalloc      heap_4.o
    0x08003384   0x00000028   Code   RO         1117    i.pxPortInitialiseStack  port.o
    0x080033ac   0x00000024   Code   RO         1689    i.uxListRemove      list.o
    0x080033d0   0x00000016   Code   RO         1690    i.vListInitialise   list.o
    0x080033e6   0x00000006   Code   RO         1691    i.vListInitialiseItem  list.o
    0x080033ec   0x00000030   Code   RO         1692    i.vListInsert       list.o
    0x0800341c   0x00000018   Code   RO         1693    i.vListInsertEnd    list.o
    0x08003434   0x00000040   Code   RO         1119    i.vPortEnterCritical  port.o
    0x08003474   0x00000028   Code   RO         1120    i.vPortExitCritical  port.o
    0x0800349c   0x0000005c   Code   RO         1728    i.vPortFree         heap_4.o
    0x080034f8   0x00000020   Code   RO         1121    i.vPortSetupTimerInterrupt  port.o
    0x08003518   0x00000068   Code   RO          850    i.vTaskDelay        tasks.o
    0x08003580   0x00000060   Code   RO          862    i.vTaskStartScheduler  tasks.o
    0x080035e0   0x00000010   Code   RO          864    i.vTaskSuspendAll   tasks.o
    0x080035f0   0x0000005c   Code   RO          865    i.vTaskSwitchContext  tasks.o
    0x0800364c   0x000000e0   Code   RO         1123    i.xPortStartScheduler  port.o
    0x0800372c   0x0000002c   Code   RO         1124    i.xPortSysTickHandler  port.o
    0x08003758   0x000001bc   Code   RO          867    i.xTaskGenericCreate  tasks.o
    0x08003914   0x0000001c   Code   RO          870    i.xTaskGetSchedulerState  tasks.o
    0x08003930   0x000000cc   Code   RO          873    i.xTaskIncrementTick  tasks.o
    0x080039fc   0x000000c4   Code   RO          879    i.xTaskResumeAll    tasks.o
    0x08003ac0   0x00000014   Data   RO          689    .constdata          sd_diskio.o
    0x08003ad4   0x00000010   Data   RO         3071    .constdata          stm32f4xx_hal_rcc.o
    0x08003ae4   0x00000008   Data   RO         3702    .constdata          stm32f4xx_hal_dma.o
    0x08003aec   0x0000003c   Data   RO         4674    .constdata          freertos.o
    0x08003b28   0x0000002c   Data   RO         4675    .conststring        freertos.o
    0x08003b54   0x00000020   Data   RO         5370    Region$$Table       anon$$obj.o


    Execution Region RW_IRAM1 (Base: 0x20000000, Size: 0x000043f0, Max: 0x00020000, ABSOLUTE)

    Base Addr    Size         Type   Attr      Idx    E Section Name        Object

    0x20000000   0x00000001   Data   RW          690    .data               sd_diskio.o
    0x20000001   0x00000003   PAD
    0x20000004   0x00000038   Data   RW          882    .data               tasks.o
    0x2000003c   0x0000000c   Data   RW         1125    .data               port.o
    0x20000048   0x00000018   Data   RW         1733    .data               heap_4.o
    0x20000060   0x00000004   Data   RW         1805    .data               system_stm32f4xx.o
    0x20000064   0x00000004   Data   RW         3279    .data               stm32f4xx_hal.o
    0x20000068   0x00000005   Data   RW         4637    .data               fatfs.o
    0x2000006d   0x00000003   PAD
    0x20000070   0x0000000c   Data   RW         4676    .data               freertos.o
    0x2000007c   0x00000008   Data   RW         4726    .data               fsmc.o
    0x20000084   0x00000004   Data   RW         4965    .data               mdkretarget.o
    0x20000088   0x0000000c   Zero   RW          638    .bss                ff_gen_drv.o
    0x20000094   0x000000f0   Zero   RW          881    .bss                tasks.o
    0x20000184   0x00003c00   Zero   RW         1732    .bss                heap_4.o
    0x20003d84   0x00000040   Zero   RW         4338    .bss                usart.o
    0x20003dc4   0x00000098   Zero   RW         4462    .bss                dcmi.o
    0x20003e5c   0x0000003c   Zero   RW         4596    .bss                i2c.o
    0x20003e98   0x00000048   Zero   RW         4725    .bss                fsmc.o
    0x20003ee0   0x00000060   Zero   RW         4812    .bss                sdio.o
    0x20003f40   0x00000058   Zero   RW         4813    .bss                sdio.o
    0x20003f98   0x00000058   Zero   RW         5025    .bss                spi.o
    0x20003ff0   0x00000400   Zero   RW         1792    STACK               startup_stm32f407xx.o


==============================================================================

Image component sizes


      Code (inc. data)   RO Data    RW Data    ZI Data      Debug   Object Name

       176         36          0          0          0       3674   bsp_driver_sd.o
       112          0          0          0          0      13256   cmsis_os.o
       276         44          0          0        152       1676   dcmi.o
         0          0          0          0          0       2016   diskio.o
        44          4          0          0          0        754   dma.o
         0          0          0          0          0       7884   event_groups.o
        28         10          0          5          0        948   fatfs.o
        70          4          0          0         12       1631   ff_gen_drv.o
       156         30        104         12          0       2998   freertos.o
       204         26          0          8         72       2175   fsmc.o
       256         28          0          0          0       1476   gpio.o
       460         24          0         24      15360       7219   heap_4.o
       124         26          0          0         60       1533   i2c.o
       136          0          0          0          0       3542   list.o
       198          8          0          0          0       1688   main.o
         6          0          0          4          0       2266   mdkretarget.o
       670         74          0         12          0       8428   port.o
       204         18         20          1          0       4256   sd_diskio.o
       132         26          0          0        184       1588   sdio.o
       152         26          0          0         88       1561   spi.o
        36          8        392          0       1024        920   startup_stm32f407xx.o
       120         10          0          4          0       3648   stm32f4xx_hal.o
       218         14          0          0          0      31037   stm32f4xx_hal_cortex.o
       236          0          0          0          0       3440   stm32f4xx_hal_dcmi.o
       172          4          0          0          0       1128   stm32f4xx_hal_dcmi_ex.o
       660         14          8          0          0       3708   stm32f4xx_hal_dma.o
       466         50          0          0          0       3128   stm32f4xx_hal_gpio.o
       256         10          0          0          0       2147   stm32f4xx_hal_i2c.o
        22          0          0          0          0        498   stm32f4xx_hal_msp.o
      1600         70         16          0          0       6143   stm32f4xx_hal_rcc.o
      3788         20          0          0          0      21295   stm32f4xx_hal_sd.o
       132          0          0          0          0       1171   stm32f4xx_hal_spi.o
        86          0          0          0          0       1212   stm32f4xx_hal_sram.o
       820         10          0          0          0       4240   stm32f4xx_hal_uart.o
        28         12          0          0          0       1378   stm32f4xx_it.o
       216         12          0          0          0       2695   stm32f4xx_ll_fsmc.o
       158          4          0          0          0       6061   stm32f4xx_ll_sdmmc.o
         0          0          0          0          0     410816   syscall.o
        84         18          0          4          0       1337   system_stm32f4xx.o
      1388        114          0         56        240      14298   tasks.o
       152         26          0          0         64       2266   usart.o

    ----------------------------------------------------------------------
     14072        780        572        136      17256     593135   Object Totals
         0          0         32          0          0          0   (incl. Generated)
        30          0          0          6          0          0   (incl. Padding)

    ----------------------------------------------------------------------

      Code (inc. data)   RO Data    RW Data    ZI Data      Debug   Library Member Name

         0          0          0          0          0          0   entry.o
         0          0          0          0          0          0   entry10a.o
         0          0          0          0          0          0   entry11a.o
         8          4          0          0          0          0   entry2.o
         4          0          0          0          0          0   entry5.o
         0          0          0          0          0          0   entry7b.o
         0          0          0          0          0          0   entry8b.o
         8          4          0          0          0          0   entry9a.o
        30          0          0          0          0          0   handlers.o
        36          8          0          0          0         68   init.o
        36          0          0          0          0         68   memcpya.o
        36          0          0          0          0        108   memseta.o
       372         14          0          0          0        184   printf1.o
        44          0          0          0          0         80   uidiv.o

    ----------------------------------------------------------------------
       576         30          0          0          0        508   Library Totals
         2          0          0          0          0          0   (incl. Padding)

    ----------------------------------------------------------------------

      Code (inc. data)   RO Data    RW Data    ZI Data      Debug   Library Name

       574         30          0          0          0        508   mc_w.l

    ----------------------------------------------------------------------
       576         30          0          0          0        508   Library Totals

    ----------------------------------------------------------------------

==============================================================================


      Code (inc. data)   RO Data    RW Data    ZI Data      Debug   

     14648        810        572        136      17256     580191   Grand Totals
     14648        810        572        136      17256     580191   ELF Image Totals
     14648        810        572        136          0          0   ROM Totals

==============================================================================

    Total RO  Size (Code + RO Data)                15220 (  14.86kB)
    Total RW  Size (RW Data + ZI Data)             17392 (  16.98kB)
    Total ROM Size (Code + RO Data + RW Data)      15356 (  15.00kB)

==============================================================================

