<html>
<body>
<pre>
<h1>µVision Build Log</h1>
<h2>Tool Versions:</h2>
IDE-Version: µVision V5.16a
Copyright (C) 2015 ARM Ltd and ARM Germany GmbH. All rights reserved.
License Information: Vergil Cola, Student, LIC=KIVNN-Y4Z2M-QIK5M-X9D80-40UQZ-AHNWM
 
Tool Versions:
Toolchain:       MDK-ARM Professional  Version: 5.16a
Middleware:      RL-ARM Real-Time Library Version V4.13
Toolchain Path:  C:\Keil_v5\ARM\ARMCC\Bin
C Compiler:      Armcc.exe V5.06 (build 20)
Assembler:       Armasm.exe V5.06 (build 20)
Linker/Locator:  ArmLink.exe V5.06 (build 20)
Library Manager: ArmAr.exe V5.06 (build 20)
Hex Converter:   FromElf.exe V5.06 (build 20)
CPU DLL:         SARMCM3.DLL V5.16a
Dialog DLL:      DCM.DLL V1.13.2.0
Target DLL:      STLink\ST-LINKIII-KEIL_SWO.dll V2.0.17.0
Dialog DLL:      TCM.DLL V1.14.5.0
 
<h2>Project:</h2>
C:\Users\Vergil\Documents\GitHub\stm32f4\EmbestNoEth\MDK-ARM\EmbestNoEth.uvprojx
Project File Date:  01/28/2016

<h2>Output:</h2>
*** Using Compiler 'V5.06 (build 20)', folder: 'C:\Keil_v5\ARM\ARMCC\Bin'
Build target 'EmbestNoEth Configuration'
compiling syscall.c...
compiling diskio.c...
compiling ff.c...
compiling event_groups.c...
compiling sd_diskio.c...
compiling ff_gen_drv.c...
compiling port.c...
compiling tasks.c...
compiling timers.c...
compiling cmsis_os.c...
compiling list.c...
compiling queue.c...
compiling croutine.c...
compiling heap_4.c...
assembling startup_stm32f407xx.s...
compiling stm32f4xx_hal_i2c_ex.c...
compiling system_stm32f4xx.c...
compiling stm32f4xx_hal_uart.c...
compiling stm32f4xx_hal_flash.c...
compiling stm32f4xx_hal_sram.c...
compiling stm32f4xx_hal_sd.c...
compiling stm32f4xx_hal_pwr_ex.c...
compiling stm32f4xx_hal_cortex.c...
compiling stm32f4xx_hal_gpio.c...
compiling stm32f4xx_hal_pwr.c...
compiling stm32f4xx_hal_dcmi.c...
compiling stm32f4xx_hal_rcc.c...
compiling stm32f4xx_ll_sdmmc.c...
compiling stm32f4xx_hal.c...
compiling stm32f4xx_hal_dma_ex.c...
compiling stm32f4xx_hal_rcc_ex.c...
compiling stm32f4xx_ll_fsmc.c...
compiling stm32f4xx_hal_flash_ex.c...
compiling stm32f4xx_hal_dcmi_ex.c...
compiling stm32f4xx_hal_dma.c...
compiling stm32f4xx_hal_i2c.c...
compiling stm32f4xx_hal_flash_ramfunc.c...
compiling stm32f4xx_hal_spi.c...
compiling usart.c...
compiling gpio.c...
compiling dma.c...
compiling dcmi.c...
compiling stm32f4xx_hal_msp.c...
compiling main.c...
compiling i2c.c...
compiling fatfs.c...
compiling fsmc.c...
compiling freertos.c...
compiling stm32f4xx_it.c...
compiling bsp_driver_sd.c...
compiling sdio.c...
compiling mdkretarget.c...
compiling rtosheap.c...
compiling spi.c...
compiling utility.c...
compiling fonts.c...
compiling shell.c...
compiling sd2119.c...
linking...
Program Size: Code=18864 RO-data=5196 RW-data=184 ZI-data=34664  
"EmbestNoEth Configuration\EmbestNoEth Configuration.axf" - 0 Error(s), 0 Warning(s).

<h2>Software Packages used:</h2>

Package Vendor: ARM
                http://www.keil.com/pack/ARM.CMSIS.4.5.0.pack
                ARM::CMSIS:CORE:4.3.0
                CMSIS (Cortex Microcontroller Software Interface Standard)
   * Component: CORE Version: 4.3.0

<h2>Collection of Component include folders:</h2>
  C:\Users\Vergil\Documents\GitHub\stm32f4\EmbestNoEth\MDK-ARM\RTE
  C:\Keil_v5\ARM\PACK\ARM\CMSIS\4.5.0\CMSIS\Include
  C:\Keil_v5\ARM\PACK\Keil\STM32F4xx_DFP\2.5.0\Drivers\CMSIS\Device\ST\STM32F4xx\Include

<h2>Collection of Component Files used:</h2>

   * Component: ARM::CMSIS:CORE:4.3.0
Build Time Elapsed:  00:00:18
</pre>
</body>
</html>
